Component: ARM Compiler 5.06 update 1 (build 61) Tool: armlink [4d35a8]

==============================================================================

Section Cross References

    freertos.o(i.MX_FREERTOS_Init) refers to tasks.o(privileged_functions) for xTaskGenericCreate
    freertos.o(i.MX_FREERTOS_Init) refers to cmsis_os.o(i.osSemaphoreCreate) for osSemaphoreCreate
    freertos.o(i.MX_FREERTOS_Init) refers to aos_cli.o(i.vRegisterCLICommands) for vRegisterCLICommands
    freertos.o(i.MX_FREERTOS_Init) refers to uart-interrupt-driven-command-console.o(i.vUARTCommandConsoleStart) for vUARTCommandConsoleStart
    freertos.o(i.MX_FREERTOS_Init) refers to freertos.o(.data) for .data
    freertos.o(i.MX_FREERTOS_Init) refers to freertos.o(i.StartDefaultTask) for StartDefaultTask
    freertos.o(i.MX_FREERTOS_Init) refers to freertos.o(i.PxTask) for PxTask
    freertos.o(i.MX_FREERTOS_Init) refers to main.o(i.FrontEndTask) for FrontEndTask
    freertos.o(i.MX_FREERTOS_Init) refers to freertos.o(.bss) for .bss
    freertos.o(i.PxTask) refers to aos_pd_usart.o(i.readPxMutex) for readPxMutex
    freertos.o(i.PxTask) refers to tasks.o(i.xTaskGenericNotify) for xTaskGenericNotify
    freertos.o(i.PxTask) refers to port.o(i.vPortYield) for vPortYield
    freertos.o(i.PxTask) refers to aos.o(.data) for portStatus
    freertos.o(i.PxTask) refers to aos_pd_usart.o(.data) for PcPort
    freertos.o(i.PxTask) refers to uart-interrupt-driven-command-console.o(.data) for xCommandConsoleTask
    freertos.o(i.StartDefaultTask) refers to cmsis_os.o(i.osDelay) for osDelay
    freertos.o(i.ulMainGetRunTimeCounterValue) refers to uidiv.o(.text) for __aeabi_uidivmod
    freertos.o(i.ulMainGetRunTimeCounterValue) refers to tasks.o(privileged_functions) for xTaskGetTickCountFromISR
    freertos.o(i.ulMainGetRunTimeCounterValue) refers to system_stm32f0xx.o(.data) for SystemCoreClock
    freertos.o(i.ulMainGetRunTimeCounterValue) refers to freertos.o(.data) for .data
    freertos.o(i.vMainConfigureTimerForRunTimeStats) refers to uidiv.o(.text) for __aeabi_uidivmod
    freertos.o(i.vMainConfigureTimerForRunTimeStats) refers to system_stm32f0xx.o(.data) for SystemCoreClock
    freertos.o(i.vMainConfigureTimerForRunTimeStats) refers to freertos.o(.data) for .data
    stm32f0xx_it.o(i.HAL_UART_RxCpltCallback) refers to aos.o(i.GetPort) for GetPort
    stm32f0xx_it.o(i.HAL_UART_RxCpltCallback) refers to queue.o(privileged_functions) for xQueueGiveFromISR
    stm32f0xx_it.o(i.HAL_UART_RxCpltCallback) refers to freertos.o(.bss) for PxSemaphoreHandle
    stm32f0xx_it.o(i.HAL_UART_RxCpltCallback) refers to aos_pd_usart.o(.data) for UartRxReady
    stm32f0xx_it.o(i.HAL_UART_TxCpltCallback) refers to aos.o(i.GetPort) for GetPort
    stm32f0xx_it.o(i.HAL_UART_TxCpltCallback) refers to queue.o(privileged_functions) for xQueueGiveFromISR
    stm32f0xx_it.o(i.HAL_UART_TxCpltCallback) refers to freertos.o(.bss) for PxSemaphoreHandle
    stm32f0xx_it.o(i.HAL_UART_TxCpltCallback) refers to aos_pd_usart.o(.data) for UartTxReady
    stm32f0xx_it.o(i.SysTick_Handler) refers to stm32f0xx_hal.o(i.HAL_IncTick) for HAL_IncTick
    stm32f0xx_it.o(i.SysTick_Handler) refers to cmsis_os.o(i.osSystickHandler) for osSystickHandler
    stm32f0xx_it.o(i.TIM2_IRQHandler) refers to stm32f0xx_hal_tim.o(i.HAL_TIM_IRQHandler) for HAL_TIM_IRQHandler
    stm32f0xx_it.o(i.TIM2_IRQHandler) refers to aos.o(.bss) for htim2
    stm32f0xx_it.o(i.USART1_IRQHandler) refers to stm32f0xx_hal_uart_ex.o(i.HAL_UART_IRQHandler) for HAL_UART_IRQHandler
    stm32f0xx_it.o(i.USART1_IRQHandler) refers to aos_pd_usart.o(.bss) for huart1
    stm32f0xx_it.o(i.USART2_IRQHandler) refers to stm32f0xx_hal_uart_ex.o(i.HAL_UART_IRQHandler) for HAL_UART_IRQHandler
    stm32f0xx_it.o(i.USART2_IRQHandler) refers to aos_pd_usart.o(.bss) for huart2
    stm32f0xx_it.o(i.USART3_8_IRQHandler) refers to stm32f0xx_hal_uart_ex.o(i.HAL_UART_IRQHandler) for HAL_UART_IRQHandler
    stm32f0xx_it.o(i.USART3_8_IRQHandler) refers to aos_pd_usart.o(.bss) for huart3
    main.o(i.FrontEndTask) refers to relay.o(i.relaySetup) for relaySetup
    main.o(i.main) refers to aos.o(i.AOS_init) for AOS_init
    main.o(i.main) refers to freertos.o(i.MX_FREERTOS_Init) for MX_FREERTOS_Init
    main.o(i.main) refers to cmsis_os.o(i.osKernelStart) for osKernelStart
    relay.o(i.relayDMASetup) refers to stm32f0xx_hal_dma.o(i.HAL_DMA_Init) for HAL_DMA_Init
    relay.o(i.relayDMASetup) refers to stm32f0xx_hal_uart.o(i.HAL_UART_Init) for HAL_UART_Init
    relay.o(i.relayDMASetup) refers to stm32f0xx_hal_cortex.o(i.HAL_NVIC_SetPriority) for HAL_NVIC_SetPriority
    relay.o(i.relayDMASetup) refers to stm32f0xx_hal_cortex.o(i.HAL_NVIC_EnableIRQ) for HAL_NVIC_EnableIRQ
    relay.o(i.relayDMASetup) refers to stm32f0xx_hal_uart.o(i.HAL_UART_Receive_DMA) for HAL_UART_Receive_DMA
    relay.o(i.relayDMASetup) refers to aos_pd_dma.o(.bss) for dma_port_mem3
[...]
    i.HAL_UART_Transmit                      0x08001a2e   Section        0  stm32f0xx_hal_uart.o(i.HAL_UART_Transmit)
    i.HAL_UART_Transmit_IT                   0x08001af2   Section        0  stm32f0xx_hal_uart.o(i.HAL_UART_Transmit_IT)
    i.HAL_UART_TxCpltCallback                0x08001b58   Section        0  stm32f0xx_it.o(i.HAL_UART_TxCpltCallback)
    i.IND_LED_Init                           0x08001b80   Section        0  aos_pd_gpio.o(i.IND_LED_Init)
    i.IR_LED_Init                            0x08001ba4   Section        0  aos_pd_gpio.o(i.IR_LED_Init)
    i.MX_DMA_Init                            0x08001bc8   Section        0  aos_pd_dma.o(i.MX_DMA_Init)
    i.MX_DMA_PORT_FE_Init                    0x08001c0c   Section        0  aos_pd_dma.o(i.MX_DMA_PORT_FE_Init)
    i.MX_DMA_PORT_MEM1_Init                  0x08001c28   Section        0  aos_pd_dma.o(i.MX_DMA_PORT_MEM1_Init)
    i.MX_DMA_PORT_MEM2_Init                  0x08001c48   Section        0  aos_pd_dma.o(i.MX_DMA_PORT_MEM2_Init)
    i.MX_DMA_PORT_MEM3_Init                  0x08001c68   Section        0  aos_pd_dma.o(i.MX_DMA_PORT_MEM3_Init)
    i.MX_DMA_PORT_MEM4_Init                  0x08001c88   Section        0  aos_pd_dma.o(i.MX_DMA_PORT_MEM4_Init)
    i.MX_DMA_PORT_MEM5_Init                  0x08001ca8   Section        0  aos_pd_dma.o(i.MX_DMA_PORT_MEM5_Init)
    i.MX_DMA_PORT_MEM6_Init                  0x08001cc8   Section        0  aos_pd_dma.o(i.MX_DMA_PORT_MEM6_Init)
    i.MX_FREERTOS_Init                       0x08001ce8   Section        0  freertos.o(i.MX_FREERTOS_Init)
    i.MX_GPIO_Init                           0x08001e64   Section        0  aos_pd_gpio.o(i.MX_GPIO_Init)
    i.MX_TIM2_Init                           0x08001ec0   Section        0  aos.o(i.MX_TIM2_Init)
    i.MX_TIM7_Init                           0x08001f0c   Section        0  aos.o(i.MX_TIM7_Init)
    i.MX_UART_Init                           0x08001f50   Section        0  aos_pd_usart.o(i.MX_UART_Init)
    i.MX_USART1_UART_Init                    0x08001f6c   Section        0  aos_pd_usart.o(i.MX_USART1_UART_Init)
    i.MX_USART2_UART_Init                    0x08001fa0   Section        0  aos_pd_usart.o(i.MX_USART2_UART_Init)
    i.MX_USART3_UART_Init                    0x08001fd4   Section        0  aos_pd_usart.o(i.MX_USART3_UART_Init)
    i.MX_USART4_UART_Init                    0x08002008   Section        0  aos_pd_usart.o(i.MX_USART4_UART_Init)
    i.MX_USART7_UART_Init                    0x0800203c   Section        0  aos_pd_usart.o(i.MX_USART7_UART_Init)
    i.MX_USART8_UART_Init                    0x08002070   Section        0  aos_pd_usart.o(i.MX_USART8_UART_Init)
    i.NVIC_SetPriority                       0x080020a4   Section        0  stm32f0xx_hal_cortex.o(i.NVIC_SetPriority)
    NVIC_SetPriority                         0x080020a5   Thumb Code    60  stm32f0xx_hal_cortex.o(i.NVIC_SetPriority)
    i.PxTask                                 0x080020e8   Section        0  freertos.o(i.PxTask)
    i.SVC_Handler                            0x0800213c   Section        0  port.o(i.SVC_Handler)
    i.StartDefaultTask                       0x0800213e   Section        0  freertos.o(i.StartDefaultTask)
    i.SysTick_Handler                        0x0800214a   Section        0  stm32f0xx_it.o(i.SysTick_Handler)
    i.SystemClock_Config                     0x08002158   Section        0  aos.o(i.SystemClock_Config)
    i.SystemInit                             0x080021c8   Section        0  system_stm32f0xx.o(i.SystemInit)
    i.TIM2_IRQHandler                        0x08002224   Section        0  stm32f0xx_it.o(i.TIM2_IRQHandler)
    i.TIM_Base_SetConfig                     0x08002234   Section        0  stm32f0xx_hal_tim.o(i.TIM_Base_SetConfig)
    i.UART_AdvFeatureConfig                  0x080022c0   Section        0  stm32f0xx_hal_uart.o(i.UART_AdvFeatureConfig)
    i.UART_CheckIdleState                    0x0800238c   Section        0  stm32f0xx_hal_uart.o(i.UART_CheckIdleState)
    i.UART_DMAError                          0x08002400   Section        0  stm32f0xx_hal_uart.o(i.UART_DMAError)
    UART_DMAError                            0x08002401   Thumb Code    34  stm32f0xx_hal_uart.o(i.UART_DMAError)
    i.UART_DMAReceiveCplt                    0x08002422   Section        0  stm32f0xx_hal_uart.o(i.UART_DMAReceiveCplt)
    UART_DMAReceiveCplt                      0x08002423   Thumb Code    56  stm32f0xx_hal_uart.o(i.UART_DMAReceiveCplt)
    i.UART_DMARxHalfCplt                     0x0800245a   Section        0  stm32f0xx_hal_uart.o(i.UART_DMARxHalfCplt)
    UART_DMARxHalfCplt                       0x0800245b   Thumb Code    10  stm32f0xx_hal_uart.o(i.UART_DMARxHalfCplt)
    i.UART_EndTransmit_IT                    0x08002464   Section        0  stm32f0xx_hal_uart.o(i.UART_EndTransmit_IT)
    i.UART_Receive_IT                        0x08002496   Section        0  stm32f0xx_hal_uart.o(i.UART_Receive_IT)
    i.UART_SetConfig                         0x08002528   Section        0  stm32f0xx_hal_uart.o(i.UART_SetConfig)
    i.UART_Transmit_IT                       0x08002718   Section        0  stm32f0xx_hal_uart.o(i.UART_Transmit_IT)
    i.UART_WaitOnFlagUntilTimeout            0x08002788   Section        0  stm32f0xx_hal_uart.o(i.UART_WaitOnFlagUntilTimeout)
    i.USART1_IRQHandler                      0x08002850   Section        0  stm32f0xx_it.o(i.USART1_IRQHandler)
    i.USART2_IRQHandler                      0x08002860   Section        0  stm32f0xx_it.o(i.USART2_IRQHandler)
    i.USART3_8_IRQHandler                    0x08002870   Section        0  stm32f0xx_it.o(i.USART3_8_IRQHandler)
    i.__0sprintf$8                           0x0800289c   Section        0  printf8.o(i.__0sprintf$8)
    i.__ARM_common_switch8                   0x080028c4   Section        0  stm32f0xx_hal_tim.o(i.__ARM_common_switch8)
    i.__aeabi_errno_addr                     0x080028e0   Section        0  errno.o(i.__aeabi_errno_addr)
    i.__scatterload_copy                     0x080028e8   Section       14  handlers.o(i.__scatterload_copy)
    i.__scatterload_null                     0x080028f6   Section        2  handlers.o(i.__scatterload_null)
    i.__scatterload_zeroinit                 0x080028f8   Section       14  handlers.o(i.__scatterload_zeroinit)
    i._printf_core                           0x08002908   Section        0  printf8.o(i._printf_core)
    _printf_core                             0x08002909   Thumb Code  1020  printf8.o(i._printf_core)
    i._printf_post_padding                   0x08002d30   Section        0  printf8.o(i._printf_post_padding)
    _printf_post_padding                     0x08002d31   Thumb Code    32  printf8.o(i._printf_post_padding)
    i._printf_pre_padding                    0x08002d50   Section        0  printf8.o(i._printf_pre_padding)
    _printf_pre_padding                      0x08002d51   Thumb Code    44  printf8.o(i._printf_pre_padding)
    i._sputc                                 0x08002d7c   Section        0  printf8.o(i._sputc)
    _sputc                                   0x08002d7d   Thumb Code    10  printf8.o(i._sputc)
    i.bootloaderUpdateCommand                0x08002d88   Section        0  aos_cli.o(i.bootloaderUpdateCommand)
    bootloaderUpdateCommand                  0x08002d89   Thumb Code    84  aos_cli.o(i.bootloaderUpdateCommand)
    i.inHandlerMode                          0x08002df8   Section        0  cmsis_os.o(i.inHandlerMode)
    inHandlerMode                            0x08002df9   Thumb Code    16  cmsis_os.o(i.inHandlerMode)
    i.main                                   0x08002e08   Section        0  main.o(i.main)
    i.osDelay                                0x08002e16   Section        0  cmsis_os.o(i.osDelay)
    i.osKernelStart                          0x08002e26   Section        0  cmsis_os.o(i.osKernelStart)
    i.osSemaphoreCreate                      0x08002e30   Section        0  cmsis_os.o(i.osSemaphoreCreate)
    i.osSemaphoreRelease                     0x08002e60   Section        0  cmsis_os.o(i.osSemaphoreRelease)
    i.osSemaphoreWait                        0x08002eac   Section        0  cmsis_os.o(i.osSemaphoreWait)
    i.osSystickHandler                       0x08002f14   Section        0  cmsis_os.o(i.osSystickHandler)
    i.pingCommand                            0x08002f24   Section        0  aos_cli.o(i.pingCommand)
    pingCommand                              0x08002f25   Thumb Code    54  aos_cli.o(i.pingCommand)
    i.prvGetNumberOfParameters               0x08002f74   Section        0  freertos_cli.o(i.prvGetNumberOfParameters)
    prvGetNumberOfParameters                 0x08002f75   Thumb Code    46  freertos_cli.o(i.prvGetNumberOfParameters)
    i.prvHeapInit                            0x08002fa4   Section        0  heap_4.o(i.prvHeapInit)
    prvHeapInit                              0x08002fa5   Thumb Code    66  heap_4.o(i.prvHeapInit)
    i.prvHelpCommand                         0x08002ff0   Section        0  freertos_cli.o(i.prvHelpCommand)
    prvHelpCommand                           0x08002ff1   Thumb Code    46  freertos_cli.o(i.prvHelpCommand)
    i.prvIdleTask                            0x08003024   Section        0  tasks.o(i.prvIdleTask)
    prvIdleTask                              0x08003025   Thumb Code    18  tasks.o(i.prvIdleTask)
    i.prvInsertBlockIntoFreeList             0x0800303c   Section        0  heap_4.o(i.prvInsertBlockIntoFreeList)
    prvInsertBlockIntoFreeList               0x0800303d   Thumb Code    78  heap_4.o(i.prvInsertBlockIntoFreeList)
    i.prvResetNextTaskUnblockTime            0x08003090   Section        0  tasks.o(i.prvResetNextTaskUnblockTime)
    prvResetNextTaskUnblockTime              0x08003091   Thumb Code    30  tasks.o(i.prvResetNextTaskUnblockTime)
    i.prvRunTimeStatsCommand                 0x080030b4   Section        0  aos_cli.o(i.prvRunTimeStatsCommand)
    prvRunTimeStatsCommand                   0x080030b5   Thumb Code    38  aos_cli.o(i.prvRunTimeStatsCommand)
    i.prvSetupTimerInterrupt                 0x080030e0   Section        0  port.o(i.prvSetupTimerInterrupt)
    prvSetupTimerInterrupt                   0x080030e1   Thumb Code    26  port.o(i.prvSetupTimerInterrupt)
    i.prvTaskExitError                       0x08003104   Section        0  port.o(i.prvTaskExitError)
    prvTaskExitError                         0x08003105   Thumb Code    16  port.o(i.prvTaskExitError)
    i.prvTaskStatsCommand                    0x08003118   Section        0  aos_cli.o(i.prvTaskStatsCommand)
    prvTaskStatsCommand                      0x08003119   Thumb Code    38  aos_cli.o(i.prvTaskStatsCommand)
    i.prvUARTCommandConsoleTask              0x08003144   Section        0  uart-interrupt-driven-command-console.o(i.prvUARTCommandConsoleTask)
    prvUARTCommandConsoleTask                0x08003145   Thumb Code   240  uart-interrupt-driven-command-console.o(i.prvUARTCommandConsoleTask)
    i.prvWriteNameToBuffer                   0x08003240   Section        0  tasks.o(i.prvWriteNameToBuffer)
    prvWriteNameToBuffer                     0x08003241   Thumb Code    36  tasks.o(i.prvWriteNameToBuffer)
    i.pvTaskIncrementMutexHeldCount          0x08003264   Section        0  tasks.o(i.pvTaskIncrementMutexHeldCount)
    i.readPxMutex                            0x0800327c   Section        0  aos_pd_usart.o(i.readPxMutex)
    i.relayDMASetup                          0x080032c0   Section        0  relay.o(i.relayDMASetup)
    i.relaySetup                             0x080033f4   Section        0  relay.o(i.relaySetup)
    i.ulMainGetRunTimeCounterValue           0x08003410   Section        0  freertos.o(i.ulMainGetRunTimeCounterValue)
    i.ulTaskNotifyTake                       0x0800345c   Section        0  tasks.o(i.ulTaskNotifyTake)
    i.uxListRemove                           0x080034dc   Section        0  list.o(i.uxListRemove)
    i.uxTaskGetSystemState                   0x08003500   Section        0  tasks.o(i.uxTaskGetSystemState)
    i.vApplicationMallocFailedHook           0x0800358c   Section        0  stm32f0xx_it.o(i.vApplicationMallocFailedHook)
    i.vApplicationStackOverflowHook          0x08003590   Section        0  stm32f0xx_it.o(i.vApplicationStackOverflowHook)
    i.vListInitialise                        0x08003594   Section        0  list.o(i.vListInitialise)
    i.vListInitialiseItem                    0x080035aa   Section        0  list.o(i.vListInitialiseItem)
    i.vListInsert                            0x080035b0   Section        0  list.o(i.vListInsert)
    i.vListInsertEnd                         0x080035e0   Section        0  list.o(i.vListInsertEnd)
    i.vMainConfigureTimerForRunTimeStats     0x080035f8   Section        0  freertos.o(i.vMainConfigureTimerForRunTimeStats)
    i.vPortEnterCritical                     0x08003618   Section        0  port.o(i.vPortEnterCritical)
    i.vPortExitCritical                      0x08003630   Section        0  port.o(i.vPortExitCritical)
    i.vPortYield                             0x0800364c   Section        0  port.o(i.vPortYield)
    i.vRegisterCLICommands                   0x08003664   Section        0  aos_cli.o(i.vRegisterCLICommands)
    i.vUARTCommandConsoleStart               0x0800368c   Section        0  uart-interrupt-driven-command-console.o(i.vUARTCommandConsoleStart)
    i.writePxITMutex                         0x080036bc   Section        0  aos_pd_usart.o(i.writePxITMutex)
    i.writePxMutex                           0x080036f0   Section        0  aos_pd_usart.o(i.writePxMutex)
    i.xPortSysTickHandler                    0x08003734   Section        0  port.o(i.xPortSysTickHandler)
    i.xTaskGenericNotify                     0x08003758   Section        0  tasks.o(i.xTaskGenericNotify)
    privileged_functions                     0x08003800   Section        0  timers.o(privileged_functions)
    prvInsertTimerInActiveList               0x08003801   Thumb Code    60  timers.o(privileged_functions)
    prvSwitchTimerLists                      0x08003891   Thumb Code    94  timers.o(privileged_functions)
    prvSampleTimeNow                         0x080038ef   Thumb Code    38  timers.o(privileged_functions)
    prvProcessReceivedCommands               0x08003915   Thumb Code   164  timers.o(privileged_functions)
    prvProcessExpiredTimer                   0x080039b9   Thumb Code    76  timers.o(privileged_functions)
    prvProcessTimerOrBlockTask               0x08003a05   Thumb Code    76  timers.o(privileged_functions)
    prvGetNextExpireTime                     0x08003a51   Thumb Code    32  timers.o(privileged_functions)
    prvTimerTask                             0x08003a71   Thumb Code    20  timers.o(privileged_functions)
    prvCheckForValidListAndQueue             0x08003a85   Thumb Code    72  timers.o(privileged_functions)
    privileged_functions                     0x08003bb0   Section        0  queue.o(privileged_functions)
    prvUnlockQueue                           0x08003c71   Thumb Code   106  queue.o(privileged_functions)
    prvIsQueueFull                           0x08003cdb   Thumb Code    30  queue.o(privileged_functions)
    prvCopyDataToQueue                       0x08003cf9   Thumb Code   118  queue.o(privileged_functions)
    prvIsQueueEmpty                          0x08003f0d   Thumb Code    28  queue.o(privileged_functions)
    prvCopyDataFromQueue                     0x08003f29   Thumb Code    36  queue.o(privileged_functions)
    privileged_functions                     0x080043bc   Section        0  port.o(privileged_functions)
    privileged_functions                     0x0800441c   Section        0  tasks.o(privileged_functions)
    prvInitialiseTaskLists                   0x0800441d   Thumb Code    78  tasks.o(privileged_functions)
    prvInitialiseTCBVariables                0x0800446b   Thumb Code    82  tasks.o(privileged_functions)
    prvAllocateTCBAndStack                   0x080044bd   Thumb Code    68  tasks.o(privileged_functions)
    prvAddCurrentTaskToDelayedList           0x080047a7   Thumb Code    50  tasks.o(privileged_functions)
    prvTaskIsTaskSuspended                   0x080049ff   Thumb Code    40  tasks.o(privileged_functions)
    prvDeleteTCB                             0x08004aeb   Thumb Code    18  tasks.o(privileged_functions)
    prvCheckTasksWaitingTermination          0x08004afd   Thumb Code    80  tasks.o(privileged_functions)
    prvTaskCheckFreeStackSpace               0x08004baf   Thumb Code    20  tasks.o(privileged_functions)
    prvListTaskWithinSingleList              0x08004bc3   Thumb Code   158  tasks.o(privileged_functions)
    privileged_functions                     0x080050a8   Section        0  heap_4.o(privileged_functions)
    .constdata                               0x080051b0   Section       16  stm32f0xx_hal_rcc.o(.constdata)
    .constdata                               0x080051c0   Section       64  aos_cli.o(.constdata)
    prvRunTimeStatsCommandDefinition         0x080051c0   Data          16  aos_cli.o(.constdata)
    prvTaskStatsCommandDefinition            0x080051d0   Data          16  aos_cli.o(.constdata)
    pingCommandDefinition                    0x080051e0   Data          16  aos_cli.o(.constdata)
    bootloaderUpdateCommandDefinition        0x080051f0   Data          16  aos_cli.o(.constdata)
    .constdata                               0x08005200   Section       20  tasks.o(.constdata)
    ucExpectedStackBytes                     0x08005200   Data          20  tasks.o(.constdata)
    .constdata                               0x08005214   Section       16  freertos_cli.o(.constdata)
    xHelpCommand                             0x08005214   Data          16  freertos_cli.o(.constdata)
    .constdata                               0x08005224   Section      129  ctype_o.o(.constdata)
    .constdata                               0x080052a8   Section        4  ctype_o.o(.constdata)
    table                                    0x080052a8   Data           4  ctype_o.o(.constdata)
    .conststring                             0x080052ac   Section      755  aos_cli.o(.conststring)
    .conststring                             0x080055a0   Section       53  freertos_cli.o(.conststring)
    .conststring                             0x080055d8   Section      168  freertos_cli.o(.conststring)
    .conststring                             0x08005680   Section      741  uart-interrupt-driven-command-console.o(.conststring)
    .data                                    0x20000000   Section       36  freertos.o(.data)
    ulClocksPer10thOfAMilliSecond            0x20000000   Data           4  freertos.o(.data)
    .data                                    0x20000024   Section       20  system_stm32f0xx.o(.data)
    .data                                    0x20000038   Section        4  stm32f0xx_hal.o(.data)
    uwTick                                   0x20000038   Data           4  stm32f0xx_hal.o(.data)
    .data                                    0x2000003c   Section        2  aos.o(.data)
    .data                                    0x2000003e   Section        7  aos.o(.data)
    .data                                    0x20000045   Section        1  aos_pd_usart.o(.data)
    .data                                    0x20000046   Section        1  aos_pd_usart.o(.data)
    .data                                    0x20000047   Section        1  aos_pd_usart.o(.data)
    .data                                    0x20000048   Section        8  aos_cli.o(.data)
    pcBootloaderUpdateMessage                0x20000048   Data           4  aos_cli.o(.data)
    pcMessage                                0x2000004c   Data           4  aos_cli.o(.data)
    .data                                    0x20000050   Section        4  port.o(.data)
    uxCriticalNesting                        0x20000050   Data           4  port.o(.data)
    .data                                    0x20000054   Section       24  heap_4.o(.data)
    pxEnd                                    0x20000054   Data           4  heap_4.o(.data)
    xFreeBytesRemaining                      0x20000058   Data           4  heap_4.o(.data)
    xMinimumEverFreeBytesRemaining           0x2000005c   Data           4  heap_4.o(.data)
    xBlockAllocatedBit                       0x20000060   Data           4  heap_4.o(.data)
    xStart                                   0x20000064   Data           8  heap_4.o(.data)
    .data                                    0x2000006c   Section       20  freertos_cli.o(.data)
    pxLastCommandInList                      0x2000006c   Data           4  freertos_cli.o(.data)
    pxCommand                                0x20000070   Data           4  freertos_cli.o(.data)
    pxCommand                                0x20000074   Data           4  freertos_cli.o(.data)
    xRegisteredCommands                      0x20000078   Data           8  freertos_cli.o(.data)
    .data                                    0x20000080   Section       16  uart-interrupt-driven-command-console.o(.data)
    pcWelcomeMessage                         0x20000084   Data           4  uart-interrupt-driven-command-console.o(.data)
    pcNewLine                                0x20000088   Data           4  uart-interrupt-driven-command-console.o(.data)
    pcEndOfCommandOutputString               0x2000008c   Data           4  uart-interrupt-driven-command-console.o(.data)
    .data                                    0x20000090   Section        4  rand.o(.data)
    _rand_state                              0x20000090   Data           4  rand.o(.data)
    .data                                    0x20000094   Section        4  errno.o(.data)
    _errno                                   0x20000094   Data           4  errno.o(.data)
    privileged_data                          0x20000098   Section       56  timers.o(privileged_data)
    xTimerQueue                              0x20000098   Data           4  timers.o(privileged_data)
    xLastTime                                0x2000009c   Data           4  timers.o(privileged_data)
    pxCurrentTimerList                       0x200000a0   Data           4  timers.o(privileged_data)
    pxOverflowTimerList                      0x200000a4   Data           4  timers.o(privileged_data)
    xActiveTimerList1                        0x200000a8   Data          20  timers.o(privileged_data)
    xActiveTimerList2                        0x200000bc   Data          20  timers.o(privileged_data)
    privileged_data                          0x200000d0   Section      304  tasks.o(privileged_data)
    uxTasksDeleted                           0x200000d4   Data           4  tasks.o(privileged_data)
    uxCurrentNumberOfTasks                   0x200000d8   Data           4  tasks.o(privileged_data)
    xTickCount                               0x200000dc   Data           4  tasks.o(privileged_data)
    uxTopReadyPriority                       0x200000e0   Data           4  tasks.o(privileged_data)
    xSchedulerRunning                        0x200000e4   Data           4  tasks.o(privileged_data)
    uxPendedTicks                            0x200000e8   Data           4  tasks.o(privileged_data)
    xYieldPending                            0x200000ec   Data           4  tasks.o(privileged_data)
    xNumOfOverflows                          0x200000f0   Data           4  tasks.o(privileged_data)
    uxTaskNumber                             0x200000f4   Data           4  tasks.o(privileged_data)
    xNextTaskUnblockTime                     0x200000f8   Data           4  tasks.o(privileged_data)
    uxSchedulerSuspended                     0x200000fc   Data           4  tasks.o(privileged_data)
    ulTaskSwitchedInTime                     0x20000100   Data           4  tasks.o(privileged_data)
    ulTotalRunTime                           0x20000104   Data           4  tasks.o(privileged_data)
    pxDelayedTaskList                        0x20000108   Data           4  tasks.o(privileged_data)
    pxOverflowDelayedTaskList                0x2000010c   Data           4  tasks.o(privileged_data)
    pxReadyTasksLists                        0x20000110   Data         140  tasks.o(privileged_data)
    xDelayedTaskList1                        0x2000019c   Data          20  tasks.o(privileged_data)
    xDelayedTaskList2                        0x200001b0   Data          20  tasks.o(privileged_data)
    xPendingReadyList                        0x200001c4   Data          20  tasks.o(privileged_data)
    xTasksWaitingTermination                 0x200001d8   Data          20  tasks.o(privileged_data)
    xSuspendedTaskList                       0x200001ec   Data          20  tasks.o(privileged_data)
    .bss                                     0x20000200   Section       28  freertos.o(.bss)
    .bss                                     0x2000021c   Section      120  aos.o(.bss)
    .bss                                     0x20000294   Section      672  aos_pd_usart.o(.bss)
    .bss                                     0x20000534   Section       20  aos_pd_gpio.o(.bss)
    .bss                                     0x20000548   Section      812  aos_pd_dma.o(.bss)
    .bss                                     0x20000874   Section       64  queue.o(.bss)
    .bss                                     0x200008b4   Section    12288  heap_4.o(.bss)
    ucHeap                                   0x200008b4   Data       12288  heap_4.o(.bss)
    .bss                                     0x200038b4   Section     1024  freertos_cli.o(.bss)
    cOutputBuffer                            0x200038b4   Data        1024  freertos_cli.o(.bss)
    .bss                                     0x20003cb4   Section      100  uart-interrupt-driven-command-console.o(.bss)
    cInputString                             0x20003cb4   Data          50  uart-interrupt-driven-command-console.o(.bss)
    cLastInputString                         0x20003ce6   Data          50  uart-interrupt-driven-command-console.o(.bss)
    STACK                                    0x20003d18   Section    12288  startup_stm32f091xc.o(STACK)

    Global Symbols

    Symbol Name                              Value     Ov Type        Size  Object(Section)

    BuildAttributes$$THM_ISAv3M$S$PE$A:L22$X:L11$S22$IEEE1$IW$USESV6$~STKCKD$USESV7$~SHL$OTIME$ROPI$IEEEJ$EBA8$MICROLIB$REQ8$PRES8$EABIv2 0x00000000   Number         0  anon$$obj.o ABSOLUTE
    __ARM_use_no_argv                        0x00000000   Number         0  main.o ABSOLUTE
    _printf_a                                0x00000000   Number         0  stubs.o ABSOLUTE
    _printf_c                                0x00000000   Number         0  stubs.o ABSOLUTE
    _printf_charcount                        0x00000000   Number         0  stubs.o ABSOLUTE
    _printf_d                                0x00000000   Number         0  stubs.o ABSOLUTE
    _printf_e                                0x00000000   Number         0  stubs.o ABSOLUTE
    _printf_f                                0x00000000   Number         0  stubs.o ABSOLUTE
    _printf_flags                            0x00000000   Number         0  stubs.o ABSOLUTE
    _printf_fp_dec                           0x00000000   Number         0  stubs.o ABSOLUTE
    _printf_fp_hex                           0x00000000   Number         0  stubs.o ABSOLUTE
    _printf_g                                0x00000000   Number         0  stubs.o ABSOLUTE
    _printf_i                                0x00000000   Number         0  stubs.o ABSOLUTE
    _printf_int_dec                          0x00000000   Number         0  stubs.o ABSOLUTE
    _printf_l                                0x00000000   Number         0  stubs.o ABSOLUTE
    _printf_lc                               0x00000000   Number         0  stubs.o ABSOLUTE
    _printf_ll                               0x00000000   Number         0  stubs.o ABSOLUTE
    _printf_lld                              0x00000000   Number         0  stubs.o ABSOLUTE
    _printf_lli                              0x00000000   Number         0  stubs.o ABSOLUTE
    _printf_llo                              0x00000000   Number         0  stubs.o ABSOLUTE
    _printf_llu                              0x00000000   Number         0  stubs.o ABSOLUTE
    _printf_llx                              0x00000000   Number         0  stubs.o ABSOLUTE
    _printf_longlong_dec                     0x00000000   Number         0  stubs.o ABSOLUTE
    _printf_longlong_hex                     0x00000000   Number         0  stubs.o ABSOLUTE
    _printf_longlong_oct                     0x00000000   Number         0  stubs.o ABSOLUTE
    _printf_ls                               0x00000000   Number         0  stubs.o ABSOLUTE
    _printf_mbtowc                           0x00000000   Number         0  stubs.o ABSOLUTE
    _printf_n                                0x00000000   Number         0  stubs.o ABSOLUTE
    _printf_o                                0x00000000   Number         0  stubs.o ABSOLUTE
    _printf_p                                0x00000000   Number         0  stubs.o ABSOLUTE
    _printf_percent                          0x00000000   Number         0  stubs.o ABSOLUTE
    _printf_pre_padding                      0x00000000   Number         0  stubs.o ABSOLUTE
    _printf_return_value                     0x00000000   Number         0  stubs.o ABSOLUTE
    _printf_s                                0x00000000   Number         0  stubs.o ABSOLUTE
    _printf_sizespec                         0x00000000   Number         0  stubs.o ABSOLUTE
    _printf_str                              0x00000000   Number         0  stubs.o ABSOLUTE
    _printf_truncate_signed                  0x00000000   Number         0  stubs.o ABSOLUTE
    _printf_truncate_unsigned                0x00000000   Number         0  stubs.o ABSOLUTE
    _printf_u                                0x00000000   Number         0  stubs.o ABSOLUTE
    _printf_wc                               0x00000000   Number         0  stubs.o ABSOLUTE
    _printf_wctomb                           0x00000000   Number         0  stubs.o ABSOLUTE
    _printf_widthprec                        0x00000000   Number         0  stubs.o ABSOLUTE
    _printf_x                                0x00000000   Number         0  stubs.o ABSOLUTE
    __cpp_initialize__aeabi_                  - Undefined Weak Reference
    __cxa_finalize                            - Undefined Weak Reference
    _clock_init                               - Undefined Weak Reference
    _microlib_exit                            - Undefined Weak Reference
    __Vectors_Size                           0x000000bc   Number         0  startup_stm32f091xc.o ABSOLUTE
    __Vectors                                0x08000000   Data           4  startup_stm32f091xc.o(RESET)
    __Vectors_End                            0x080000bc   Data           0  startup_stm32f091xc.o(RESET)
    __main                                   0x080000bd   Thumb Code     0  entry.o(.ARM.Collect$$$$00000000)
    _main_stk                                0x080000bd   Thumb Code     0  entry2.o(.ARM.Collect$$$$00000001)
    _main_scatterload                        0x080000c1   Thumb Code     0  entry5.o(.ARM.Collect$$$$00000004)
    __main_after_scatterload                 0x080000c5   Thumb Code     0  entry5.o(.ARM.Collect$$$$00000004)
    _main_clock                              0x080000c5   Thumb Code     0  entry7b.o(.ARM.Collect$$$$00000008)
    _main_cpp_init                           0x080000c5   Thumb Code     0  entry8b.o(.ARM.Collect$$$$0000000A)
    _main_init                               0x080000c5   Thumb Code     0  entry9a.o(.ARM.Collect$$$$0000000B)
    __rt_final_cpp                           0x080000cd   Thumb Code     0  entry10a.o(.ARM.Collect$$$$0000000D)
    __rt_final_exit                          0x080000cd   Thumb Code     0  entry11a.o(.ARM.Collect$$$$0000000F)
    __asm___6_port_c_39a90d8d__prvPortStartFirstTask 0x080000d1   Thumb Code    28  port.o(.emb_text)
    ulSetInterruptMaskFromISR                0x080000f1   Thumb Code     8  port.o(.emb_text)
    vClearInterruptMaskFromISR               0x080000f9   Thumb Code     6  port.o(.emb_text)
    PendSV_Handler                           0x080000ff   Thumb Code    62  port.o(.emb_text)
    Reset_Handler                            0x08000141   Thumb Code    20  startup_stm32f091xc.o(.text)
    Reboot_Loader                            0x08000155   Thumb Code    22  startup_stm32f091xc.o(.text)
    NMI_Handler                              0x0800016b   Thumb Code     2  startup_stm32f091xc.o(.text)
    HardFault_Handler                        0x0800016d   Thumb Code     2  startup_stm32f091xc.o(.text)
    ADC1_COMP_IRQHandler                     0x08000175   Thumb Code     0  startup_stm32f091xc.o(.text)
    CEC_CAN_IRQHandler                       0x08000175   Thumb Code     0  startup_stm32f091xc.o(.text)
    DMA1_Ch1_IRQHandler                      0x08000175   Thumb Code     0  startup_stm32f091xc.o(.text)
    DMA1_Ch2_3_DMA2_Ch1_2_IRQHandler         0x08000175   Thumb Code     0  startup_stm32f091xc.o(.text)
    DMA1_Ch4_7_DMA2_Ch3_5_IRQHandler         0x08000175   Thumb Code     0  startup_stm32f091xc.o(.text)
    EXTI0_1_IRQHandler                       0x08000175   Thumb Code     0  startup_stm32f091xc.o(.text)
    EXTI2_3_IRQHandler                       0x08000175   Thumb Code     0  startup_stm32f091xc.o(.text)
    EXTI4_15_IRQHandler                      0x08000175   Thumb Code     0  startup_stm32f091xc.o(.text)
    FLASH_IRQHandler                         0x08000175   Thumb Code     0  startup_stm32f091xc.o(.text)
    I2C1_IRQHandler                          0x08000175   Thumb Code     0  startup_stm32f091xc.o(.text)
    I2C2_IRQHandler                          0x08000175   Thumb Code     0  startup_stm32f091xc.o(.text)
    PVD_VDDIO2_IRQHandler                    0x08000175   Thumb Code     0  startup_stm32f091xc.o(.text)
    RCC_CRS_IRQHandler                       0x08000175   Thumb Code     0  startup_stm32f091xc.o(.text)
    RTC_IRQHandler                           0x08000175   Thumb Code     0  startup_stm32f091xc.o(.text)
    SPI1_IRQHandler                          0x08000175   Thumb Code     0  startup_stm32f091xc.o(.text)
    SPI2_IRQHandler                          0x08000175   Thumb Code     0  startup_stm32f091xc.o(.text)
    TIM14_IRQHandler                         0x08000175   Thumb Code     0  startup_stm32f091xc.o(.text)
    TIM15_IRQHandler                         0x08000175   Thumb Code     0  startup_stm32f091xc.o(.text)
    TIM16_IRQHandler                         0x08000175   Thumb Code     0  startup_stm32f091xc.o(.text)
    TIM17_IRQHandler                         0x08000175   Thumb Code     0  startup_stm32f091xc.o(.text)
    TIM1_BRK_UP_TRG_COM_IRQHandler           0x08000175   Thumb Code     0  startup_stm32f091xc.o(.text)
    TIM1_CC_IRQHandler                       0x08000175   Thumb Code     0  startup_stm32f091xc.o(.text)
    TIM3_IRQHandler                          0x08000175   Thumb Code     0  startup_stm32f091xc.o(.text)
    TIM6_DAC_IRQHandler                      0x08000175   Thumb Code     0  startup_stm32f091xc.o(.text)
    TIM7_IRQHandler                          0x08000175   Thumb Code     0  startup_stm32f091xc.o(.text)
    TSC_IRQHandler                           0x08000175   Thumb Code     0  startup_stm32f091xc.o(.text)
    WWDG_IRQHandler                          0x08000175   Thumb Code     0  startup_stm32f091xc.o(.text)
    __aeabi_uidiv                            0x08000199   Thumb Code     0  uidiv.o(.text)
    __aeabi_uidivmod                         0x08000199   Thumb Code    44  uidiv.o(.text)
    __aeabi_llsr                             0x080001c5   Thumb Code    34  llushr.o(.text)
    _ll_ushift_r                             0x080001c5   Thumb Code     0  llushr.o(.text)
    rand                                     0x080001e9   Thumb Code    18  rand.o(.text)
    srand                                    0x080001fb   Thumb Code     6  rand.o(.text)
    __aeabi_memcpy                           0x0800020d   Thumb Code    36  memcpya.o(.text)
    __aeabi_memcpy4                          0x0800020d   Thumb Code     0  memcpya.o(.text)
    __aeabi_memcpy8                          0x0800020d   Thumb Code     0  memcpya.o(.text)
    __aeabi_memset                           0x08000231   Thumb Code    14  memseta.o(.text)
    __aeabi_memset4                          0x08000231   Thumb Code     0  memseta.o(.text)
    __aeabi_memset8                          0x08000231   Thumb Code     0  memseta.o(.text)
    __aeabi_memclr                           0x0800023f   Thumb Code     4  memseta.o(.text)
    __aeabi_memclr4                          0x0800023f   Thumb Code     0  memseta.o(.text)
    __aeabi_memclr8                          0x0800023f   Thumb Code     0  memseta.o(.text)
    _memset$wrapper                          0x08000243   Thumb Code    18  memseta.o(.text)
    strcat                                   0x08000255   Thumb Code    24  strcat.o(.text)
    strncpy                                  0x0800026d   Thumb Code    26  strncpy.o(.text)
    strlen                                   0x08000287   Thumb Code    14  strlen.o(.text)
    memcmp                                   0x08000295   Thumb Code    26  memcmp.o(.text)
    strcpy                                   0x080002af   Thumb Code    18  strcpy.o(.text)
    strncmp                                  0x080002c1   Thumb Code    30  strncmp.o(.text)
    atoi                                     0x080002df   Thumb Code    26  atoi.o(.text)
    __aeabi_uldivmod                         0x080002f9   Thumb Code    96  uldiv.o(.text)
    strtol                                   0x08000359   Thumb Code   108  strtol.o(.text)
    __scatterload                            0x080003c9   Thumb Code    28  init.o(.text)
    __scatterload_rt2                        0x080003c9   Thumb Code     0  init.o(.text)
    __aeabi_llsl                             0x080003ed   Thumb Code    32  llshl.o(.text)
    _ll_shift_l                              0x080003ed   Thumb Code     0  llshl.o(.text)
    __rt_ctype_table                         0x0800040d   Thumb Code     4  ctype_o.o(.text)
    _strtoul                                 0x08000415   Thumb Code   166  _strtoul.o(.text)
    _chval                                   0x080004bb   Thumb Code    30  _chval.o(.text)
    __decompress                             0x080004d9   Thumb Code     0  __dczerorl.o(.text)
    __decompress0                            0x080004d9   Thumb Code    58  __dczerorl.o(.text)
    AOS_init                                 0x08000515   Thumb Code   138  aos.o(i.AOS_init)
    FreeRTOS_CLIGetOutputBuffer              0x080005cd   Thumb Code     4  freertos_cli.o(i.FreeRTOS_CLIGetOutputBuffer)
    FreeRTOS_CLIProcessCommand               0x080005d5   Thumb Code   174  freertos_cli.o(i.FreeRTOS_CLIProcessCommand)
    FreeRTOS_CLIRegisterCommand              0x08000691   Thumb Code    54  freertos_cli.o(i.FreeRTOS_CLIRegisterCommand)
    FrontEndTask                             0x080006cd   Thumb Code     8  main.o(i.FrontEndTask)
    GetPort                                  0x080006d5   Thumb Code    66  aos.o(i.GetPort)
    GetUart                                  0x08000731   Thumb Code    46  aos.o(i.GetUart)
    HAL_DMA_Init                             0x08000779   Thumb Code    78  stm32f0xx_hal_dma.o(i.HAL_DMA_Init)
    HAL_DMA_Start_IT                         0x080007cd   Thumb Code    80  stm32f0xx_hal_dma.o(i.HAL_DMA_Start_IT)
    HAL_Delay                                0x0800081d   Thumb Code    22  stm32f0xx_hal.o(i.HAL_Delay)
    HAL_GPIO_Init                            0x08000835   Thumb Code   314  stm32f0xx_hal_gpio.o(i.HAL_GPIO_Init)
    HAL_GPIO_WritePin                        0x0800098d   Thumb Code    12  stm32f0xx_hal_gpio.o(i.HAL_GPIO_WritePin)
    HAL_GetTick                              0x08000999   Thumb Code     6  stm32f0xx_hal.o(i.HAL_GetTick)
    HAL_IncTick                              0x080009a5   Thumb Code    10  stm32f0xx_hal.o(i.HAL_IncTick)
    HAL_Init                                 0x080009b5   Thumb Code    26  stm32f0xx_hal.o(i.HAL_Init)
    HAL_InitTick                             0x080009d5   Thumb Code    34  stm32f0xx_hal.o(i.HAL_InitTick)
    HAL_MspInit                              0x080009f7   Thumb Code     2  stm32f0xx_hal.o(i.HAL_MspInit)
    HAL_NVIC_EnableIRQ                       0x080009f9   Thumb Code    14  stm32f0xx_hal_cortex.o(i.HAL_NVIC_EnableIRQ)
    HAL_NVIC_SetPriority                     0x08000a0d   Thumb Code     8  stm32f0xx_hal_cortex.o(i.HAL_NVIC_SetPriority)
    HAL_RCCEx_PeriphCLKConfig                0x08000a15   Thumb Code   248  stm32f0xx_hal_rcc_ex.o(i.HAL_RCCEx_PeriphCLKConfig)
    HAL_RCC_ClockConfig                      0x08000b19   Thumb Code   546  stm32f0xx_hal_rcc.o(i.HAL_RCC_ClockConfig)
    HAL_RCC_GetHCLKFreq                      0x08000d49   Thumb Code    26  stm32f0xx_hal_rcc.o(i.HAL_RCC_GetHCLKFreq)
    HAL_RCC_GetPCLK1Freq                     0x08000d71   Thumb Code    22  stm32f0xx_hal_rcc.o(i.HAL_RCC_GetPCLK1Freq)
    HAL_RCC_GetSysClockFreq                  0x08000d91   Thumb Code   120  stm32f0xx_hal_rcc.o(i.HAL_RCC_GetSysClockFreq)
    HAL_RCC_OscConfig                        0x08000e35   Thumb Code  1206  stm32f0xx_hal_rcc.o(i.HAL_RCC_OscConfig)
    HAL_SYSTICK_Config                       0x080012ed   Thumb Code    38  stm32f0xx_hal_cortex.o(i.HAL_SYSTICK_Config)
    HAL_TIMEx_BreakCallback                  0x0800131d   Thumb Code     2  stm32f0xx_hal_tim_ex.o(i.HAL_TIMEx_BreakCallback)
    HAL_TIMEx_CommutationCallback            0x0800131f   Thumb Code     2  stm32f0xx_hal_tim_ex.o(i.HAL_TIMEx_CommutationCallback)
    HAL_TIMEx_MasterConfigSynchronization    0x08001321   Thumb Code    72  stm32f0xx_hal_tim_ex.o(i.HAL_TIMEx_MasterConfigSynchronization)
    HAL_TIM_Base_Init                        0x08001369   Thumb Code    54  stm32f0xx_hal_tim.o(i.HAL_TIM_Base_Init)
    HAL_TIM_Base_MspInit                     0x0800139f   Thumb Code     2  stm32f0xx_hal_tim.o(i.HAL_TIM_Base_MspInit)
    HAL_TIM_IC_CaptureCallback               0x080013a1   Thumb Code     2  stm32f0xx_hal_tim.o(i.HAL_TIM_IC_CaptureCallback)
    HAL_TIM_IRQHandler                       0x080013a3   Thumb Code   362  stm32f0xx_hal_tim.o(i.HAL_TIM_IRQHandler)
    HAL_TIM_OC_DelayElapsedCallback          0x0800150d   Thumb Code     2  stm32f0xx_hal_tim.o(i.HAL_TIM_OC_DelayElapsedCallback)
    HAL_TIM_PWM_PulseFinishedCallback        0x0800150f   Thumb Code     2  stm32f0xx_hal_tim.o(i.HAL_TIM_PWM_PulseFinishedCallback)
    HAL_TIM_PeriodElapsedCallback            0x08001511   Thumb Code     2  stm32f0xx_hal_tim.o(i.HAL_TIM_PeriodElapsedCallback)
    HAL_TIM_TriggerCallback                  0x08001513   Thumb Code     2  stm32f0xx_hal_tim.o(i.HAL_TIM_TriggerCallback)
    HAL_UARTEx_WakeupCallback                0x08001515   Thumb Code     2  stm32f0xx_hal_uart_ex.o(i.HAL_UARTEx_WakeupCallback)
    HAL_UART_ErrorCallback                   0x08001517   Thumb Code     2  stm32f0xx_hal_uart.o(i.HAL_UART_ErrorCallback)
    HAL_UART_IRQHandler                      0x08001519   Thumb Code   228  stm32f0xx_hal_uart_ex.o(i.HAL_UART_IRQHandler)
    HAL_UART_Init                            0x080015fd   Thumb Code   114  stm32f0xx_hal_uart.o(i.HAL_UART_Init)
    HAL_UART_MspInit                         0x08001671   Thumb Code   474  aos_pd_usart.o(i.HAL_UART_MspInit)
    HAL_UART_Receive                         0x08001879   Thumb Code   254  stm32f0xx_hal_uart.o(i.HAL_UART_Receive)
    HAL_UART_Receive_DMA                     0x0800197d   Thumb Code   124  stm32f0xx_hal_uart.o(i.HAL_UART_Receive_DMA)
    HAL_UART_RxCpltCallback                  0x08001a05   Thumb Code    30  stm32f0xx_it.o(i.HAL_UART_RxCpltCallback)
    HAL_UART_RxHalfCpltCallback              0x08001a2d   Thumb Code     2  stm32f0xx_hal_uart.o(i.HAL_UART_RxHalfCpltCallback)
    HAL_UART_Transmit                        0x08001a2f   Thumb Code   196  stm32f0xx_hal_uart.o(i.HAL_UART_Transmit)
    HAL_UART_Transmit_IT                     0x08001af3   Thumb Code   102  stm32f0xx_hal_uart.o(i.HAL_UART_Transmit_IT)
    HAL_UART_TxCpltCallback                  0x08001b59   Thumb Code    30  stm32f0xx_it.o(i.HAL_UART_TxCpltCallback)
    IND_LED_Init                             0x08001b81   Thumb Code    34  aos_pd_gpio.o(i.IND_LED_Init)
    IR_LED_Init                              0x08001ba5   Thumb Code    28  aos_pd_gpio.o(i.IR_LED_Init)
    MX_DMA_Init                              0x08001bc9   Thumb Code    62  aos_pd_dma.o(i.MX_DMA_Init)
    MX_DMA_PORT_FE_Init                      0x08001c0d   Thumb Code    24  aos_pd_dma.o(i.MX_DMA_PORT_FE_Init)
    MX_DMA_PORT_MEM1_Init                    0x08001c29   Thumb Code    26  aos_pd_dma.o(i.MX_DMA_PORT_MEM1_Init)
    MX_DMA_PORT_MEM2_Init                    0x08001c49   Thumb Code    26  aos_pd_dma.o(i.MX_DMA_PORT_MEM2_Init)
    MX_DMA_PORT_MEM3_Init                    0x08001c69   Thumb Code    26  aos_pd_dma.o(i.MX_DMA_PORT_MEM3_Init)
    MX_DMA_PORT_MEM4_Init                    0x08001c89   Thumb Code    26  aos_pd_dma.o(i.MX_DMA_PORT_MEM4_Init)
    MX_DMA_PORT_MEM5_Init                    0x08001ca9   Thumb Code    26  aos_pd_dma.o(i.MX_DMA_PORT_MEM5_Init)
    MX_DMA_PORT_MEM6_Init                    0x08001cc9   Thumb Code    26  aos_pd_dma.o(i.MX_DMA_PORT_MEM6_Init)
    MX_FREERTOS_Init                         0x08001ce9   Thumb Code   284  freertos.o(i.MX_FREERTOS_Init)
    MX_GPIO_Init                             0x08001e65   Thumb Code    86  aos_pd_gpio.o(i.MX_GPIO_Init)
    MX_TIM2_Init                             0x08001ec1   Thumb Code    68  aos.o(i.MX_TIM2_Init)
    MX_TIM7_Init                             0x08001f0d   Thumb Code    56  aos.o(i.MX_TIM7_Init)
    MX_UART_Init                             0x08001f51   Thumb Code    28  aos_pd_usart.o(i.MX_UART_Init)
    MX_USART1_UART_Init                      0x08001f6d   Thumb Code    38  aos_pd_usart.o(i.MX_USART1_UART_Init)
    MX_USART2_UART_Init                      0x08001fa1   Thumb Code    38  aos_pd_usart.o(i.MX_USART2_UART_Init)
    MX_USART3_UART_Init                      0x08001fd5   Thumb Code    38  aos_pd_usart.o(i.MX_USART3_UART_Init)
    MX_USART4_UART_Init                      0x08002009   Thumb Code    38  aos_pd_usart.o(i.MX_USART4_UART_Init)
    MX_USART7_UART_Init                      0x0800203d   Thumb Code    38  aos_pd_usart.o(i.MX_USART7_UART_Init)
    MX_USART8_UART_Init                      0x08002071   Thumb Code    38  aos_pd_usart.o(i.MX_USART8_UART_Init)
    PxTask                                   0x080020e9   Thumb Code    70  freertos.o(i.PxTask)
    SVC_Handler                              0x0800213d   Thumb Code     2  port.o(i.SVC_Handler)
    StartDefaultTask                         0x0800213f   Thumb Code    12  freertos.o(i.StartDefaultTask)
    SysTick_Handler                          0x0800214b   Thumb Code    12  stm32f0xx_it.o(i.SysTick_Handler)
    SystemClock_Config                       0x08002159   Thumb Code   102  aos.o(i.SystemClock_Config)
    SystemInit                               0x080021c9   Thumb Code    76  system_stm32f0xx.o(i.SystemInit)
    TIM2_IRQHandler                          0x08002225   Thumb Code    10  stm32f0xx_it.o(i.TIM2_IRQHandler)
    TIM_Base_SetConfig                       0x08002235   Thumb Code   116  stm32f0xx_hal_tim.o(i.TIM_Base_SetConfig)
    UART_AdvFeatureConfig                    0x080022c1   Thumb Code   202  stm32f0xx_hal_uart.o(i.UART_AdvFeatureConfig)
    UART_CheckIdleState                      0x0800238d   Thumb Code   100  stm32f0xx_hal_uart.o(i.UART_CheckIdleState)
    UART_EndTransmit_IT                      0x08002465   Thumb Code    50  stm32f0xx_hal_uart.o(i.UART_EndTransmit_IT)
    UART_Receive_IT                          0x08002497   Thumb Code   146  stm32f0xx_hal_uart.o(i.UART_Receive_IT)
    UART_SetConfig                           0x08002529   Thumb Code   446  stm32f0xx_hal_uart.o(i.UART_SetConfig)
    UART_Transmit_IT                         0x08002719   Thumb Code   112  stm32f0xx_hal_uart.o(i.UART_Transmit_IT)
    UART_WaitOnFlagUntilTimeout              0x08002789   Thumb Code   198  stm32f0xx_hal_uart.o(i.UART_WaitOnFlagUntilTimeout)
    USART1_IRQHandler                        0x08002851   Thumb Code    10  stm32f0xx_it.o(i.USART1_IRQHandler)
    USART2_IRQHandler                        0x08002861   Thumb Code    10  stm32f0xx_it.o(i.USART2_IRQHandler)
    USART3_8_IRQHandler                      0x08002871   Thumb Code    28  stm32f0xx_it.o(i.USART3_8_IRQHandler)
    __0sprintf$8                             0x0800289d   Thumb Code    36  printf8.o(i.__0sprintf$8)
    __1sprintf$8                             0x0800289d   Thumb Code     0  printf8.o(i.__0sprintf$8)
    __2sprintf                               0x0800289d   Thumb Code     0  printf8.o(i.__0sprintf$8)
    __ARM_common_switch8                     0x080028c5   Thumb Code    26  stm32f0xx_hal_tim.o(i.__ARM_common_switch8)
    __aeabi_errno_addr                       0x080028e1   Thumb Code     4  errno.o(i.__aeabi_errno_addr)
    __rt_errno_addr                          0x080028e1   Thumb Code     0  errno.o(i.__aeabi_errno_addr)
    __scatterload_copy                       0x080028e9   Thumb Code    14  handlers.o(i.__scatterload_copy)
    __scatterload_null                       0x080028f7   Thumb Code     2  handlers.o(i.__scatterload_null)
    __scatterload_zeroinit                   0x080028f9   Thumb Code    14  handlers.o(i.__scatterload_zeroinit)
    main                                     0x08002e09   Thumb Code    14  main.o(i.main)
    osDelay                                  0x08002e17   Thumb Code    16  cmsis_os.o(i.osDelay)
    osKernelStart                            0x08002e27   Thumb Code    10  cmsis_os.o(i.osKernelStart)
    osSemaphoreCreate                        0x08002e31   Thumb Code    48  cmsis_os.o(i.osSemaphoreCreate)
    osSemaphoreRelease                       0x08002e61   Thumb Code    72  cmsis_os.o(i.osSemaphoreRelease)
    osSemaphoreWait                          0x08002ead   Thumb Code   100  cmsis_os.o(i.osSemaphoreWait)
    osSystickHandler                         0x08002f15   Thumb Code    16  cmsis_os.o(i.osSystickHandler)
    pvTaskIncrementMutexHeldCount            0x08003265   Thumb Code    20  tasks.o(i.pvTaskIncrementMutexHeldCount)
    readPxMutex                              0x0800327d   Thumb Code    64  aos_pd_usart.o(i.readPxMutex)
    relayDMASetup                            0x080032c1   Thumb Code   266  relay.o(i.relayDMASetup)
    relaySetup                               0x080033f5   Thumb Code    24  relay.o(i.relaySetup)
    ulMainGetRunTimeCounterValue             0x08003411   Thumb Code    60  freertos.o(i.ulMainGetRunTimeCounterValue)
    ulTaskNotifyTake                         0x0800345d   Thumb Code   118  tasks.o(i.ulTaskNotifyTake)
    uxListRemove                             0x080034dd   Thumb Code    36  list.o(i.uxListRemove)
    uxTaskGetSystemState                     0x08003501   Thumb Code   130  tasks.o(i.uxTaskGetSystemState)
    vApplicationMallocFailedHook             0x0800358d   Thumb Code     4  stm32f0xx_it.o(i.vApplicationMallocFailedHook)
    vApplicationStackOverflowHook            0x08003591   Thumb Code     4  stm32f0xx_it.o(i.vApplicationStackOverflowHook)
    vListInitialise                          0x08003595   Thumb Code    22  list.o(i.vListInitialise)
    vListInitialiseItem                      0x080035ab   Thumb Code     6  list.o(i.vListInitialiseItem)
    vListInsert                              0x080035b1   Thumb Code    48  list.o(i.vListInsert)
    vListInsertEnd                           0x080035e1   Thumb Code    24  list.o(i.vListInsertEnd)
    vMainConfigureTimerForRunTimeStats       0x080035f9   Thumb Code    18  freertos.o(i.vMainConfigureTimerForRunTimeStats)
    vPortEnterCritical                       0x08003619   Thumb Code    20  port.o(i.vPortEnterCritical)
    vPortExitCritical                        0x08003631   Thumb Code    24  port.o(i.vPortExitCritical)
    vPortYield                               0x0800364d   Thumb Code    18  port.o(i.vPortYield)
    vRegisterCLICommands                     0x08003665   Thumb Code    34  aos_cli.o(i.vRegisterCLICommands)
    vUARTCommandConsoleStart                 0x0800368d   Thumb Code    30  uart-interrupt-driven-command-console.o(i.vUARTCommandConsoleStart)
    writePxITMutex                           0x080036bd   Thumb Code    46  aos_pd_usart.o(i.writePxITMutex)
    writePxMutex                             0x080036f1   Thumb Code    64  aos_pd_usart.o(i.writePxMutex)
    xPortSysTickHandler                      0x08003735   Thumb Code    32  port.o(i.xPortSysTickHandler)
    xTaskGenericNotify                       0x08003759   Thumb Code   162  tasks.o(i.xTaskGenericNotify)
    xTimerGenericCommand                     0x0800383d   Thumb Code    84  timers.o(privileged_functions)
    xTimerCreateTimerTask                    0x08003acd   Thumb Code    56  timers.o(privileged_functions)
    xTimerCreate                             0x08003b05   Thumb Code    68  timers.o(privileged_functions)
    xTimerIsTimerActive                      0x08003b49   Thumb Code    28  timers.o(privileged_functions)
    pvTimerGetTimerID                        0x08003b65   Thumb Code    26  timers.o(privileged_functions)
    vTimerSetTimerID                         0x08003b7f   Thumb Code    26  timers.o(privileged_functions)
    xQueueGenericReset                       0x08003bb1   Thumb Code   108  queue.o(privileged_functions)
    xQueueGenericCreate                      0x08003c1d   Thumb Code    84  queue.o(privileged_functions)
    xQueueGenericSend                        0x08003d6f   Thumb Code   276  queue.o(privileged_functions)
    xQueueCreateMutex                        0x08003e83   Thumb Code    84  queue.o(privileged_functions)
    xQueueGiveMutexRecursive                 0x08003ed7   Thumb Code    54  queue.o(privileged_functions)
    xQueueGenericReceive                     0x08003f4d   Thumb Code   312  queue.o(privileged_functions)
    xQueueTakeMutexRecursive                 0x08004085   Thumb Code    58  queue.o(privileged_functions)
    xQueueCreateCountingSemaphore            0x080040bf   Thumb Code    44  queue.o(privileged_functions)
    xQueueGenericSendFromISR                 0x080040eb   Thumb Code   132  queue.o(privileged_functions)
    xQueueGiveFromISR                        0x0800416f   Thumb Code   116  queue.o(privileged_functions)
    xQueueReceiveFromISR                     0x080041e3   Thumb Code   114  queue.o(privileged_functions)
    xQueuePeekFromISR                        0x08004255   Thumb Code    80  queue.o(privileged_functions)
    uxQueueMessagesWaiting                   0x080042a5   Thumb Code    26  queue.o(privileged_functions)
    uxQueueSpacesAvailable                   0x080042bf   Thumb Code    30  queue.o(privileged_functions)
    uxQueueMessagesWaitingFromISR            0x080042dd   Thumb Code    12  queue.o(privileged_functions)
    vQueueUnregisterQueue                    0x080042e9   Thumb Code    30  queue.o(privileged_functions)
    vQueueDelete                             0x08004307   Thumb Code    26  queue.o(privileged_functions)
    uxQueueGetQueueNumber                    0x08004321   Thumb Code     4  queue.o(privileged_functions)
    vQueueSetQueueNumber                     0x08004325   Thumb Code     4  queue.o(privileged_functions)
    ucQueueGetQueueType                      0x08004329   Thumb Code     6  queue.o(privileged_functions)
    xQueueIsQueueEmptyFromISR                0x0800432f   Thumb Code    22  queue.o(privileged_functions)
    xQueueIsQueueFullFromISR                 0x08004345   Thumb Code    24  queue.o(privileged_functions)
    vQueueAddToRegistry                      0x0800435d   Thumb Code    32  queue.o(privileged_functions)
    vQueueWaitForMessageRestricted           0x0800437d   Thumb Code    58  queue.o(privileged_functions)
    pxPortInitialiseStack                    0x080043bd   Thumb Code    26  port.o(privileged_functions)
    xPortStartScheduler                      0x080043d7   Thumb Code    40  port.o(privileged_functions)
    vPortEndScheduler                        0x080043ff   Thumb Code    18  port.o(privileged_functions)
    xTaskGenericCreate                       0x08004501   Thumb Code   224  tasks.o(privileged_functions)
    vTaskDelete                              0x080045e1   Thumb Code   106  tasks.o(privileged_functions)
    xTaskIncrementTick                       0x0800464b   Thumb Code   188  tasks.o(privileged_functions)
    xTaskResumeAll                           0x08004707   Thumb Code   160  tasks.o(privileged_functions)
    vTaskSuspendAll                          0x080047d9   Thumb Code    12  tasks.o(privileged_functions)
    vTaskDelay                               0x080047e5   Thumb Code    66  tasks.o(privileged_functions)
    uxTaskPriorityGet                        0x08004827   Thumb Code    26  tasks.o(privileged_functions)
    uxTaskPriorityGetFromISR                 0x08004841   Thumb Code    26  tasks.o(privileged_functions)
    vTaskPrioritySet                         0x0800485b   Thumb Code   144  tasks.o(privileged_functions)
    vTaskSwitchContext                       0x080048eb   Thumb Code   158  tasks.o(privileged_functions)
    vTaskSuspend                             0x08004989   Thumb Code   118  tasks.o(privileged_functions)
    vTaskResume                              0x08004a27   Thumb Code    88  tasks.o(privileged_functions)
    xTaskResumeFromISR                       0x08004a7f   Thumb Code   108  tasks.o(privileged_functions)
    vTaskStartScheduler                      0x08004b4d   Thumb Code    64  tasks.o(privileged_functions)
    vTaskEndScheduler                        0x08004b8d   Thumb Code    16  tasks.o(privileged_functions)
    xTaskGetTickCount                        0x08004b9d   Thumb Code     6  tasks.o(privileged_functions)
    xTaskGetTickCountFromISR                 0x08004ba3   Thumb Code     6  tasks.o(privileged_functions)
    uxTaskGetNumberOfTasks                   0x08004ba9   Thumb Code     6  tasks.o(privileged_functions)
    vTaskPlaceOnEventList                    0x08004c61   Thumb Code    56  tasks.o(privileged_functions)
    vTaskPlaceOnUnorderedEventList           0x08004c99   Thumb Code    76  tasks.o(privileged_functions)
    vTaskPlaceOnEventListRestricted          0x08004ce5   Thumb Code    40  tasks.o(privileged_functions)
    xTaskRemoveFromEventList                 0x08004d0d   Thumb Code    98  tasks.o(privileged_functions)
    xTaskRemoveFromUnorderedEventList        0x08004d6f   Thumb Code    90  tasks.o(privileged_functions)
    vTaskSetTimeOutState                     0x08004dc9   Thumb Code    20  tasks.o(privileged_functions)
    xTaskCheckForTimeOut                     0x08004ddd   Thumb Code    90  tasks.o(privileged_functions)
    vTaskMissedYield                         0x08004e37   Thumb Code     8  tasks.o(privileged_functions)
    uxTaskGetTaskNumber                      0x08004e3f   Thumb Code    12  tasks.o(privileged_functions)
    vTaskSetTaskNumber                       0x08004e4b   Thumb Code     8  tasks.o(privileged_functions)
    xTaskGetCurrentTaskHandle                0x08004e53   Thumb Code     6  tasks.o(privileged_functions)
    xTaskGetSchedulerState                   0x08004e59   Thumb Code    26  tasks.o(privileged_functions)
    vTaskPriorityInherit                     0x08004e73   Thumb Code    96  tasks.o(privileged_functions)
    xTaskPriorityDisinherit                  0x08004ed3   Thumb Code    94  tasks.o(privileged_functions)
    vTaskList                                0x08004f31   Thumb Code   150  tasks.o(privileged_functions)
    vTaskGetRunTimeStats                     0x08004fc7   Thumb Code   202  tasks.o(privileged_functions)
    uxTaskResetEventItemValue                0x08005091   Thumb Code    20  tasks.o(privileged_functions)
    pvPortMalloc                             0x080050a9   Thumb Code   182  heap_4.o(privileged_functions)
    vPortFree                                0x0800515f   Thumb Code    62  heap_4.o(privileged_functions)
    xPortGetFreeHeapSize                     0x0800519d   Thumb Code     6  heap_4.o(privileged_functions)
    xPortGetMinimumEverFreeHeapSize          0x080051a3   Thumb Code     6  heap_4.o(privileged_functions)
    vPortInitialiseBlocks                    0x080051a9   Thumb Code     2  heap_4.o(privileged_functions)
    aAPBAHBPrescTable                        0x080051b0   Data          16  stm32f0xx_hal_rcc.o(.constdata)
    __ctype_table                            0x08005224   Data         129  ctype_o.o(.constdata)
    Region$$Table$$Base                      0x08005968   Number         0  anon$$obj.o(Region$$Table)
    Region$$Table$$Limit                     0x08005988   Number         0  anon$$obj.o(Region$$Table)
    defaultTaskHandle                        0x20000004   Data           4  freertos.o(.data)
    FrontEndTaskHandle                       0x20000008   Data           4  freertos.o(.data)
    P1TaskHandle                             0x2000000c   Data           4  freertos.o(.data)
    P2TaskHandle                             0x20000010   Data           4  freertos.o(.data)
    P3TaskHandle                             0x20000014   Data           4  freertos.o(.data)
    P4TaskHandle                             0x20000018   Data           4  freertos.o(.data)
    P5TaskHandle                             0x2000001c   Data           4  freertos.o(.data)
    P6TaskHandle                             0x20000020   Data           4  freertos.o(.data)
    SystemCoreClock                          0x20000024   Data           4  system_stm32f0xx.o(.data)
    AHBPrescTable                            0x20000028   Data          16  system_stm32f0xx.o(.data)
    myID                                     0x2000003c   Data           2  aos.o(.data)
    portStatus                               0x2000003e   Data           7  aos.o(.data)
    UartRxReady                              0x20000045   Data           1  aos_pd_usart.o(.data)
    UartTxReady                              0x20000046   Data           1  aos_pd_usart.o(.data)
    PcPort                                   0x20000047   Data           1  aos_pd_usart.o(.data)
    xCommandConsoleTask                      0x20000080   Data           4  uart-interrupt-driven-command-console.o(.data)
    pxCurrentTCB                             0x200000d0   Data           4  tasks.o(privileged_data)
    PxSemaphoreHandle                        0x20000200   Data          28  freertos.o(.bss)
    htim2                                    0x2000021c   Data          60  aos.o(.bss)
    htim7                                    0x20000258   Data          60  aos.o(.bss)
    huart1                                   0x20000294   Data         112  aos_pd_usart.o(.bss)
    huart2                                   0x20000304   Data         112  aos_pd_usart.o(.bss)
    huart3                                   0x20000374   Data         112  aos_pd_usart.o(.bss)
    huart4                                   0x200003e4   Data         112  aos_pd_usart.o(.bss)
    huart7                                   0x20000454   Data         112  aos_pd_usart.o(.bss)
    huart8                                   0x200004c4   Data         112  aos_pd_usart.o(.bss)
    GPIO_IR_InitStruct                       0x20000534   Data          20  aos_pd_gpio.o(.bss)
    DMAbuffer                                0x20000548   Data          60  aos_pd_dma.o(.bss)
    DMAdst                                   0x20000584   Data          24  aos_pd_dma.o(.bss)
    dma_port_fe                              0x2000059c   Data          56  aos_pd_dma.o(.bss)
    dma_port_mem1                            0x200005d4   Data          56  aos_pd_dma.o(.bss)
    dma_port_mem2                            0x2000060c   Data          56  aos_pd_dma.o(.bss)
    dma_port_mem3                            0x20000644   Data          56  aos_pd_dma.o(.bss)
    dma_port_mem4                            0x2000067c   Data          56  aos_pd_dma.o(.bss)
    dma_port_mem5                            0x200006b4   Data          56  aos_pd_dma.o(.bss)
    dma_port_mem6                            0x200006ec   Data          56  aos_pd_dma.o(.bss)
    dma_port_port_link1                      0x20000724   Data          56  aos_pd_dma.o(.bss)
    dma_port_port_link2                      0x2000075c   Data          56  aos_pd_dma.o(.bss)
    dma_port_port_link3                      0x20000794   Data          56  aos_pd_dma.o(.bss)
    dma_port_port_link4                      0x200007cc   Data          56  aos_pd_dma.o(.bss)
    dma_port_port_link5                      0x20000804   Data          56  aos_pd_dma.o(.bss)
    dma_port_port_link6                      0x2000083c   Data          56  aos_pd_dma.o(.bss)
    xQueueRegistry                           0x20000874   Data          64  queue.o(.bss)
    __initial_sp                             0x20006d18   Data           0  startup_stm32f091xc.o(STACK)



==============================================================================

Memory Map of the image

  Image Entry point : 0x080000bd

  Load Region LR_IROM1 (Base: 0x08000000, Size: 0x00005b88, Max: 0x00040000, ABSOLUTE, COMPRESSED[0x000059c4])

    Execution Region ER_IROM1 (Base: 0x08000000, Size: 0x00005988, Max: 0x00040000, ABSOLUTE)

    Base Addr    Size         Type   Attr      Idx    E Section Name        Object

    0x08000000   0x000000bc   Data   RO         3891    RESET               startup_stm32f091xc.o
    0x080000bc   0x00000000   Code   RO         3898  * .ARM.Collect$$$$00000000  mc_p.l(entry.o)
    0x080000bc   0x00000004   Code   RO         4191    .ARM.Collect$$$$00000001  mc_p.l(entry2.o)
    0x080000c0   0x00000004   Code   RO         4194    .ARM.Collect$$$$00000004  mc_p.l(entry5.o)
    0x080000c4   0x00000000   Code   RO         4196    .ARM.Collect$$$$00000008  mc_p.l(entry7b.o)
    0x080000c4   0x00000000   Code   RO         4198    .ARM.Collect$$$$0000000A  mc_p.l(entry8b.o)
    0x080000c4   0x00000008   Code   RO         4199    .ARM.Collect$$$$0000000B  mc_p.l(entry9a.o)
    0x080000cc   0x00000000   Code   RO         4201    .ARM.Collect$$$$0000000D  mc_p.l(entry10a.o)
    0x080000cc   0x00000000   Code   RO         4203    .ARM.Collect$$$$0000000F  mc_p.l(entry11a.o)
    0x080000cc   0x00000004   Code   RO         4192    .ARM.Collect$$$$00002712  mc_p.l(entry2.o)
    0x080000d0   0x00000070   Code   RO         3308    .emb_text           port.o
    0x08000140   0x00000058   Code   RO         3892    .text               startup_stm32f091xc.o
    0x08000198   0x0000002c   Code   RO         3901    .text               mc_p.l(uidiv.o)
    0x080001c4   0x00000022   Code   RO         3903    .text               mc_p.l(llushr.o)
    0x080001e6   0x00000002   PAD
    0x080001e8   0x00000024   Code   RO         3905    .text               mc_p.l(rand.o)
    0x0800020c   0x00000024   Code   RO         3908    .text               mc_p.l(memcpya.o)
    0x08000230   0x00000024   Code   RO         3910    .text               mc_p.l(memseta.o)
    0x08000254   0x00000018   Code   RO         3912    .text               mc_p.l(strcat.o)
    0x0800026c   0x0000001a   Code   RO         3914    .text               mc_p.l(strncpy.o)
    0x08000286   0x0000000e   Code   RO         3916    .text               mc_p.l(strlen.o)
    0x08000294   0x0000001a   Code   RO         3918    .text               mc_p.l(memcmp.o)
    0x080002ae   0x00000012   Code   RO         3920    .text               mc_p.l(strcpy.o)
    0x080002c0   0x0000001e   Code   RO         3922    .text               mc_p.l(strncmp.o)
    0x080002de   0x0000001a   Code   RO         4187    .text               mc_p.l(atoi.o)
    0x080002f8   0x00000060   Code   RO         4208    .text               mc_p.l(uldiv.o)
    0x08000358   0x00000070   Code   RO         4217    .text               mc_p.l(strtol.o)
    0x080003c8   0x00000024   Code   RO         4234    .text               mc_p.l(init.o)
    0x080003ec   0x00000020   Code   RO         4237    .text               mc_p.l(llshl.o)
    0x0800040c   0x00000008   Code   RO         4241    .text               mc_p.l(ctype_o.o)
    0x08000414   0x000000a6   Code   RO         4269    .text               mc_p.l(_strtoul.o)
    0x080004ba   0x0000001e   Code   RO         4276    .text               mc_p.l(_chval.o)
    0x080004d8   0x0000003a   Code   RO         4286    .text               mc_p.l(__dczerorl.o)
    0x08000512   0x00000002   PAD
    0x08000514   0x00000098   Code   RO         2616    i.AOS_init          aos.o
    0x080005ac   0x00000020   Code   RO         1184    i.DMA_SetConfig     stm32f0xx_hal_dma.o
    0x080005cc   0x00000008   Code   RO         3810    i.FreeRTOS_CLIGetOutputBuffer  freertos_cli.o
    0x080005d4   0x000000bc   Code   RO         3812    i.FreeRTOS_CLIProcessCommand  freertos_cli.o
    0x08000690   0x0000003c   Code   RO         3813    i.FreeRTOS_CLIRegisterCommand  freertos_cli.o
    0x080006cc   0x00000008   Code   RO          308    i.FrontEndTask      main.o
    0x080006d4   0x0000005c   Code   RO         2617    i.GetPort           aos.o
    0x08000730   0x00000048   Code   RO         2618    i.GetUart           aos.o
    0x08000778   0x00000054   Code   RO         1190    i.HAL_DMA_Init      stm32f0xx_hal_dma.o
    0x080007cc   0x00000050   Code   RO         1193    i.HAL_DMA_Start_IT  stm32f0xx_hal_dma.o
    0x0800081c   0x00000016   Code   RO         1318    i.HAL_Delay         stm32f0xx_hal.o
    0x08000832   0x00000002   PAD
    0x08000834   0x00000158   Code   RO         1434    i.HAL_GPIO_Init     stm32f0xx_hal_gpio.o
    0x0800098c   0x0000000c   Code   RO         1438    i.HAL_GPIO_WritePin  stm32f0xx_hal_gpio.o
    0x08000998   0x0000000c   Code   RO         1322    i.HAL_GetTick       stm32f0xx_hal.o
    0x080009a4   0x00000010   Code   RO         1323    i.HAL_IncTick       stm32f0xx_hal.o
    0x080009b4   0x00000020   Code   RO         1324    i.HAL_Init          stm32f0xx_hal.o
    0x080009d4   0x00000022   Code   RO         1325    i.HAL_InitTick      stm32f0xx_hal.o
    0x080009f6   0x00000002   Code   RO         1327    i.HAL_MspInit       stm32f0xx_hal.o
    0x080009f8   0x00000014   Code   RO          781    i.HAL_NVIC_EnableIRQ  stm32f0xx_hal_cortex.o
    0x08000a0c   0x00000008   Code   RO          785    i.HAL_NVIC_SetPriority  stm32f0xx_hal_cortex.o
    0x08000a14   0x00000104   Code   RO         1263    i.HAL_RCCEx_PeriphCLKConfig  stm32f0xx_hal_rcc_ex.o
    0x08000b18   0x00000230   Code   RO          500    i.HAL_RCC_ClockConfig  stm32f0xx_hal_rcc.o
    0x08000d48   0x00000028   Code   RO          505    i.HAL_RCC_GetHCLKFreq  stm32f0xx_hal_rcc.o
    0x08000d70   0x00000020   Code   RO          507    i.HAL_RCC_GetPCLK1Freq  stm32f0xx_hal_rcc.o
    0x08000d90   0x000000a4   Code   RO          508    i.HAL_RCC_GetSysClockFreq  stm32f0xx_hal_rcc.o
    0x08000e34   0x000004b6   Code   RO          511    i.HAL_RCC_OscConfig  stm32f0xx_hal_rcc.o
    0x080012ea   0x00000002   PAD
    0x080012ec   0x00000030   Code   RO          789    i.HAL_SYSTICK_Config  stm32f0xx_hal_cortex.o
    0x0800131c   0x00000002   Code   RO         2205    i.HAL_TIMEx_BreakCallback  stm32f0xx_hal_tim_ex.o
    0x0800131e   0x00000002   Code   RO         2206    i.HAL_TIMEx_CommutationCallback  stm32f0xx_hal_tim_ex.o
    0x08001320   0x00000048   Code   RO         2222    i.HAL_TIMEx_MasterConfigSynchronization  stm32f0xx_hal_tim_ex.o
    0x08001368   0x00000036   Code   RO         1568    i.HAL_TIM_Base_Init  stm32f0xx_hal_tim.o
    0x0800139e   0x00000002   Code   RO         1570    i.HAL_TIM_Base_MspInit  stm32f0xx_hal_tim.o
    0x080013a0   0x00000002   Code   RO         1597    i.HAL_TIM_IC_CaptureCallback  stm32f0xx_hal_tim.o
    0x080013a2   0x0000016a   Code   RO         1610    i.HAL_TIM_IRQHandler  stm32f0xx_hal_tim.o
    0x0800150c   0x00000002   Code   RO         1613    i.HAL_TIM_OC_DelayElapsedCallback  stm32f0xx_hal_tim.o
    0x0800150e   0x00000002   Code   RO         1640    i.HAL_TIM_PWM_PulseFinishedCallback  stm32f0xx_hal_tim.o
    0x08001510   0x00000002   Code   RO         1647    i.HAL_TIM_PeriodElapsedCallback  stm32f0xx_hal_tim.o
    0x08001512   0x00000002   Code   RO         1651    i.HAL_TIM_TriggerCallback  stm32f0xx_hal_tim.o
    0x08001514   0x00000002   Code   RO         1500    i.HAL_UARTEx_WakeupCallback  stm32f0xx_hal_uart_ex.o
    0x08001516   0x00000002   Code   RO          952    i.HAL_UART_ErrorCallback  stm32f0xx_hal_uart.o
    0x08001518   0x000000e4   Code   RO         1501    i.HAL_UART_IRQHandler  stm32f0xx_hal_uart_ex.o
    0x080015fc   0x00000072   Code   RO          955    i.HAL_UART_Init     stm32f0xx_hal_uart.o
    0x0800166e   0x00000002   PAD
    0x08001670   0x00000208   Code   RO         2688    i.HAL_UART_MspInit  aos_pd_usart.o
    0x08001878   0x00000104   Code   RO          958    i.HAL_UART_Receive  stm32f0xx_hal_uart.o
    0x0800197c   0x00000088   Code   RO          959    i.HAL_UART_Receive_DMA  stm32f0xx_hal_uart.o
    0x08001a04   0x00000028   Code   RO          239    i.HAL_UART_RxCpltCallback  stm32f0xx_it.o
    0x08001a2c   0x00000002   Code   RO          962    i.HAL_UART_RxHalfCpltCallback  stm32f0xx_hal_uart.o
    0x08001a2e   0x000000c4   Code   RO          963    i.HAL_UART_Transmit  stm32f0xx_hal_uart.o
    0x08001af2   0x00000066   Code   RO          965    i.HAL_UART_Transmit_IT  stm32f0xx_hal_uart.o
    0x08001b58   0x00000028   Code   RO          240    i.HAL_UART_TxCpltCallback  stm32f0xx_it.o
    0x08001b80   0x00000022   Code   RO         2785    i.IND_LED_Init      aos_pd_gpio.o
    0x08001ba2   0x00000002   PAD
    0x08001ba4   0x00000024   Code   RO         2786    i.IR_LED_Init       aos_pd_gpio.o
    0x08001bc8   0x00000044   Code   RO         2968    i.MX_DMA_Init       aos_pd_dma.o
    0x08001c0c   0x0000001c   Code   RO         2970    i.MX_DMA_PORT_FE_Init  aos_pd_dma.o
    0x08001c28   0x00000020   Code   RO         2972    i.MX_DMA_PORT_MEM1_Init  aos_pd_dma.o
    0x08001c48   0x00000020   Code   RO         2974    i.MX_DMA_PORT_MEM2_Init  aos_pd_dma.o
    0x08001c68   0x00000020   Code   RO         2976    i.MX_DMA_PORT_MEM3_Init  aos_pd_dma.o
    0x08001c88   0x00000020   Code   RO         2978    i.MX_DMA_PORT_MEM4_Init  aos_pd_dma.o
    0x08001ca8   0x00000020   Code   RO         2980    i.MX_DMA_PORT_MEM5_Init  aos_pd_dma.o
    0x08001cc8   0x00000020   Code   RO         2982    i.MX_DMA_PORT_MEM6_Init  aos_pd_dma.o
    0x08001ce8   0x0000017c   Code   RO            3    i.MX_FREERTOS_Init  freertos.o
    0x08001e64   0x0000005c   Code   RO         2787    i.MX_GPIO_Init      aos_pd_gpio.o
    0x08001ec0   0x0000004c   Code   RO         2619    i.MX_TIM2_Init      aos.o
    0x08001f0c   0x00000044   Code   RO         2620    i.MX_TIM7_Init      aos.o
    0x08001f50   0x0000001c   Code   RO         2689    i.MX_UART_Init      aos_pd_usart.o
    0x08001f6c   0x00000034   Code   RO         2690    i.MX_USART1_UART_Init  aos_pd_usart.o
    0x08001fa0   0x00000034   Code   RO         2691    i.MX_USART2_UART_Init  aos_pd_usart.o
    0x08001fd4   0x00000034   Code   RO         2692    i.MX_USART3_UART_Init  aos_pd_usart.o
    0x08002008   0x00000034   Code   RO         2693    i.MX_USART4_UART_Init  aos_pd_usart.o
    0x0800203c   0x00000034   Code   RO         2694    i.MX_USART7_UART_Init  aos_pd_usart.o
    0x08002070   0x00000034   Code   RO         2695    i.MX_USART8_UART_Init  aos_pd_usart.o
    0x080020a4   0x00000044   Code   RO          791    i.NVIC_SetPriority  stm32f0xx_hal_cortex.o
    0x080020e8   0x00000054   Code   RO            4    i.PxTask            freertos.o
    0x0800213c   0x00000002   Code   RO         3309    i.SVC_Handler       port.o
    0x0800213e   0x0000000c   Code   RO            5    i.StartDefaultTask  freertos.o
    0x0800214a   0x0000000c   Code   RO          241    i.SysTick_Handler   stm32f0xx_it.o
    0x08002156   0x00000002   PAD
    0x08002158   0x00000070   Code   RO         2621    i.SystemClock_Config  aos.o
    0x080021c8   0x0000005c   Code   RO          368    i.SystemInit        system_stm32f0xx.o
    0x08002224   0x00000010   Code   RO          242    i.TIM2_IRQHandler   stm32f0xx_it.o
    0x08002234   0x0000008c   Code   RO         1652    i.TIM_Base_SetConfig  stm32f0xx_hal_tim.o
    0x080022c0   0x000000ca   Code   RO          968    i.UART_AdvFeatureConfig  stm32f0xx_hal_uart.o
    0x0800238a   0x00000002   PAD
    0x0800238c   0x00000074   Code   RO          969    i.UART_CheckIdleState  stm32f0xx_hal_uart.o
    0x08002400   0x00000022   Code   RO          970    i.UART_DMAError     stm32f0xx_hal_uart.o
    0x08002422   0x00000038   Code   RO          971    i.UART_DMAReceiveCplt  stm32f0xx_hal_uart.o
    0x0800245a   0x0000000a   Code   RO          972    i.UART_DMARxHalfCplt  stm32f0xx_hal_uart.o
    0x08002464   0x00000032   Code   RO          975    i.UART_EndTransmit_IT  stm32f0xx_hal_uart.o
    0x08002496   0x00000092   Code   RO          976    i.UART_Receive_IT   stm32f0xx_hal_uart.o
    0x08002528   0x000001f0   Code   RO          977    i.UART_SetConfig    stm32f0xx_hal_uart.o
    0x08002718   0x00000070   Code   RO          978    i.UART_Transmit_IT  stm32f0xx_hal_uart.o
    0x08002788   0x000000c6   Code   RO          979    i.UART_WaitOnFlagUntilTimeout  stm32f0xx_hal_uart.o
    0x0800284e   0x00000002   PAD
    0x08002850   0x00000010   Code   RO          243    i.USART1_IRQHandler  stm32f0xx_it.o
    0x08002860   0x00000010   Code   RO          244    i.USART2_IRQHandler  stm32f0xx_it.o
    0x08002870   0x0000002c   Code   RO          245    i.USART3_8_IRQHandler  stm32f0xx_it.o
    0x0800289c   0x00000028   Code   RO         4135    i.__0sprintf$8      mc_p.l(printf8.o)
    0x080028c4   0x0000001a   Code   RO         2198    i.__ARM_common_switch8  stm32f0xx_hal_tim.o
    0x080028de   0x00000002   PAD
    0x080028e0   0x00000008   Code   RO         4210    i.__aeabi_errno_addr  mc_p.l(errno.o)
    0x080028e8   0x0000000e   Code   RO         4280    i.__scatterload_copy  mc_p.l(handlers.o)
    0x080028f6   0x00000002   Code   RO         4281    i.__scatterload_null  mc_p.l(handlers.o)
    0x080028f8   0x0000000e   Code   RO         4282    i.__scatterload_zeroinit  mc_p.l(handlers.o)
    0x08002906   0x00000002   PAD
    0x08002908   0x00000428   Code   RO         4140    i._printf_core      mc_p.l(printf8.o)
    0x08002d30   0x00000020   Code   RO         4141    i._printf_post_padding  mc_p.l(printf8.o)
    0x08002d50   0x0000002c   Code   RO         4142    i._printf_pre_padding  mc_p.l(printf8.o)
    0x08002d7c   0x0000000a   Code   RO         4144    i._sputc            mc_p.l(printf8.o)
    0x08002d86   0x00000002   PAD
    0x08002d88   0x00000070   Code   RO         2864    i.bootloaderUpdateCommand  aos_cli.o
    0x08002df8   0x00000010   Code   RO         3477    i.inHandlerMode     cmsis_os.o
    0x08002e08   0x0000000e   Code   RO          309    i.main              main.o
    0x08002e16   0x00000010   Code   RO         3480    i.osDelay           cmsis_os.o
    0x08002e26   0x0000000a   Code   RO         3483    i.osKernelStart     cmsis_os.o
    0x08002e30   0x00000030   Code   RO         3506    i.osSemaphoreCreate  cmsis_os.o
    0x08002e60   0x0000004c   Code   RO         3508    i.osSemaphoreRelease  cmsis_os.o
    0x08002eac   0x00000068   Code   RO         3509    i.osSemaphoreWait   cmsis_os.o
    0x08002f14   0x00000010   Code   RO         3512    i.osSystickHandler  cmsis_os.o
    0x08002f24   0x00000050   Code   RO         2865    i.pingCommand       aos_cli.o
    0x08002f74   0x0000002e   Code   RO         3814    i.prvGetNumberOfParameters  freertos_cli.o
    0x08002fa2   0x00000002   PAD
    0x08002fa4   0x0000004c   Code   RO         3452    i.prvHeapInit       heap_4.o
    0x08002ff0   0x00000034   Code   RO         3815    i.prvHelpCommand    freertos_cli.o
    0x08003024   0x00000018   Code   RO         3372    i.prvIdleTask       tasks.o
    0x0800303c   0x00000054   Code   RO         3453    i.prvInsertBlockIntoFreeList  heap_4.o
    0x08003090   0x00000024   Code   RO         3373    i.prvResetNextTaskUnblockTime  tasks.o
    0x080030b4   0x0000002c   Code   RO         2866    i.prvRunTimeStatsCommand  aos_cli.o
    0x080030e0   0x00000024   Code   RO         3310    i.prvSetupTimerInterrupt  port.o
    0x08003104   0x00000014   Code   RO         3311    i.prvTaskExitError  port.o
    0x08003118   0x0000002c   Code   RO         2867    i.prvTaskStatsCommand  aos_cli.o
    0x08003144   0x000000fc   Code   RO         3861    i.prvUARTCommandConsoleTask  uart-interrupt-driven-command-console.o
    0x08003240   0x00000024   Code   RO         3374    i.prvWriteNameToBuffer  tasks.o
    0x08003264   0x00000018   Code   RO         3375    i.pvTaskIncrementMutexHeldCount  tasks.o
    0x0800327c   0x00000044   Code   RO         2697    i.readPxMutex       aos_pd_usart.o
    0x080032c0   0x00000134   Code   RO          335    i.relayDMASetup     relay.o
    0x080033f4   0x0000001c   Code   RO          337    i.relaySetup        relay.o
    0x08003410   0x0000004c   Code   RO            6    i.ulMainGetRunTimeCounterValue  freertos.o
    0x0800345c   0x00000080   Code   RO         3376    i.ulTaskNotifyTake  tasks.o
    0x080034dc   0x00000024   Code   RO         3174    i.uxListRemove      list.o
    0x08003500   0x0000008c   Code   RO         3377    i.uxTaskGetSystemState  tasks.o
    0x0800358c   0x00000004   Code   RO          246    i.vApplicationMallocFailedHook  stm32f0xx_it.o
    0x08003590   0x00000004   Code   RO          247    i.vApplicationStackOverflowHook  stm32f0xx_it.o
    0x08003594   0x00000016   Code   RO         3175    i.vListInitialise   list.o
    0x080035aa   0x00000006   Code   RO         3176    i.vListInitialiseItem  list.o
    0x080035b0   0x00000030   Code   RO         3177    i.vListInsert       list.o
    0x080035e0   0x00000018   Code   RO         3178    i.vListInsertEnd    list.o
    0x080035f8   0x00000020   Code   RO            7    i.vMainConfigureTimerForRunTimeStats  freertos.o
    0x08003618   0x00000018   Code   RO         3312    i.vPortEnterCritical  port.o
    0x08003630   0x0000001c   Code   RO         3313    i.vPortExitCritical  port.o
    0x0800364c   0x00000018   Code   RO         3314    i.vPortYield        port.o
    0x08003664   0x00000028   Code   RO         2868    i.vRegisterCLICommands  aos_cli.o
    0x0800368c   0x00000030   Code   RO         3862    i.vUARTCommandConsoleStart  uart-interrupt-driven-command-console.o
    0x080036bc   0x00000034   Code   RO         2698    i.writePxITMutex    aos_pd_usart.o
    0x080036f0   0x00000044   Code   RO         2699    i.writePxMutex      aos_pd_usart.o
    0x08003734   0x00000024   Code   RO         3315    i.xPortSysTickHandler  port.o
    0x08003758   0x000000a8   Code   RO         3379    i.xTaskGenericNotify  tasks.o
    0x08003800   0x000003b0   Code   RO         3224    privileged_functions  timers.o
    0x08003bb0   0x0000080c   Code   RO         3290    privileged_functions  queue.o
    0x080043bc   0x00000060   Code   RO         3316    privileged_functions  port.o
    0x0800441c   0x00000c8c   Code   RO         3382    privileged_functions  tasks.o
    0x080050a8   0x00000108   Code   RO         3454    privileged_functions  heap_4.o
    0x080051b0   0x00000010   Data   RO          512    .constdata          stm32f0xx_hal_rcc.o
    0x080051c0   0x00000040   Data   RO         2869    .constdata          aos_cli.o
    0x08005200   0x00000014   Data   RO         3383    .constdata          tasks.o
    0x08005214   0x00000010   Data   RO         3817    .constdata          freertos_cli.o
    0x08005224   0x00000081   Data   RO         4242    .constdata          mc_p.l(ctype_o.o)
    0x080052a5   0x00000003   PAD
    0x080052a8   0x00000004   Data   RO         4243    .constdata          mc_p.l(ctype_o.o)
    0x080052ac   0x000002f3   Data   RO         2870    .conststring        aos_cli.o
    0x0800559f   0x00000001   PAD
    0x080055a0   0x00000035   Data   RO         3818    .conststring        freertos_cli.o
    0x080055d5   0x00000003   PAD
    0x080055d8   0x000000a8   Data   RO         3819    .conststring        freertos_cli.o
    0x08005680   0x000002e5   Data   RO         3864    .conststring        uart-interrupt-driven-command-console.o
    0x08005965   0x00000003   PAD
    0x08005968   0x00000020   Data   RO         4278    Region$$Table       anon$$obj.o


    Execution Region RW_IRAM1 (Base: 0x20000000, Size: 0x00006d18, Max: 0x00008000, ABSOLUTE, COMPRESSED[0x0000003c])

    Base Addr    Size         Type   Attr      Idx    E Section Name        Object

    0x20000000   0x00000024   Data   RW            9    .data               freertos.o
    0x20000024   0x00000014   Data   RW          369    .data               system_stm32f0xx.o
    0x20000038   0x00000004   Data   RW         1330    .data               stm32f0xx_hal.o
    0x2000003c   0x00000002   Data   RW         2626    .data               aos.o
    0x2000003e   0x00000007   Data   RW         2628    .data               aos.o
    0x20000045   0x00000001   Data   RW         2701    .data               aos_pd_usart.o
    0x20000046   0x00000001   Data   RW         2702    .data               aos_pd_usart.o
    0x20000047   0x00000001   Data   RW         2703    .data               aos_pd_usart.o
    0x20000048   0x00000008   Data   RW         2871    .data               aos_cli.o
    0x20000050   0x00000004   Data   RW         3317    .data               port.o
    0x20000054   0x00000018   Data   RW         3456    .data               heap_4.o
    0x2000006c   0x00000014   Data   RW         3820    .data               freertos_cli.o
    0x20000080   0x00000010   Data   RW         3865    .data               uart-interrupt-driven-command-console.o
    0x20000090   0x00000004   Data   RW         3906    .data               mc_p.l(rand.o)
    0x20000094   0x00000004   Data   RW         4213    .data               mc_p.l(errno.o)
    0x20000098   0x00000038   Data   RW         3225    privileged_data     timers.o
    0x200000d0   0x00000130   Data   RW         3384    privileged_data     tasks.o
    0x20000200   0x0000001c   Zero   RW            8    .bss                freertos.o
    0x2000021c   0x00000078   Zero   RW         2624    .bss                aos.o
    0x20000294   0x000002a0   Zero   RW         2700    .bss                aos_pd_usart.o
    0x20000534   0x00000014   Zero   RW         2788    .bss                aos_pd_gpio.o
    0x20000548   0x0000032c   Zero   RW         2999    .bss                aos_pd_dma.o
    0x20000874   0x00000040   Zero   RW         3291    .bss                queue.o
    0x200008b4   0x00003000   Zero   RW         3455    .bss                heap_4.o
    0x200038b4   0x00000400   Zero   RW         3816    .bss                freertos_cli.o
    0x20003cb4   0x00000064   Zero   RW         3863    .bss                uart-interrupt-driven-command-console.o
    0x20003d18   0x00003000   Zero   RW         3889    STACK               startup_stm32f091xc.o


==============================================================================

Image component sizes


      Code (inc. data)   RO Data    RW Data    ZI Data      Debug   Object Name

       572        106          0          9        120       4357   aos.o
       320         72        819          8          0      10287   aos_cli.o
       288         46          0          0        812       5317   aos_pd_dma.o
       162         14          0          0         20       2285   aos_pd_gpio.o
      1048        144          0          3        672       8147   aos_pd_usart.o
       286          8          0          0          0      10876   cmsis_os.o
       584        140          0         36         28     307260   freertos.o
       354         30        237         20       1024       5741   freertos_cli.o
       424         22          0         24      12288       4472   heap_4.o
       136          0          0          0          0       4990   list.o
        22          0          0          0          0        930   main.o
       378         54          0          4          0       7224   port.o
      2060          6          0          0         64      13625   queue.o
       336         46          0          0          0       1521   relay.o
        88         34        188          0      12288        796   startup_stm32f091xc.o
       118         18          0          4          0       4200   stm32f0xx_hal.o
       144         24          0          0          0       8821   stm32f0xx_hal_cortex.o
       196          6          0          0          0       2710   stm32f0xx_hal_dma.o
       356         30          0          0          0       2460   stm32f0xx_hal_gpio.o
      2002         96         16          0          0       6869   stm32f0xx_hal_rcc.o
       260         12          0          0          0       1512   stm32f0xx_hal_rcc_ex.o
       594         24          0          0          0       6230   stm32f0xx_hal_tim.o
        76          0          0          0          0       2370   stm32f0xx_hal_tim_ex.o
      2232         84          0          0          0      14252   stm32f0xx_hal_uart.o
       230          0          0          0          0       1798   stm32f0xx_hal_uart_ex.o
       192         54          0          0          0       5148   stm32f0xx_it.o
        92         16          0         20          0       1381   system_stm32f0xx.o
      3768        132         20        304          0      23564   tasks.o
       944         36          0         56          0       7297   timers.o
       300         30        741         16        100       2501   uart-interrupt-driven-command-console.o

    ----------------------------------------------------------------------
     18580       1284       2060        504      27416     478941   Object Totals
         0          0         32          0          0          0   (incl. Generated)
        18          0          7          0          0          0   (incl. Padding)

    ----------------------------------------------------------------------

      Code (inc. data)   RO Data    RW Data    ZI Data      Debug   Library Member Name

        58          0          0          0          0          0   __dczerorl.o
        30          0          0          0          0         60   _chval.o
       166          0          0          0          0         84   _strtoul.o
        26          0          0          0          0         72   atoi.o
         8          4        133          0          0         60   ctype_o.o
         0          0          0          0          0          0   entry.o
         0          0          0          0          0          0   entry10a.o
         0          0          0          0          0          0   entry11a.o
         8          4          0          0          0          0   entry2.o
         4          0          0          0          0          0   entry5.o
         0          0          0          0          0          0   entry7b.o
         0          0          0          0          0          0   entry8b.o
         8          4          0          0          0          0   entry9a.o
         8          4          0          4          0         60   errno.o
        30          0          0          0          0          0   handlers.o
        36          8          0          0          0         68   init.o
        32          0          0          0          0         68   llshl.o
        34          0          0          0          0         68   llushr.o
        26          0          0          0          0         72   memcmp.o
        36          0          0          0          0         60   memcpya.o
        36          0          0          0          0        100   memseta.o
      1190         48          0          0          0        384   printf8.o
        36         12          0          4          0        120   rand.o
        24          0          0          0          0         60   strcat.o
        18          0          0          0          0         60   strcpy.o
        14          0          0          0          0         60   strlen.o
        30          0          0          0          0         72   strncmp.o
        26          0          0          0          0         68   strncpy.o
       112          4          0          0          0         76   strtol.o
        44          0          0          0          0         72   uidiv.o
        96          0          0          0          0         84   uldiv.o

    ----------------------------------------------------------------------
      2144         88        136          8          0       1828   Library Totals
         8          0          3          0          0          0   (incl. Padding)

    ----------------------------------------------------------------------

      Code (inc. data)   RO Data    RW Data    ZI Data      Debug   Library Name

      2136         88        133          8          0       1828   mc_p.l

    ----------------------------------------------------------------------
      2144         88        136          8          0       1828   Library Totals

    ----------------------------------------------------------------------

==============================================================================


      Code (inc. data)   RO Data    RW Data    ZI Data      Debug   

     20724       1372       2196        512      27416     473549   Grand Totals
     20724       1372       2196         60      27416     473549   ELF Image Totals (compressed)
     20724       1372       2196         60          0          0   ROM Totals

==============================================================================

    Total RO  Size (Code + RO Data)                22920 (  22.38kB)
    Total RW  Size (RW Data + ZI Data)             27928 (  27.27kB)
    Total ROM Size (Code + RO Data + RW Data)      22980 (  22.44kB)

==============================================================================

