<html>
<body>
<pre>
<h1>µVision Build Log</h1>
<h2>Tool Versions:</h2>
IDE-Version: µVision V5.18a
Copyright (C) 2016 ARM Ltd and ARM Germany GmbH. All rights reserved.
License Information: Will Nichols, University of Tulsa, LIC=----
 
Tool Versions:
Toolchain:       MDK-Lite  Version: 5.18a
Toolchain Path:  C:\Keil_v5\ARM\ARMCC\Bin
C Compiler:      Armcc.exe V5.06 update 1 (build 61)
Assembler:       Armasm.exe V5.06 update 1 (build 61)
Linker/Locator:  ArmLink.exe V5.06 update 1 (build 61)
Library Manager: ArmAr.exe V5.06 update 1 (build 61)
Hex Converter:   FromElf.exe V5.06 update 1 (build 61)
CPU DLL:         SARMCM3.DLL V5.18a
Dialog DLL:      DARMCM1.DLL V1.12.0.0
Target DLL:      STLink\ST-LINKIII-KEIL_SWO.dll V2.0.18.0
Dialog DLL:      TARMCM1.DLL V1.9.0.0
 
<h2>Project:</h2>
F:\space\Documents\Schoolwork\16 Spring\Sr Design\MOWE-master\FIrmware\RTOS\MDK-ARM\ProjX.uvprojx
Project File Date:  04/26/2016

<h2>Output:</h2>
*** Using Compiler 'V5.06 update 1 (build 61)', folder: 'C:\Keil_v5\ARM\ARMCC\Bin'
Build target 'Rx Module Test'
compiling main.c...
compiling stm32f0xx_it.c...
compiling freertos.c...
compiling aos.c...
compiling relay.c...
compiling aos_pd_usart.c...
compiling aos_pd_gpio.c...
compiling aos_pd_adc.c...
compiling aos_cli.c...
compiling UART-interrupt-driven-command-console.c...
compiling aos_md_fe.c...
compiling aos_pd_dma.c...
linking...
Program Size: Code=24032 RO-data=2280 RW-data=516 ZI-data=27476  
FromELF: creating hex file...
".\Output\Rx Module Test.axf" - 0 Error(s), 0 Warning(s).

<h2>Collection of Component include folders:</h2>
  F:\space\Documents\Schoolwork\16 Spring\Sr Design\MOWE-master\FIrmware\RTOS\MDK-ARM\RTE
  C:\Keil_v5\ARM\PACK\Keil\STM32F0xx_DFP\1.5.0\Device\Include

<h2>Collection of Component Files used:</h2>
Build Time Elapsed:  00:00:11
</pre>
</body>
</html>
