<html>
<body>
<pre>
<h1>µVision Build Log</h1>
<h2>Tool Versions:</h2>
IDE-Version: µVision V5.15
Copyright (C) 2015 ARM Ltd and ARM Germany GmbH. All rights reserved.
License Information: Asaad Kaadan, University of Oklahoma, LIC=IK1EZ-34CNC-GH02J-CJ6T8-QL62Z-JRCWQ
 
Tool Versions:
Toolchain:       MDK-ARM Standard  Version: 5.15.0
Toolchain Path:  C:\Keil_v5\ARM\ARMCC\Bin
C Compiler:      Armcc.exe V5.05 update 2 (build 169)
Assembler:       Armasm.exe V5.05 update 2 (build 169)
Linker/Locator:  ArmLink.exe V5.05 update 2 (build 169)
Library Manager: ArmAr.exe V5.05 update 2 (build 169)
Hex Converter:   FromElf.exe V5.05 update 2 (build 169)
CPU DLL:         SARMCM3.DLL V5.15.0
Dialog DLL:      DARMCM1.DLL V1.12.0.0
Target DLL:      STLink\ST-LINKIII-KEIL_SWO.dll V2.0.15.0_KEIL
Dialog DLL:      TARMCM1.DLL V1.9.0.0
 
<h2>Project:</h2>
C:\Users\Asaad\Dropbox\Optics\Modules\Projects\Tube\Firmware\MDK-ARM\Tube.uvprojx
Build Time Elapsed:  00:00:38
Project File Date:  02/16/2016

<h2>Output:</h2>
*** Using Compiler 'V5.05 update 2 (build 169)', folder: 'C:\Keil_v5\ARM\ARMCC\Bin'
Build target 'Module 11'
compiling freertos.c...
compiling stm32f0xx_it.c...
compiling main.c...
compiling system_stm32f0xx.c...
compiling stm32f0xx_hal_flash_ex.c...
compiling stm32f0xx_hal_rcc.c...
compiling stm32f0xx_hal_pwr.c...
compiling stm32f0xx_hal_flash.c...
compiling stm32f0xx_hal_cortex.c...
compiling stm32f0xx_hal_pwr_ex.c...
compiling stm32f0xx_hal_uart.c...
compiling stm32f0xx_hal_dma.c...
compiling stm32f0xx_hal_rcc_ex.c...
compiling stm32f0xx_hal.c...
compiling stm32f0xx_hal_gpio.c...
compiling stm32f0xx_hal_uart_ex.c...
compiling stm32f0xx_hal_tim.c...
compiling stm32f0xx_hal_tim_ex.c...
compiling stm32f0xx_hal_adc.c...
compiling aos.c...
compiling aos_pd_usart.c...
compiling aos_pd_gpio.c...
compiling aos_pd_adc.c...
compiling aos_pd_dma.c...
compiling aos_cli.c...
compiling list.c...
compiling timers.c...
compiling event_groups.c...
compiling queue.c...
compiling port.c...
compiling tasks.c...
compiling heap_4.c...
compiling cmsis_os.c...
compiling croutine.c...
compiling FreeRTOS_CLI.c...
compiling UART-interrupt-driven-command-console.c...
assembling startup_stm32f091xc.s...
linking...
Program Size: Code=35096 RO-data=3184 RW-data=2764 ZI-data=27060  
FromELF: creating hex file...
".\Output\Module 11.axf" - 0 Error(s), 0 Warning(s).

<h2>Software Packages used:</h2>

Package Vendor: ARM
                http://www.keil.com/pack/ARM.CMSIS.4.3.0.pack
                ARM::CMSIS:CORE:4.1.0
                CMSIS (Cortex Microcontroller Software Interface Standard)
   * Component: CORE Version: 4.1.0

<h2>Collection of Component include folders:</h2>
  C:\Users\Asaad\Dropbox\Optics\Modules\Projects\Tube\Firmware\MDK-ARM\RTE
  C:\Keil_v5\ARM\PACK\ARM\CMSIS\4.3.0\CMSIS\Include
  C:\Keil_v5\ARM\PACK\Keil\STM32F0xx_DFP\1.4.0\Device\Include

<h2>Collection of Component Files used:</h2>

   * Component: ARM::CMSIS:CORE:4.1.0
</pre>
</body>
</html>
