Component: ARM Compiler 5.05 update 2 (build 169) Tool: armlink [4d0f33]

==============================================================================

Section Cross References

    freertos.o(i.MX_FREERTOS_Init) refers to tasks.o(privileged_functions) for xTaskGenericCreate
    freertos.o(i.MX_FREERTOS_Init) refers to cmsis_os.o(i.osSemaphoreCreate) for osSemaphoreCreate
    freertos.o(i.MX_FREERTOS_Init) refers to aos_cli.o(i.vRegisterCLICommands) for vRegisterCLICommands
    freertos.o(i.MX_FREERTOS_Init) refers to uart-interrupt-driven-command-console.o(i.vUARTCommandConsoleStart) for vUARTCommandConsoleStart
    freertos.o(i.MX_FREERTOS_Init) refers to freertos.o(.data) for defaultTaskHandle
    freertos.o(i.MX_FREERTOS_Init) refers to freertos.o(i.StartDefaultTask) for StartDefaultTask
    freertos.o(i.MX_FREERTOS_Init) refers to freertos.o(i.PxTask) for PxTask
    freertos.o(i.MX_FREERTOS_Init) refers to main.o(i.FrontEndTask) for FrontEndTask
    freertos.o(i.MX_FREERTOS_Init) refers to freertos.o(.bss) for PxSemaphoreHandle
    freertos.o(i.PxTask) refers to aos_pd_usart.o(i.readPxMutex) for readPxMutex
    freertos.o(i.PxTask) refers to tasks.o(i.xTaskGenericNotify) for xTaskGenericNotify
    freertos.o(i.PxTask) refers to port.o(i.vPortYield) for vPortYield
    freertos.o(i.PxTask) refers to aos.o(.data) for portStatus
    freertos.o(i.PxTask) refers to aos_pd_usart.o(.data) for PcPort
    freertos.o(i.PxTask) refers to uart-interrupt-driven-command-console.o(.data) for xCommandConsoleTask
    freertos.o(i.StartDefaultTask) refers to cmsis_os.o(i.osDelay) for osDelay
    freertos.o(i.ulMainGetRunTimeCounterValue) refers to uidiv.o(.text) for __aeabi_uidivmod
    freertos.o(i.ulMainGetRunTimeCounterValue) refers to tasks.o(privileged_functions) for xTaskGetTickCountFromISR
    freertos.o(i.ulMainGetRunTimeCounterValue) refers to system_stm32f0xx.o(.data) for SystemCoreClock
    freertos.o(i.ulMainGetRunTimeCounterValue) refers to freertos.o(.data) for ulClocksPer10thOfAMilliSecond
    freertos.o(i.vMainConfigureTimerForRunTimeStats) refers to uidiv.o(.text) for __aeabi_uidivmod
    freertos.o(i.vMainConfigureTimerForRunTimeStats) refers to system_stm32f0xx.o(.data) for SystemCoreClock
    freertos.o(i.vMainConfigureTimerForRunTimeStats) refers to freertos.o(.data) for ulClocksPer10thOfAMilliSecond
    stm32f0xx_it.o(i.DMA1_Ch1_IRQHandler) refers to stm32f0xx_hal_dma.o(i.HAL_DMA_IRQHandler) for HAL_DMA_IRQHandler
    stm32f0xx_it.o(i.DMA1_Ch1_IRQHandler) refers to aos.o(i.GetUart) for GetUart
    stm32f0xx_it.o(i.DMA1_Ch1_IRQHandler) refers to main.o(i.SampleAndForward) for SampleAndForward
    stm32f0xx_it.o(i.DMA1_Ch1_IRQHandler) refers to stm32f0xx_hal_gpio.o(i.HAL_GPIO_WritePin) for HAL_GPIO_WritePin
    stm32f0xx_it.o(i.DMA1_Ch1_IRQHandler) refers to aos_pd_dma.o(.bss) for uplinkDMA1
    stm32f0xx_it.o(i.DMA1_Ch1_IRQHandler) refers to main.o(.data) for syncCodeMode0
    stm32f0xx_it.o(i.DMA1_Ch2_3_DMA2_Ch1_2_IRQHandler) refers to stm32f0xx_hal_dma.o(i.HAL_DMA_IRQHandler) for HAL_DMA_IRQHandler
    stm32f0xx_it.o(i.DMA1_Ch2_3_DMA2_Ch1_2_IRQHandler) refers to aos_pd_dma.o(.bss) for uplinkDMA2
    stm32f0xx_it.o(i.DMA1_Ch4_7_DMA2_Ch3_5_IRQHandler) refers to stm32f0xx_hal_dma.o(i.HAL_DMA_IRQHandler) for HAL_DMA_IRQHandler
    stm32f0xx_it.o(i.DMA1_Ch4_7_DMA2_Ch3_5_IRQHandler) refers to aos_pd_dma.o(.bss) for downlinkDMA1
    stm32f0xx_it.o(i.HAL_UART_RxCpltCallback) refers to aos.o(i.GetPort) for GetPort
    stm32f0xx_it.o(i.HAL_UART_RxCpltCallback) refers to queue.o(privileged_functions) for xQueueGiveFromISR
    stm32f0xx_it.o(i.HAL_UART_RxCpltCallback) refers to freertos.o(.bss) for PxSemaphoreHandle
    stm32f0xx_it.o(i.HAL_UART_RxCpltCallback) refers to aos_pd_usart.o(.data) for UartRxReady
    stm32f0xx_it.o(i.HAL_UART_TxCpltCallback) refers to aos.o(i.GetPort) for GetPort
    stm32f0xx_it.o(i.HAL_UART_TxCpltCallback) refers to queue.o(privileged_functions) for xQueueGiveFromISR
    stm32f0xx_it.o(i.HAL_UART_TxCpltCallback) refers to freertos.o(.bss) for PxSemaphoreHandle
    stm32f0xx_it.o(i.HAL_UART_TxCpltCallback) refers to aos_pd_usart.o(.data) for UartTxReady
    stm32f0xx_it.o(i.SysTick_Handler) refers to stm32f0xx_hal.o(i.HAL_IncTick) for HAL_IncTick
    stm32f0xx_it.o(i.SysTick_Handler) refers to cmsis_os.o(i.osSystickHandler) for osSystickHandler
    stm32f0xx_it.o(i.TIM2_IRQHandler) refers to stm32f0xx_hal_tim.o(i.HAL_TIM_IRQHandler) for HAL_TIM_IRQHandler
    stm32f0xx_it.o(i.TIM2_IRQHandler) refers to aos.o(.data) for myTrig
    stm32f0xx_it.o(i.TIM2_IRQHandler) refers to aos.o(.bss) for htim2
    stm32f0xx_it.o(i.USART1_IRQHandler) refers to stm32f0xx_hal_uart_ex.o(i.HAL_UART_IRQHandler) for HAL_UART_IRQHandler
    stm32f0xx_it.o(i.USART1_IRQHandler) refers to aos_pd_usart.o(.bss) for huart1
    stm32f0xx_it.o(i.USART2_IRQHandler) refers to stm32f0xx_hal_uart_ex.o(i.HAL_UART_IRQHandler) for HAL_UART_IRQHandler
[...]
    streamCommand                            0x080065ed   Thumb Code   342  aos_cli.o(i.streamCommand)
    i.streamTestCommand                      0x08006758   Section        0  aos_cli.o(i.streamTestCommand)
    streamTestCommand                        0x08006759   Thumb Code   348  aos_cli.o(i.streamTestCommand)
    i.ulMainGetRunTimeCounterValue           0x080068cc   Section        0  freertos.o(i.ulMainGetRunTimeCounterValue)
    i.ulTaskNotifyTake                       0x0800692c   Section        0  tasks.o(i.ulTaskNotifyTake)
    i.uxListRemove                           0x080069c8   Section        0  list.o(i.uxListRemove)
    i.uxTaskGetSystemState                   0x080069f0   Section        0  tasks.o(i.uxTaskGetSystemState)
    i.vApplicationMallocFailedHook           0x08006a8c   Section        0  stm32f0xx_it.o(i.vApplicationMallocFailedHook)
    i.vApplicationStackOverflowHook          0x08006a92   Section        0  stm32f0xx_it.o(i.vApplicationStackOverflowHook)
    i.vListInitialise                        0x08006a98   Section        0  list.o(i.vListInitialise)
    i.vListInitialiseItem                    0x08006ab2   Section        0  list.o(i.vListInitialiseItem)
    i.vListInsert                            0x08006ab8   Section        0  list.o(i.vListInsert)
    i.vListInsertEnd                         0x08006aee   Section        0  list.o(i.vListInsertEnd)
    i.vMainConfigureTimerForRunTimeStats     0x08006b08   Section        0  freertos.o(i.vMainConfigureTimerForRunTimeStats)
    i.vPortEnterCritical                     0x08006b28   Section        0  port.o(i.vPortEnterCritical)
    i.vPortExitCritical                      0x08006b44   Section        0  port.o(i.vPortExitCritical)
    i.vPortYield                             0x08006b6c   Section        0  port.o(i.vPortYield)
    i.vRegisterCLICommands                   0x08006b84   Section        0  aos_cli.o(i.vRegisterCLICommands)
    i.vUARTCommandConsoleStart               0x08006bd8   Section        0  uart-interrupt-driven-command-console.o(i.vUARTCommandConsoleStart)
    i.writePxITMutex                         0x08006c08   Section        0  aos_pd_usart.o(i.writePxITMutex)
    i.writePxMutex                           0x08006c40   Section        0  aos_pd_usart.o(i.writePxMutex)
    i.xPortSysTickHandler                    0x08006c90   Section        0  port.o(i.xPortSysTickHandler)
    i.xTaskGenericNotify                     0x08006cb4   Section        0  tasks.o(i.xTaskGenericNotify)
    privileged_functions                     0x08006d88   Section        0  queue.o(privileged_functions)
    prvUnlockQueue                           0x08006e7f   Thumb Code   138  queue.o(privileged_functions)
    prvIsQueueFull                           0x08006f09   Thumb Code    30  queue.o(privileged_functions)
    prvCopyDataToQueue                       0x08006f27   Thumb Code   132  queue.o(privileged_functions)
    prvIsQueueEmpty                          0x0800718d   Thumb Code    28  queue.o(privileged_functions)
    prvCopyDataFromQueue                     0x080071a9   Thumb Code    44  queue.o(privileged_functions)
    privileged_functions                     0x08007728   Section        0  port.o(privileged_functions)
    privileged_functions                     0x0800779c   Section        0  tasks.o(privileged_functions)
    prvInitialiseTaskLists                   0x0800779d   Thumb Code    68  tasks.o(privileged_functions)
    prvInitialiseTCBVariables                0x080077e1   Thumb Code    94  tasks.o(privileged_functions)
    prvAllocateTCBAndStack                   0x0800783f   Thumb Code    70  tasks.o(privileged_functions)
    prvAddCurrentTaskToDelayedList           0x08007c59   Thumb Code    62  tasks.o(privileged_functions)
    prvTaskIsTaskSuspended                   0x08007f85   Thumb Code    74  tasks.o(privileged_functions)
    prvDeleteTCB                             0x080080ef   Thumb Code    18  tasks.o(privileged_functions)
    prvCheckTasksWaitingTermination          0x08008101   Thumb Code    90  tasks.o(privileged_functions)
    prvTaskCheckFreeStackSpace               0x080081c1   Thumb Code    22  tasks.o(privileged_functions)
    prvListTaskWithinSingleList              0x080081d7   Thumb Code   176  tasks.o(privileged_functions)
    privileged_functions                     0x080087e4   Section        0  heap_4.o(privileged_functions)
    .constdata                               0x08008990   Section       16  stm32f0xx_hal_rcc.o(.constdata)
    .constdata                               0x080089a0   Section      128  aos_cli.o(.constdata)
    prvRunTimeStatsCommandDefinition         0x080089a0   Data          16  aos_cli.o(.constdata)
    prvTaskStatsCommandDefinition            0x080089b0   Data          16  aos_cli.o(.constdata)
    pingCommandDefinition                    0x080089c0   Data          16  aos_cli.o(.constdata)
    sampleCommandDefinition                  0x080089d0   Data          16  aos_cli.o(.constdata)
    bootloaderUpdateCommandDefinition        0x080089e0   Data          16  aos_cli.o(.constdata)
    streamCommandDefinition                  0x080089f0   Data          16  aos_cli.o(.constdata)
    streamTestCommandDefinition              0x08008a00   Data          16  aos_cli.o(.constdata)
    setCommandDefinition                     0x08008a10   Data          16  aos_cli.o(.constdata)
    .constdata                               0x08008a20   Section       20  tasks.o(.constdata)
    ucExpectedStackBytes                     0x08008a20   Data          20  tasks.o(.constdata)
    .constdata                               0x08008a34   Section       16  freertos_cli.o(.constdata)
    xHelpCommand                             0x08008a34   Data          16  freertos_cli.o(.constdata)
    .constdata                               0x08008a44   Section      129  ctype_o.o(.constdata)
    .constdata                               0x08008ac8   Section        4  ctype_o.o(.constdata)
    table                                    0x08008ac8   Data           4  ctype_o.o(.constdata)
    .conststring                             0x08008acc   Section     1679  aos_cli.o(.conststring)
    .conststring                             0x0800915c   Section      221  freertos_cli.o(.conststring)
    .conststring                             0x0800923c   Section      741  uart-interrupt-driven-command-console.o(.conststring)
    .data                                    0x20000000   Section      208  freertos.o(.data)
    array                                    0x20000000   Data         168  freertos.o(.data)
    errFlag                                  0x200000a8   Data           1  freertos.o(.data)
    ulClocksPer10thOfAMilliSecond            0x200000ac   Data           4  freertos.o(.data)
    .data                                    0x200000d0   Section      214  main.o(.data)
    array                                    0x200000d0   Data         168  main.o(.data)
    errFlag                                  0x20000178   Data           1  main.o(.data)
    .data                                    0x200001a8   Section       20  system_stm32f0xx.o(.data)
    .data                                    0x200001bc   Section        4  stm32f0xx_hal.o(.data)
    uwTick                                   0x200001bc   Data           4  stm32f0xx_hal.o(.data)
    .data                                    0x200001c0   Section      180  aos.o(.data)
    array                                    0x200001c0   Data         168  aos.o(.data)
    errFlag                                  0x20000268   Data           1  aos.o(.data)
    .data                                    0x20000274   Section      172  aos_pd_usart.o(.data)
    array                                    0x20000274   Data         168  aos_pd_usart.o(.data)
    errFlag                                  0x2000031c   Data           1  aos_pd_usart.o(.data)
    .data                                    0x20000320   Section      216  aos_cli.o(.data)
    array                                    0x20000320   Data         168  aos_cli.o(.data)
    errFlag                                  0x200003c8   Data           1  aos_cli.o(.data)
    pcBootloaderUpdateMessage                0x200003cc   Data           4  aos_cli.o(.data)
    pcMessage                                0x200003d0   Data           4  aos_cli.o(.data)
    pcMessage                                0x200003d4   Data           4  aos_cli.o(.data)
    pcMessage                                0x200003d8   Data           4  aos_cli.o(.data)
    pcMessageMaxRate                         0x200003dc   Data           4  aos_cli.o(.data)
    pcMessage                                0x200003e0   Data           4  aos_cli.o(.data)
    pcMessageMaxRate                         0x200003e4   Data           4  aos_cli.o(.data)
    pcMode0                                  0x200003e8   Data           4  aos_cli.o(.data)
    pcMode1                                  0x200003ec   Data           4  aos_cli.o(.data)
    pcMode2                                  0x200003f0   Data           4  aos_cli.o(.data)
    pcMode3                                  0x200003f4   Data           4  aos_cli.o(.data)
    .data                                    0x200003f8   Section        4  port.o(.data)
    uxCriticalNesting                        0x200003f8   Data           4  port.o(.data)
    .data                                    0x200003fc   Section       24  heap_4.o(.data)
    xStart                                   0x200003fc   Data           8  heap_4.o(.data)
    pxEnd                                    0x20000404   Data           4  heap_4.o(.data)
    xFreeBytesRemaining                      0x20000408   Data           4  heap_4.o(.data)
    xMinimumEverFreeBytesRemaining           0x2000040c   Data           4  heap_4.o(.data)
    xBlockAllocatedBit                       0x20000410   Data           4  heap_4.o(.data)
    .data                                    0x20000414   Section       20  freertos_cli.o(.data)
    xRegisteredCommands                      0x20000414   Data           8  freertos_cli.o(.data)
    pxLastCommandInList                      0x2000041c   Data           4  freertos_cli.o(.data)
    pxCommand                                0x20000420   Data           4  freertos_cli.o(.data)
    pxCommand                                0x20000424   Data           4  freertos_cli.o(.data)
    .data                                    0x20000428   Section      188  uart-interrupt-driven-command-console.o(.data)
    array                                    0x20000428   Data         168  uart-interrupt-driven-command-console.o(.data)
    errFlag                                  0x200004d0   Data           1  uart-interrupt-driven-command-console.o(.data)
    pcWelcomeMessage                         0x200004d8   Data           4  uart-interrupt-driven-command-console.o(.data)
    pcNewLine                                0x200004dc   Data           4  uart-interrupt-driven-command-console.o(.data)
    pcEndOfCommandOutputString               0x200004e0   Data           4  uart-interrupt-driven-command-console.o(.data)
    .data                                    0x200004e4   Section        4  rand.o(.data)
    _rand_state                              0x200004e4   Data           4  rand.o(.data)
    .data                                    0x200004e8   Section        4  errno.o(.data)
    _errno                                   0x200004e8   Data           4  errno.o(.data)
    privileged_data                          0x200004ec   Section      304  tasks.o(privileged_data)
    pxReadyTasksLists                        0x200004f0   Data         140  tasks.o(privileged_data)
    xDelayedTaskList1                        0x2000057c   Data          20  tasks.o(privileged_data)
    xDelayedTaskList2                        0x20000590   Data          20  tasks.o(privileged_data)
    pxDelayedTaskList                        0x200005a4   Data           4  tasks.o(privileged_data)
    pxOverflowDelayedTaskList                0x200005a8   Data           4  tasks.o(privileged_data)
    xPendingReadyList                        0x200005ac   Data          20  tasks.o(privileged_data)
    xTasksWaitingTermination                 0x200005c0   Data          20  tasks.o(privileged_data)
    uxTasksDeleted                           0x200005d4   Data           4  tasks.o(privileged_data)
    xSuspendedTaskList                       0x200005d8   Data          20  tasks.o(privileged_data)
    uxCurrentNumberOfTasks                   0x200005ec   Data           4  tasks.o(privileged_data)
    xTickCount                               0x200005f0   Data           4  tasks.o(privileged_data)
    uxTopReadyPriority                       0x200005f4   Data           4  tasks.o(privileged_data)
    xSchedulerRunning                        0x200005f8   Data           4  tasks.o(privileged_data)
    uxPendedTicks                            0x200005fc   Data           4  tasks.o(privileged_data)
    xYieldPending                            0x20000600   Data           4  tasks.o(privileged_data)
    xNumOfOverflows                          0x20000604   Data           4  tasks.o(privileged_data)
    uxTaskNumber                             0x20000608   Data           4  tasks.o(privileged_data)
    xNextTaskUnblockTime                     0x2000060c   Data           4  tasks.o(privileged_data)
    uxSchedulerSuspended                     0x20000610   Data           4  tasks.o(privileged_data)
    ulTaskSwitchedInTime                     0x20000614   Data           4  tasks.o(privileged_data)
    ulTotalRunTime                           0x20000618   Data           4  tasks.o(privileged_data)
    .bss                                     0x2000061c   Section       28  freertos.o(.bss)
    .bss                                     0x20000638   Section      180  aos.o(.bss)
    .bss                                     0x200006ec   Section      672  aos_pd_usart.o(.bss)
    .bss                                     0x2000098c   Section       76  aos_pd_adc.o(.bss)
    .bss                                     0x200009d8   Section      280  aos_pd_dma.o(.bss)
    .bss                                     0x20000af0   Section       64  queue.o(.bss)
    .bss                                     0x20000b30   Section    12288  heap_4.o(.bss)
    ucHeap                                   0x20000b30   Data       12288  heap_4.o(.bss)
    .bss                                     0x20003b30   Section     1024  freertos_cli.o(.bss)
    cOutputBuffer                            0x20003b30   Data        1024  freertos_cli.o(.bss)
    .bss                                     0x20003f30   Section      100  uart-interrupt-driven-command-console.o(.bss)
    cInputString                             0x20003f30   Data          50  uart-interrupt-driven-command-console.o(.bss)
    cLastInputString                         0x20003f62   Data          50  uart-interrupt-driven-command-console.o(.bss)
    STACK                                    0x20003f98   Section    12288  startup_stm32f091xc.o(STACK)

    Global Symbols

    Symbol Name                              Value     Ov Type        Size  Object(Section)

    BuildAttributes$$THM_ISAv3M$S$PE$A:L22$X:L11$S22$IEEE1$IW$USESV6$~STKCKD$USESV7$~SHL$OTIME$ROPI$IEEEJ$EBA8$MICROLIB$REQ8$PRES8$EABIv2 0x00000000   Number         0  anon$$obj.o ABSOLUTE
    __ARM_use_no_argv                        0x00000000   Number         0  main.o ABSOLUTE
    _printf_a                                0x00000000   Number         0  stubs.o ABSOLUTE
    _printf_c                                0x00000000   Number         0  stubs.o ABSOLUTE
    _printf_charcount                        0x00000000   Number         0  stubs.o ABSOLUTE
    _printf_d                                0x00000000   Number         0  stubs.o ABSOLUTE
    _printf_e                                0x00000000   Number         0  stubs.o ABSOLUTE
    _printf_f                                0x00000000   Number         0  stubs.o ABSOLUTE
    _printf_flags                            0x00000000   Number         0  stubs.o ABSOLUTE
    _printf_fp_dec                           0x00000000   Number         0  stubs.o ABSOLUTE
    _printf_fp_hex                           0x00000000   Number         0  stubs.o ABSOLUTE
    _printf_g                                0x00000000   Number         0  stubs.o ABSOLUTE
    _printf_i                                0x00000000   Number         0  stubs.o ABSOLUTE
    _printf_int_dec                          0x00000000   Number         0  stubs.o ABSOLUTE
    _printf_l                                0x00000000   Number         0  stubs.o ABSOLUTE
    _printf_lc                               0x00000000   Number         0  stubs.o ABSOLUTE
    _printf_ll                               0x00000000   Number         0  stubs.o ABSOLUTE
    _printf_lld                              0x00000000   Number         0  stubs.o ABSOLUTE
    _printf_lli                              0x00000000   Number         0  stubs.o ABSOLUTE
    _printf_llo                              0x00000000   Number         0  stubs.o ABSOLUTE
    _printf_llu                              0x00000000   Number         0  stubs.o ABSOLUTE
    _printf_llx                              0x00000000   Number         0  stubs.o ABSOLUTE
    _printf_longlong_dec                     0x00000000   Number         0  stubs.o ABSOLUTE
    _printf_longlong_hex                     0x00000000   Number         0  stubs.o ABSOLUTE
    _printf_longlong_oct                     0x00000000   Number         0  stubs.o ABSOLUTE
    _printf_ls                               0x00000000   Number         0  stubs.o ABSOLUTE
    _printf_mbtowc                           0x00000000   Number         0  stubs.o ABSOLUTE
    _printf_n                                0x00000000   Number         0  stubs.o ABSOLUTE
    _printf_o                                0x00000000   Number         0  stubs.o ABSOLUTE
    _printf_p                                0x00000000   Number         0  stubs.o ABSOLUTE
    _printf_percent                          0x00000000   Number         0  stubs.o ABSOLUTE
    _printf_pre_padding                      0x00000000   Number         0  stubs.o ABSOLUTE
    _printf_return_value                     0x00000000   Number         0  stubs.o ABSOLUTE
    _printf_s                                0x00000000   Number         0  stubs.o ABSOLUTE
    _printf_sizespec                         0x00000000   Number         0  stubs.o ABSOLUTE
    _printf_str                              0x00000000   Number         0  stubs.o ABSOLUTE
    _printf_truncate_signed                  0x00000000   Number         0  stubs.o ABSOLUTE
    _printf_truncate_unsigned                0x00000000   Number         0  stubs.o ABSOLUTE
    _printf_u                                0x00000000   Number         0  stubs.o ABSOLUTE
    _printf_wc                               0x00000000   Number         0  stubs.o ABSOLUTE
    _printf_wctomb                           0x00000000   Number         0  stubs.o ABSOLUTE
    _printf_widthprec                        0x00000000   Number         0  stubs.o ABSOLUTE
    _printf_x                                0x00000000   Number         0  stubs.o ABSOLUTE
    __cpp_initialize__aeabi_                  - Undefined Weak Reference
    __cxa_finalize                            - Undefined Weak Reference
    _clock_init                               - Undefined Weak Reference
    _microlib_exit                            - Undefined Weak Reference
    __Vectors_Size                           0x000000bc   Number         0  startup_stm32f091xc.o ABSOLUTE
    __Vectors                                0x08000000   Data           4  startup_stm32f091xc.o(RESET)
    __Vectors_End                            0x080000bc   Data           0  startup_stm32f091xc.o(RESET)
    __main                                   0x080000bd   Thumb Code     0  entry.o(.ARM.Collect$$$$00000000)
    _main_stk                                0x080000bd   Thumb Code     0  entry2.o(.ARM.Collect$$$$00000001)
    _main_scatterload                        0x080000c1   Thumb Code     0  entry5.o(.ARM.Collect$$$$00000004)
    __main_after_scatterload                 0x080000c5   Thumb Code     0  entry5.o(.ARM.Collect$$$$00000004)
    _main_clock                              0x080000c5   Thumb Code     0  entry7b.o(.ARM.Collect$$$$00000008)
    _main_cpp_init                           0x080000c5   Thumb Code     0  entry8b.o(.ARM.Collect$$$$0000000A)
    _main_init                               0x080000c5   Thumb Code     0  entry9a.o(.ARM.Collect$$$$0000000B)
    __rt_final_cpp                           0x080000cd   Thumb Code     0  entry10a.o(.ARM.Collect$$$$0000000D)
    __rt_final_exit                          0x080000cd   Thumb Code     0  entry11a.o(.ARM.Collect$$$$0000000F)
    __asm___6_port_c_39a90d8d__prvPortStartFirstTask 0x080000d1   Thumb Code    28  port.o(.emb_text)
    ulSetInterruptMaskFromISR                0x080000f1   Thumb Code     8  port.o(.emb_text)
    vClearInterruptMaskFromISR               0x080000f9   Thumb Code     6  port.o(.emb_text)
    PendSV_Handler                           0x080000ff   Thumb Code    62  port.o(.emb_text)
    Reset_Handler                            0x08000141   Thumb Code    20  startup_stm32f091xc.o(.text)
    Reboot_Loader                            0x08000155   Thumb Code    22  startup_stm32f091xc.o(.text)
    NMI_Handler                              0x0800016b   Thumb Code     2  startup_stm32f091xc.o(.text)
    HardFault_Handler                        0x0800016d   Thumb Code     2  startup_stm32f091xc.o(.text)
    ADC1_COMP_IRQHandler                     0x08000175   Thumb Code     0  startup_stm32f091xc.o(.text)
    CEC_CAN_IRQHandler                       0x08000175   Thumb Code     0  startup_stm32f091xc.o(.text)
    EXTI0_1_IRQHandler                       0x08000175   Thumb Code     0  startup_stm32f091xc.o(.text)
    EXTI2_3_IRQHandler                       0x08000175   Thumb Code     0  startup_stm32f091xc.o(.text)
    EXTI4_15_IRQHandler                      0x08000175   Thumb Code     0  startup_stm32f091xc.o(.text)
    FLASH_IRQHandler                         0x08000175   Thumb Code     0  startup_stm32f091xc.o(.text)
    I2C1_IRQHandler                          0x08000175   Thumb Code     0  startup_stm32f091xc.o(.text)
    I2C2_IRQHandler                          0x08000175   Thumb Code     0  startup_stm32f091xc.o(.text)
    PVD_VDDIO2_IRQHandler                    0x08000175   Thumb Code     0  startup_stm32f091xc.o(.text)
    RCC_CRS_IRQHandler                       0x08000175   Thumb Code     0  startup_stm32f091xc.o(.text)
    RTC_IRQHandler                           0x08000175   Thumb Code     0  startup_stm32f091xc.o(.text)
    SPI1_IRQHandler                          0x08000175   Thumb Code     0  startup_stm32f091xc.o(.text)
    SPI2_IRQHandler                          0x08000175   Thumb Code     0  startup_stm32f091xc.o(.text)
    TIM14_IRQHandler                         0x08000175   Thumb Code     0  startup_stm32f091xc.o(.text)
    TIM15_IRQHandler                         0x08000175   Thumb Code     0  startup_stm32f091xc.o(.text)
    TIM16_IRQHandler                         0x08000175   Thumb Code     0  startup_stm32f091xc.o(.text)
    TIM17_IRQHandler                         0x08000175   Thumb Code     0  startup_stm32f091xc.o(.text)
    TIM1_BRK_UP_TRG_COM_IRQHandler           0x08000175   Thumb Code     0  startup_stm32f091xc.o(.text)
    TIM1_CC_IRQHandler                       0x08000175   Thumb Code     0  startup_stm32f091xc.o(.text)
    TIM3_IRQHandler                          0x08000175   Thumb Code     0  startup_stm32f091xc.o(.text)
    TIM6_DAC_IRQHandler                      0x08000175   Thumb Code     0  startup_stm32f091xc.o(.text)
    TIM7_IRQHandler                          0x08000175   Thumb Code     0  startup_stm32f091xc.o(.text)
    TSC_IRQHandler                           0x08000175   Thumb Code     0  startup_stm32f091xc.o(.text)
    WWDG_IRQHandler                          0x08000175   Thumb Code     0  startup_stm32f091xc.o(.text)
    __aeabi_uidiv                            0x08000199   Thumb Code     0  uidiv.o(.text)
    __aeabi_uidivmod                         0x08000199   Thumb Code    44  uidiv.o(.text)
    __aeabi_llsr                             0x080001c5   Thumb Code    34  llushr.o(.text)
    _ll_ushift_r                             0x080001c5   Thumb Code     0  llushr.o(.text)
    rand                                     0x080001e9   Thumb Code    18  rand.o(.text)
    srand                                    0x080001fb   Thumb Code     6  rand.o(.text)
    __aeabi_memcpy                           0x0800020d   Thumb Code    36  memcpya.o(.text)
    __aeabi_memcpy4                          0x0800020d   Thumb Code     0  memcpya.o(.text)
    __aeabi_memcpy8                          0x0800020d   Thumb Code     0  memcpya.o(.text)
    __aeabi_memset                           0x08000231   Thumb Code    14  memseta.o(.text)
    __aeabi_memset4                          0x08000231   Thumb Code     0  memseta.o(.text)
    __aeabi_memset8                          0x08000231   Thumb Code     0  memseta.o(.text)
    __aeabi_memclr                           0x0800023f   Thumb Code     4  memseta.o(.text)
    __aeabi_memclr4                          0x0800023f   Thumb Code     0  memseta.o(.text)
    __aeabi_memclr8                          0x0800023f   Thumb Code     0  memseta.o(.text)
    _memset$wrapper                          0x08000243   Thumb Code    18  memseta.o(.text)
    strcat                                   0x08000255   Thumb Code    24  strcat.o(.text)
    strncpy                                  0x0800026d   Thumb Code    26  strncpy.o(.text)
    strlen                                   0x08000287   Thumb Code    14  strlen.o(.text)
    strcmp                                   0x08000295   Thumb Code    28  strcmp.o(.text)
    memcmp                                   0x080002b1   Thumb Code    26  memcmp.o(.text)
    strcpy                                   0x080002cb   Thumb Code    18  strcpy.o(.text)
    strncmp                                  0x080002dd   Thumb Code    30  strncmp.o(.text)
    atoi                                     0x080002fb   Thumb Code    26  atoi.o(.text)
    atol                                     0x08000315   Thumb Code    26  atol.o(.text)
    __aeabi_f2d                              0x0800032f   Thumb Code    40  f2d.o(.text)
    __aeabi_d2f                              0x08000357   Thumb Code    56  d2f.o(.text)
    __aeabi_cfcmpeq                          0x08000391   Thumb Code     0  cfcmple.o(.text)
    __aeabi_cfcmple                          0x08000391   Thumb Code    20  cfcmple.o(.text)
    __aeabi_uldivmod                         0x080003a5   Thumb Code    96  uldiv.o(.text)
    __strtod_int                             0x0800043b   Thumb Code    92  strtod.o(.text)
    strtol                                   0x080004a9   Thumb Code   108  strtol.o(.text)
    __I$use$fp                               0x08000519   Thumb Code     0  iusefp.o(.text)
    _float_round                             0x08000519   Thumb Code    16  fepilogue.o(.text)
    _float_epilogue                          0x08000529   Thumb Code   114  fepilogue.o(.text)
    __aeabi_dadd                             0x0800059d   Thumb Code   328  dadd.o(.text)
    __aeabi_dsub                             0x080006e5   Thumb Code    12  dadd.o(.text)
    __aeabi_drsub                            0x080006f1   Thumb Code    12  dadd.o(.text)
    __aeabi_dmul                             0x08000701   Thumb Code   202  dmul.o(.text)
    __aeabi_ddiv                             0x080007d1   Thumb Code   234  ddiv.o(.text)
    __aeabi_d2ulz                            0x080008c1   Thumb Code    54  dfixul.o(.text)
    __aeabi_cdrcmple                         0x08000901   Thumb Code    38  cdrcmple.o(.text)
    __scatterload                            0x08000929   Thumb Code    28  init.o(.text)
    __scatterload_rt2                        0x08000929   Thumb Code     0  init.o(.text)
    __aeabi_llsl                             0x0800094d   Thumb Code    32  llshl.o(.text)
    _ll_shift_l                              0x0800094d   Thumb Code     0  llshl.o(.text)
    __aeabi_lasr                             0x0800096d   Thumb Code    38  llsshr.o(.text)
    _ll_sshift_r                             0x0800096d   Thumb Code     0  llsshr.o(.text)
    __rt_ctype_table                         0x08000995   Thumb Code     4  ctype_o.o(.text)
    isspace                                  0x0800099d   Thumb Code    18  isspace_o.o(.text)
    _scanf_real                              0x08000aa7   Thumb Code     0  scanf_fp.o(.text)
    _scanf_really_real                       0x08000aa7   Thumb Code   586  scanf_fp.o(.text)
    _sgetc                                   0x08000cfd   Thumb Code    32  _sgetc.o(.text)
    _sbackspace                              0x08000d1d   Thumb Code    36  _sgetc.o(.text)
    _strtoul                                 0x08000d41   Thumb Code   166  _strtoul.o(.text)
    _double_round                            0x08000de7   Thumb Code    26  depilogue.o(.text)
    _double_epilogue                         0x08000e01   Thumb Code   164  depilogue.o(.text)
    __aeabi_lmul                             0x08000ea5   Thumb Code   122  llmul.o(.text)
    _ll_mul                                  0x08000ea5   Thumb Code     0  llmul.o(.text)
    _chval                                   0x08000f1f   Thumb Code    30  _chval.o(.text)
    __aeabi_ul2d                             0x08000f3d   Thumb Code    22  dfltul.o(.text)
    __decompress                             0x08000f59   Thumb Code     0  __dclz77c.o(.text)
    __decompress2                            0x08000f59   Thumb Code    96  __dclz77c.o(.text)
    AOS_init                                 0x080011a5   Thumb Code   152  aos.o(i.AOS_init)
    DMA1_Ch1_IRQHandler                      0x08001249   Thumb Code   308  stm32f0xx_it.o(i.DMA1_Ch1_IRQHandler)
    DMA1_Ch2_3_DMA2_Ch1_2_IRQHandler         0x080013a9   Thumb Code    48  stm32f0xx_it.o(i.DMA1_Ch2_3_DMA2_Ch1_2_IRQHandler)
    DMA1_Ch4_7_DMA2_Ch3_5_IRQHandler         0x080013e9   Thumb Code    50  stm32f0xx_it.o(i.DMA1_Ch4_7_DMA2_Ch3_5_IRQHandler)
    DownlinkDMA1_Init                        0x08001449   Thumb Code    42  aos_pd_dma.o(i.DownlinkDMA1_Init)
    DownlinkDMA1_Setup                       0x0800147d   Thumb Code   378  aos_pd_dma.o(i.DownlinkDMA1_Setup)
    DownlinkDMA2_Init                        0x08001629   Thumb Code    42  aos_pd_dma.o(i.DownlinkDMA2_Init)
    DownlinkDMA3_Init                        0x0800165d   Thumb Code    42  aos_pd_dma.o(i.DownlinkDMA3_Init)
    FreeRTOS_CLIGetOutputBuffer              0x08001691   Thumb Code     4  freertos_cli.o(i.FreeRTOS_CLIGetOutputBuffer)
    FreeRTOS_CLIGetParameter                 0x08001699   Thumb Code   102  freertos_cli.o(i.FreeRTOS_CLIGetParameter)
    FreeRTOS_CLIProcessCommand               0x08001701   Thumb Code   204  freertos_cli.o(i.FreeRTOS_CLIProcessCommand)
    FreeRTOS_CLIRegisterCommand              0x080017dd   Thumb Code    68  freertos_cli.o(i.FreeRTOS_CLIRegisterCommand)
    FrontEndTask                             0x08001825   Thumb Code    18  main.o(i.FrontEndTask)
    GetPort                                  0x08001839   Thumb Code    78  aos.o(i.GetPort)
    GetUart                                  0x080018a1   Thumb Code    48  aos.o(i.GetUart)
    HAL_ADC_ConfigChannel                    0x080018e9   Thumb Code   412  stm32f0xx_hal_adc.o(i.HAL_ADC_ConfigChannel)
    HAL_ADC_GetValue                         0x08001a95   Thumb Code    14  stm32f0xx_hal_adc.o(i.HAL_ADC_GetValue)
    HAL_ADC_Init                             0x08001aa5   Thumb Code   422  stm32f0xx_hal_adc.o(i.HAL_ADC_Init)
    HAL_ADC_MspInit                          0x08001c55   Thumb Code    66  aos_pd_adc.o(i.HAL_ADC_MspInit)
    HAL_ADC_PollForConversion                0x08001ca5   Thumb Code   228  stm32f0xx_hal_adc.o(i.HAL_ADC_PollForConversion)
    HAL_ADC_Start                            0x08001d89   Thumb Code   114  stm32f0xx_hal_adc.o(i.HAL_ADC_Start)
    HAL_ADC_Stop                             0x08001e01   Thumb Code    80  stm32f0xx_hal_adc.o(i.HAL_ADC_Stop)
    HAL_DMA_IRQHandler                       0x08001e51   Thumb Code  2324  stm32f0xx_hal_dma.o(i.HAL_DMA_IRQHandler)
    HAL_DMA_Init                             0x0800276d   Thumb Code    86  stm32f0xx_hal_dma.o(i.HAL_DMA_Init)
    HAL_DMA_Start_IT                         0x080027c9   Thumb Code   114  stm32f0xx_hal_dma.o(i.HAL_DMA_Start_IT)
    HAL_Delay                                0x0800283b   Thumb Code    26  stm32f0xx_hal.o(i.HAL_Delay)
    HAL_GPIO_Init                            0x08002855   Thumb Code   480  stm32f0xx_hal_gpio.o(i.HAL_GPIO_Init)
    HAL_GPIO_TogglePin                       0x08002a51   Thumb Code     8  stm32f0xx_hal_gpio.o(i.HAL_GPIO_TogglePin)
    HAL_GPIO_WritePin                        0x08002a59   Thumb Code    12  stm32f0xx_hal_gpio.o(i.HAL_GPIO_WritePin)
    HAL_GetTick                              0x08002a65   Thumb Code     6  stm32f0xx_hal.o(i.HAL_GetTick)
    HAL_IncTick                              0x08002a71   Thumb Code    12  stm32f0xx_hal.o(i.HAL_IncTick)
    HAL_Init                                 0x08002a81   Thumb Code    28  stm32f0xx_hal.o(i.HAL_Init)
    HAL_InitTick                             0x08002aa1   Thumb Code    38  stm32f0xx_hal.o(i.HAL_InitTick)
    HAL_MspInit                              0x08002ac7   Thumb Code     2  stm32f0xx_hal.o(i.HAL_MspInit)
    HAL_NVIC_EnableIRQ                       0x08002ac9   Thumb Code    18  stm32f0xx_hal_cortex.o(i.HAL_NVIC_EnableIRQ)
    HAL_NVIC_SetPriority                     0x08002ae1   Thumb Code    18  stm32f0xx_hal_cortex.o(i.HAL_NVIC_SetPriority)
    HAL_RCCEx_PeriphCLKConfig                0x08002af5   Thumb Code   368  stm32f0xx_hal_rcc_ex.o(i.HAL_RCCEx_PeriphCLKConfig)
    HAL_RCC_ClockConfig                      0x08002c71   Thumb Code   702  stm32f0xx_hal_rcc.o(i.HAL_RCC_ClockConfig)
    HAL_RCC_GetHCLKFreq                      0x08002f3d   Thumb Code    32  stm32f0xx_hal_rcc.o(i.HAL_RCC_GetHCLKFreq)
    HAL_RCC_GetPCLK1Freq                     0x08002f69   Thumb Code    26  stm32f0xx_hal_rcc.o(i.HAL_RCC_GetPCLK1Freq)
    HAL_RCC_GetSysClockFreq                  0x08002f8d   Thumb Code   194  stm32f0xx_hal_rcc.o(i.HAL_RCC_GetSysClockFreq)
    HAL_RCC_OscConfig                        0x0800307d   Thumb Code  1622  stm32f0xx_hal_rcc.o(i.HAL_RCC_OscConfig)
    HAL_SYSTICK_Config                       0x080036d9   Thumb Code    46  stm32f0xx_hal_cortex.o(i.HAL_SYSTICK_Config)
    HAL_TIMEx_BreakCallback                  0x08003711   Thumb Code     2  stm32f0xx_hal_tim_ex.o(i.HAL_TIMEx_BreakCallback)
    HAL_TIMEx_CommutationCallback            0x08003713   Thumb Code     2  stm32f0xx_hal_tim_ex.o(i.HAL_TIMEx_CommutationCallback)
    HAL_TIMEx_MasterConfigSynchronization    0x08003715   Thumb Code    98  stm32f0xx_hal_tim_ex.o(i.HAL_TIMEx_MasterConfigSynchronization)
    HAL_TIM_Base_Init                        0x08003777   Thumb Code    56  stm32f0xx_hal_tim.o(i.HAL_TIM_Base_Init)
    HAL_TIM_Base_MspInit                     0x080037af   Thumb Code     2  stm32f0xx_hal_tim.o(i.HAL_TIM_Base_MspInit)
    HAL_TIM_Base_Start                       0x080037b1   Thumb Code    30  stm32f0xx_hal_tim.o(i.HAL_TIM_Base_Start)
    HAL_TIM_Base_Stop                        0x080037d1   Thumb Code    58  stm32f0xx_hal_tim.o(i.HAL_TIM_Base_Stop)
    HAL_TIM_IC_CaptureCallback               0x08003811   Thumb Code     2  stm32f0xx_hal_tim.o(i.HAL_TIM_IC_CaptureCallback)
    HAL_TIM_IRQHandler                       0x08003813   Thumb Code   456  stm32f0xx_hal_tim.o(i.HAL_TIM_IRQHandler)
    HAL_TIM_OC_DelayElapsedCallback          0x080039db   Thumb Code     2  stm32f0xx_hal_tim.o(i.HAL_TIM_OC_DelayElapsedCallback)
    HAL_TIM_PWM_PulseFinishedCallback        0x080039dd   Thumb Code     2  stm32f0xx_hal_tim.o(i.HAL_TIM_PWM_PulseFinishedCallback)
    HAL_TIM_PeriodElapsedCallback            0x080039df   Thumb Code     2  stm32f0xx_hal_tim.o(i.HAL_TIM_PeriodElapsedCallback)
    HAL_TIM_TriggerCallback                  0x080039e1   Thumb Code     2  stm32f0xx_hal_tim.o(i.HAL_TIM_TriggerCallback)
    HAL_UARTEx_WakeupCallback                0x080039e3   Thumb Code     2  stm32f0xx_hal_uart_ex.o(i.HAL_UARTEx_WakeupCallback)
    HAL_UART_ErrorCallback                   0x080039e5   Thumb Code     2  stm32f0xx_hal_uart.o(i.HAL_UART_ErrorCallback)
    HAL_UART_IRQHandler                      0x080039e7   Thumb Code   334  stm32f0xx_hal_uart_ex.o(i.HAL_UART_IRQHandler)
    HAL_UART_Init                            0x08003b35   Thumb Code   130  stm32f0xx_hal_uart.o(i.HAL_UART_Init)
    HAL_UART_MspInit                         0x08003bb9   Thumb Code   674  aos_pd_usart.o(i.HAL_UART_MspInit)
    HAL_UART_Receive                         0x08003e89   Thumb Code   326  stm32f0xx_hal_uart.o(i.HAL_UART_Receive)
    HAL_UART_Receive_DMA                     0x08003fd5   Thumb Code   158  stm32f0xx_hal_uart.o(i.HAL_UART_Receive_DMA)
    HAL_UART_RxCpltCallback                  0x08004081   Thumb Code    36  stm32f0xx_it.o(i.HAL_UART_RxCpltCallback)
    HAL_UART_RxHalfCpltCallback              0x080040ad   Thumb Code     2  stm32f0xx_hal_uart.o(i.HAL_UART_RxHalfCpltCallback)
    HAL_UART_Transmit                        0x080040af   Thumb Code   238  stm32f0xx_hal_uart.o(i.HAL_UART_Transmit)
    HAL_UART_Transmit_IT                     0x0800419d   Thumb Code   132  stm32f0xx_hal_uart.o(i.HAL_UART_Transmit_IT)
    HAL_UART_TxCpltCallback                  0x08004221   Thumb Code    36  stm32f0xx_it.o(i.HAL_UART_TxCpltCallback)
    IND_LED_Init                             0x0800424d   Thumb Code    34  aos_pd_gpio.o(i.IND_LED_Init)
    MX_ADC_Init                              0x08004271   Thumb Code    72  aos_pd_adc.o(i.MX_ADC_Init)
    MX_DMA_Init                              0x080042c1   Thumb Code    80  aos_pd_dma.o(i.MX_DMA_Init)
    MX_FREERTOS_Init                         0x08004315   Thumb Code   308  freertos.o(i.MX_FREERTOS_Init)
    MX_GPIO_Init                             0x080044c5   Thumb Code   130  aos_pd_gpio.o(i.MX_GPIO_Init)
    MX_TIM2_Init                             0x0800454d   Thumb Code    86  aos.o(i.MX_TIM2_Init)
    MX_TIM7_Init                             0x080045ad   Thumb Code    70  aos.o(i.MX_TIM7_Init)
    MX_UART_Init                             0x08004601   Thumb Code    28  aos_pd_usart.o(i.MX_UART_Init)
    MX_USART1_UART_Init                      0x0800461d   Thumb Code    48  aos_pd_usart.o(i.MX_USART1_UART_Init)
    MX_USART2_UART_Init                      0x08004659   Thumb Code    56  aos_pd_usart.o(i.MX_USART2_UART_Init)
    MX_USART3_UART_Init                      0x0800469d   Thumb Code    48  aos_pd_usart.o(i.MX_USART3_UART_Init)
    MX_USART4_UART_Init                      0x080046d9   Thumb Code    48  aos_pd_usart.o(i.MX_USART4_UART_Init)
    MX_USART7_UART_Init                      0x08004715   Thumb Code    56  aos_pd_usart.o(i.MX_USART7_UART_Init)
    MX_USART8_UART_Init                      0x08004759   Thumb Code    48  aos_pd_usart.o(i.MX_USART8_UART_Init)
    PxTask                                   0x0800480d   Thumb Code    78  freertos.o(i.PxTask)
    SVC_Handler                              0x08004869   Thumb Code     2  port.o(i.SVC_Handler)
    SampleAndForward                         0x0800486d   Thumb Code   168  main.o(i.SampleAndForward)
    SamplePD                                 0x08004925   Thumb Code    44  aos_pd_adc.o(i.SamplePD)
    StartDefaultTask                         0x08004955   Thumb Code    12  freertos.o(i.StartDefaultTask)
    StreamSetup                              0x08004961   Thumb Code    54  main.o(i.StreamSetup)
    SysTick_Handler                          0x0800499d   Thumb Code    12  stm32f0xx_it.o(i.SysTick_Handler)
    SystemClock_Config                       0x080049a9   Thumb Code   124  aos.o(i.SystemClock_Config)
    SystemInit                               0x08004a2d   Thumb Code   102  system_stm32f0xx.o(i.SystemInit)
    TIM2_IRQHandler                          0x08004aa5   Thumb Code    16  stm32f0xx_it.o(i.TIM2_IRQHandler)
    TIM_Base_SetConfig                       0x08004abd   Thumb Code   140  stm32f0xx_hal_tim.o(i.TIM_Base_SetConfig)
    UART_AdvFeatureConfig                    0x08004b61   Thumb Code   240  stm32f0xx_hal_uart.o(i.UART_AdvFeatureConfig)
    UART_CheckIdleState                      0x08004c51   Thumb Code   120  stm32f0xx_hal_uart.o(i.UART_CheckIdleState)
    UART_EndTransmit_IT                      0x08004d4b   Thumb Code    60  stm32f0xx_hal_uart.o(i.UART_EndTransmit_IT)
    UART_Receive_IT                          0x08004d87   Thumb Code   168  stm32f0xx_hal_uart.o(i.UART_Receive_IT)
    UART_SetConfig                           0x08004e31   Thumb Code   584  stm32f0xx_hal_uart.o(i.UART_SetConfig)
    UART_Transmit_IT                         0x080050ad   Thumb Code   122  stm32f0xx_hal_uart.o(i.UART_Transmit_IT)
    UART_WaitOnFlagUntilTimeout              0x08005127   Thumb Code   254  stm32f0xx_hal_uart.o(i.UART_WaitOnFlagUntilTimeout)
    USART1_IRQHandler                        0x08005225   Thumb Code    24  stm32f0xx_it.o(i.USART1_IRQHandler)
    USART2_IRQHandler                        0x08005245   Thumb Code    24  stm32f0xx_it.o(i.USART2_IRQHandler)
    USART3_8_IRQHandler                      0x08005265   Thumb Code    42  stm32f0xx_it.o(i.USART3_8_IRQHandler)
    UplinkDMA1_Init                          0x080052a5   Thumb Code    38  aos_pd_dma.o(i.UplinkDMA1_Init)
    UplinkDMA1_Setup                         0x080052d5   Thumb Code   362  aos_pd_dma.o(i.UplinkDMA1_Setup)
    UplinkDMA2_Init                          0x0800546d   Thumb Code    38  aos_pd_dma.o(i.UplinkDMA2_Init)
    __0sprintf                               0x0800549d   Thumb Code    36  printfa.o(i.__0sprintf)
    __1sprintf                               0x0800549d   Thumb Code     0  printfa.o(i.__0sprintf)
    __2sprintf                               0x0800549d   Thumb Code     0  printfa.o(i.__0sprintf)
    __c89sprintf                             0x0800549d   Thumb Code     0  printfa.o(i.__0sprintf)
    sprintf                                  0x0800549d   Thumb Code     0  printfa.o(i.__0sprintf)
    __ARM_clz                                0x080054c5   Thumb Code    46  depilogue.o(i.__ARM_clz)
    __ARM_common_switch8                     0x080054f3   Thumb Code    28  stm32f0xx_hal_tim.o(i.__ARM_common_switch8)
    __aeabi_errno_addr                       0x08005511   Thumb Code     4  errno.o(i.__aeabi_errno_addr)
    __rt_errno_addr                          0x08005511   Thumb Code     0  errno.o(i.__aeabi_errno_addr)
    __read_errno                             0x08005519   Thumb Code     6  errno.o(i.__read_errno)
    __scatterload_copy                       0x08005525   Thumb Code    14  handlers.o(i.__scatterload_copy)
    __scatterload_null                       0x08005533   Thumb Code     2  handlers.o(i.__scatterload_null)
    __scatterload_zeroinit                   0x08005535   Thumb Code    14  handlers.o(i.__scatterload_zeroinit)
    __set_errno                              0x08005545   Thumb Code     6  errno.o(i.__set_errno)
    _is_digit                                0x080056a9   Thumb Code    14  scanf_fp.o(i._is_digit)
    atof                                     0x08005dfb   Thumb Code    42  atof.o(i.atof)
    main                                     0x08005ecf   Thumb Code    16  main.o(i.main)
    osDelay                                  0x08005edf   Thumb Code    26  cmsis_os.o(i.osDelay)
    osKernelStart                            0x08005ef9   Thumb Code    10  cmsis_os.o(i.osKernelStart)
    osSemaphoreCreate                        0x08005f03   Thumb Code    52  cmsis_os.o(i.osSemaphoreCreate)
    osSemaphoreRelease                       0x08005f39   Thumb Code    72  cmsis_os.o(i.osSemaphoreRelease)
    osSemaphoreWait                          0x08005f85   Thumb Code   108  cmsis_os.o(i.osSemaphoreWait)
    osSystickHandler                         0x08005ff5   Thumb Code    16  cmsis_os.o(i.osSystickHandler)
    pvTaskIncrementMutexHeldCount            0x08006419   Thumb Code    28  tasks.o(i.pvTaskIncrementMutexHeldCount)
    readPxMutex                              0x08006439   Thumb Code    74  aos_pd_usart.o(i.readPxMutex)
    startMicroDelay                          0x080065b9   Thumb Code    48  aos.o(i.startMicroDelay)
    ulMainGetRunTimeCounterValue             0x080068cd   Thumb Code    78  freertos.o(i.ulMainGetRunTimeCounterValue)
    ulTaskNotifyTake                         0x0800692d   Thumb Code   144  tasks.o(i.ulTaskNotifyTake)
    uxListRemove                             0x080069c9   Thumb Code    40  list.o(i.uxListRemove)
    uxTaskGetSystemState                     0x080069f1   Thumb Code   130  tasks.o(i.uxTaskGetSystemState)
    vApplicationMallocFailedHook             0x08006a8d   Thumb Code     6  stm32f0xx_it.o(i.vApplicationMallocFailedHook)
    vApplicationStackOverflowHook            0x08006a93   Thumb Code     6  stm32f0xx_it.o(i.vApplicationStackOverflowHook)
    vListInitialise                          0x08006a99   Thumb Code    26  list.o(i.vListInitialise)
    vListInitialiseItem                      0x08006ab3   Thumb Code     6  list.o(i.vListInitialiseItem)
    vListInsert                              0x08006ab9   Thumb Code    54  list.o(i.vListInsert)
    vListInsertEnd                           0x08006aef   Thumb Code    24  list.o(i.vListInsertEnd)
    vMainConfigureTimerForRunTimeStats       0x08006b09   Thumb Code    18  freertos.o(i.vMainConfigureTimerForRunTimeStats)
    vPortEnterCritical                       0x08006b29   Thumb Code    22  port.o(i.vPortEnterCritical)
    vPortExitCritical                        0x08006b45   Thumb Code    36  port.o(i.vPortExitCritical)
    vPortYield                               0x08006b6d   Thumb Code    18  port.o(i.vPortYield)
    vRegisterCLICommands                     0x08006b85   Thumb Code    52  aos_cli.o(i.vRegisterCLICommands)
    vUARTCommandConsoleStart                 0x08006bd9   Thumb Code    30  uart-interrupt-driven-command-console.o(i.vUARTCommandConsoleStart)
    writePxITMutex                           0x08006c09   Thumb Code    52  aos_pd_usart.o(i.writePxITMutex)
    writePxMutex                             0x08006c41   Thumb Code    74  aos_pd_usart.o(i.writePxMutex)
    xPortSysTickHandler                      0x08006c91   Thumb Code    32  port.o(i.xPortSysTickHandler)
    xTaskGenericNotify                       0x08006cb5   Thumb Code   200  tasks.o(i.xTaskGenericNotify)
    xQueueGenericReset                       0x08006d89   Thumb Code   126  queue.o(privileged_functions)
    xQueueGenericCreate                      0x08006e07   Thumb Code   120  queue.o(privileged_functions)
    xQueueGenericSend                        0x08006fab   Thumb Code   334  queue.o(privileged_functions)
    xQueueCreateMutex                        0x080070f9   Thumb Code    88  queue.o(privileged_functions)
    xQueueGiveMutexRecursive                 0x08007151   Thumb Code    60  queue.o(privileged_functions)
    xQueueGenericReceive                     0x080071d5   Thumb Code   368  queue.o(privileged_functions)
    xQueueTakeMutexRecursive                 0x08007345   Thumb Code    66  queue.o(privileged_functions)
    xQueueCreateCountingSemaphore            0x08007387   Thumb Code    78  queue.o(privileged_functions)
    xQueueGenericSendFromISR                 0x080073d5   Thumb Code   178  queue.o(privileged_functions)
    xQueueGiveFromISR                        0x08007487   Thumb Code   156  queue.o(privileged_functions)
    xQueueReceiveFromISR                     0x08007523   Thumb Code   144  queue.o(privileged_functions)
    xQueuePeekFromISR                        0x080075b3   Thumb Code   108  queue.o(privileged_functions)
    uxQueueMessagesWaiting                   0x0800761f   Thumb Code    28  queue.o(privileged_functions)
    uxQueueSpacesAvailable                   0x0800763b   Thumb Code    34  queue.o(privileged_functions)
    uxQueueMessagesWaitingFromISR            0x0800765d   Thumb Code    16  queue.o(privileged_functions)
    vQueueUnregisterQueue                    0x0800766d   Thumb Code    40  queue.o(privileged_functions)
    vQueueDelete                             0x08007695   Thumb Code    30  queue.o(privileged_functions)
    uxQueueGetQueueNumber                    0x080076b3   Thumb Code     6  queue.o(privileged_functions)
    vQueueSetQueueNumber                     0x080076b9   Thumb Code     4  queue.o(privileged_functions)
    ucQueueGetQueueType                      0x080076bd   Thumb Code     8  queue.o(privileged_functions)
    xQueueIsQueueEmptyFromISR                0x080076c5   Thumb Code    26  queue.o(privileged_functions)
    xQueueIsQueueFullFromISR                 0x080076df   Thumb Code    28  queue.o(privileged_functions)
    vQueueAddToRegistry                      0x080076fb   Thumb Code    40  queue.o(privileged_functions)
    pxPortInitialiseStack                    0x08007729   Thumb Code    26  port.o(privileged_functions)
    xPortStartScheduler                      0x08007743   Thumb Code    48  port.o(privileged_functions)
    vPortEndScheduler                        0x08007773   Thumb Code    30  port.o(privileged_functions)
    xTaskGenericCreate                       0x08007885   Thumb Code   288  tasks.o(privileged_functions)
    vTaskDelete                              0x080079a5   Thumb Code   134  tasks.o(privileged_functions)
    xTaskIncrementTick                       0x08007a2b   Thumb Code   274  tasks.o(privileged_functions)
    xTaskResumeAll                           0x08007b3d   Thumb Code   284  tasks.o(privileged_functions)
    vTaskSuspendAll                          0x08007c97   Thumb Code    12  tasks.o(privileged_functions)
    vTaskDelay                               0x08007ca3   Thumb Code    76  tasks.o(privileged_functions)
    uxTaskPriorityGet                        0x08007cef   Thumb Code    32  tasks.o(privileged_functions)
    uxTaskPriorityGetFromISR                 0x08007d0f   Thumb Code    36  tasks.o(privileged_functions)
    vTaskPrioritySet                         0x08007d33   Thumb Code   214  tasks.o(privileged_functions)
    vTaskSwitchContext                       0x08007e09   Thumb Code   232  tasks.o(privileged_functions)
    vTaskSuspend                             0x08007ef1   Thumb Code   148  tasks.o(privileged_functions)
    vTaskResume                              0x08007fcf   Thumb Code   172  tasks.o(privileged_functions)
    xTaskResumeFromISR                       0x0800807b   Thumb Code   116  tasks.o(privileged_functions)
    vTaskStartScheduler                      0x0800815b   Thumb Code    66  tasks.o(privileged_functions)
    vTaskEndScheduler                        0x0800819d   Thumb Code    16  tasks.o(privileged_functions)
    xTaskGetTickCount                        0x080081ad   Thumb Code     6  tasks.o(privileged_functions)
    xTaskGetTickCountFromISR                 0x080081b3   Thumb Code     8  tasks.o(privileged_functions)
    uxTaskGetNumberOfTasks                   0x080081bb   Thumb Code     6  tasks.o(privileged_functions)
    vTaskPlaceOnEventList                    0x08008287   Thumb Code    72  tasks.o(privileged_functions)
    vTaskPlaceOnUnorderedEventList           0x080082cf   Thumb Code   110  tasks.o(privileged_functions)
    xTaskRemoveFromEventList                 0x0800833d   Thumb Code   112  tasks.o(privileged_functions)
    xTaskRemoveFromUnorderedEventList        0x080083ad   Thumb Code   182  tasks.o(privileged_functions)
    vTaskSetTimeOutState                     0x08008463   Thumb Code    24  tasks.o(privileged_functions)
    xTaskCheckForTimeOut                     0x0800847b   Thumb Code   106  tasks.o(privileged_functions)
    vTaskMissedYield                         0x080084e5   Thumb Code     8  tasks.o(privileged_functions)
    uxTaskGetTaskNumber                      0x080084ed   Thumb Code    16  tasks.o(privileged_functions)
    vTaskSetTaskNumber                       0x080084fd   Thumb Code    10  tasks.o(privileged_functions)
    xTaskGetCurrentTaskHandle                0x08008507   Thumb Code     6  tasks.o(privileged_functions)
    xTaskGetSchedulerState                   0x0800850d   Thumb Code    28  tasks.o(privileged_functions)
    vTaskPriorityInherit                     0x08008529   Thumb Code   128  tasks.o(privileged_functions)
    xTaskPriorityDisinherit                  0x080085a9   Thumb Code   124  tasks.o(privileged_functions)
    vTaskList                                0x08008625   Thumb Code   180  tasks.o(privileged_functions)
    vTaskGetRunTimeStats                     0x080086d9   Thumb Code   166  tasks.o(privileged_functions)
    uxTaskResetEventItemValue                0x0800877f   Thumb Code    24  tasks.o(privileged_functions)
    pvPortMalloc                             0x080087e5   Thumb Code   274  heap_4.o(privileged_functions)
    vPortFree                                0x080088f7   Thumb Code   120  heap_4.o(privileged_functions)
    xPortGetFreeHeapSize                     0x0800896f   Thumb Code     6  heap_4.o(privileged_functions)
    xPortGetMinimumEverFreeHeapSize          0x08008975   Thumb Code     6  heap_4.o(privileged_functions)
    vPortInitialiseBlocks                    0x0800897b   Thumb Code     2  heap_4.o(privileged_functions)
    aAPBAHBPrescTable                        0x08008990   Data          16  stm32f0xx_hal_rcc.o(.constdata)
    __ctype_table                            0x08008a44   Data         129  ctype_o.o(.constdata)
    Region$$Table$$Base                      0x08009524   Number         0  anon$$obj.o(Region$$Table)
    Region$$Table$$Limit                     0x08009544   Number         0  anon$$obj.o(Region$$Table)
    defaultTaskHandle                        0x200000b0   Data           4  freertos.o(.data)
    FrontEndTaskHandle                       0x200000b4   Data           4  freertos.o(.data)
    P1TaskHandle                             0x200000b8   Data           4  freertos.o(.data)
    P2TaskHandle                             0x200000bc   Data           4  freertos.o(.data)
    P3TaskHandle                             0x200000c0   Data           4  freertos.o(.data)
    P4TaskHandle                             0x200000c4   Data           4  freertos.o(.data)
    P5TaskHandle                             0x200000c8   Data           4  freertos.o(.data)
    P6TaskHandle                             0x200000cc   Data           4  freertos.o(.data)
    masterOutPort                            0x20000179   Data           1  main.o(.data)
    streamingRate                            0x2000017c   Data           4  main.o(.data)
    ledStatus                                0x20000180   Data           1  main.o(.data)
    streamTest                               0x20000181   Data           1  main.o(.data)
    streamLoose                              0x20000182   Data           1  main.o(.data)
    syncCodeMode0                            0x20000183   Data           1  main.o(.data)
    syncCodeMode1                            0x20000184   Data           1  main.o(.data)
    syncCodeMode2                            0x20000185   Data           1  main.o(.data)
    syncCodeMode3                            0x20000186   Data           1  main.o(.data)
    testCodeMode0                            0x20000187   Data           1  main.o(.data)
    testCodeMode1                            0x20000188   Data           1  main.o(.data)
    testCodeMode2                            0x20000189   Data           1  main.o(.data)
    testCodeMode3                            0x2000018a   Data           1  main.o(.data)
    adc                                      0x2000018c   Data           2  main.o(.data)
    dataBuffer                               0x2000018e   Data          24  main.o(.data)
    SystemCoreClock                          0x200001a8   Data           4  system_stm32f0xx.o(.data)
    AHBPrescTable                            0x200001ac   Data          16  system_stm32f0xx.o(.data)
    myID                                     0x2000026a   Data           2  aos.o(.data)
    myTrig                                   0x2000026c   Data           1  aos.o(.data)
    portStatus                               0x2000026d   Data           7  aos.o(.data)
    UartRxReady                              0x2000031d   Data           1  aos_pd_usart.o(.data)
    UartTxReady                              0x2000031e   Data           1  aos_pd_usart.o(.data)
    PcPort                                   0x2000031f   Data           1  aos_pd_usart.o(.data)
    xCommandConsoleTask                      0x200004d4   Data           4  uart-interrupt-driven-command-console.o(.data)
    pxCurrentTCB                             0x200004ec   Data           4  tasks.o(privileged_data)
    PxSemaphoreHandle                        0x2000061c   Data          28  freertos.o(.bss)
    htim2                                    0x20000638   Data          60  aos.o(.bss)
    htim3                                    0x20000674   Data          60  aos.o(.bss)
    htim7                                    0x200006b0   Data          60  aos.o(.bss)
    huart1                                   0x200006ec   Data         112  aos_pd_usart.o(.bss)
    huart2                                   0x2000075c   Data         112  aos_pd_usart.o(.bss)
    huart3                                   0x200007cc   Data         112  aos_pd_usart.o(.bss)
    huart4                                   0x2000083c   Data         112  aos_pd_usart.o(.bss)
    huart7                                   0x200008ac   Data         112  aos_pd_usart.o(.bss)
    huart8                                   0x2000091c   Data         112  aos_pd_usart.o(.bss)
    hadc                                     0x2000098c   Data          76  aos_pd_adc.o(.bss)
    uplinkDMA1                               0x200009d8   Data          56  aos_pd_dma.o(.bss)
    uplinkDMA2                               0x20000a10   Data          56  aos_pd_dma.o(.bss)
    downlinkDMA1                             0x20000a48   Data          56  aos_pd_dma.o(.bss)
    downlinkDMA2                             0x20000a80   Data          56  aos_pd_dma.o(.bss)
    downlinkDMA3                             0x20000ab8   Data          56  aos_pd_dma.o(.bss)
    xQueueRegistry                           0x20000af0   Data          64  queue.o(.bss)
    __initial_sp                             0x20006f98   Data           0  startup_stm32f091xc.o(STACK)



==============================================================================

Memory Map of the image

  Image Entry point : 0x080000bd

  Load Region LR_IROM1 (Base: 0x08000000, Size: 0x00009b60, Max: 0x00040000, ABSOLUTE, COMPRESSED[0x0000964c])

    Execution Region ER_IROM1 (Base: 0x08000000, Size: 0x00009544, Max: 0x00040000, ABSOLUTE)

    Base Addr    Size         Type   Attr      Idx    E Section Name        Object

    0x08000000   0x000000bc   Data   RO         3712    RESET               startup_stm32f091xc.o
    0x080000bc   0x00000000   Code   RO         3721  * .ARM.Collect$$$$00000000  mc_p.l(entry.o)
    0x080000bc   0x00000004   Code   RO         4022    .ARM.Collect$$$$00000001  mc_p.l(entry2.o)
    0x080000c0   0x00000004   Code   RO         4025    .ARM.Collect$$$$00000004  mc_p.l(entry5.o)
    0x080000c4   0x00000000   Code   RO         4027    .ARM.Collect$$$$00000008  mc_p.l(entry7b.o)
    0x080000c4   0x00000000   Code   RO         4029    .ARM.Collect$$$$0000000A  mc_p.l(entry8b.o)
    0x080000c4   0x00000008   Code   RO         4030    .ARM.Collect$$$$0000000B  mc_p.l(entry9a.o)
    0x080000cc   0x00000000   Code   RO         4032    .ARM.Collect$$$$0000000D  mc_p.l(entry10a.o)
    0x080000cc   0x00000000   Code   RO         4034    .ARM.Collect$$$$0000000F  mc_p.l(entry11a.o)
    0x080000cc   0x00000004   Code   RO         4023    .ARM.Collect$$$$00002712  mc_p.l(entry2.o)
    0x080000d0   0x00000070   Code   RO         3130    .emb_text           port.o
    0x08000140   0x00000058   Code   RO         3713    .text               startup_stm32f091xc.o
    0x08000198   0x0000002c   Code   RO         3724    .text               mc_p.l(uidiv.o)
    0x080001c4   0x00000022   Code   RO         3726    .text               mc_p.l(llushr.o)
    0x080001e6   0x00000002   PAD
    0x080001e8   0x00000024   Code   RO         3728    .text               mc_p.l(rand.o)
    0x0800020c   0x00000024   Code   RO         3731    .text               mc_p.l(memcpya.o)
    0x08000230   0x00000024   Code   RO         3733    .text               mc_p.l(memseta.o)
    0x08000254   0x00000018   Code   RO         3735    .text               mc_p.l(strcat.o)
    0x0800026c   0x0000001a   Code   RO         3737    .text               mc_p.l(strncpy.o)
    0x08000286   0x0000000e   Code   RO         3739    .text               mc_p.l(strlen.o)
    0x08000294   0x0000001c   Code   RO         3741    .text               mc_p.l(strcmp.o)
    0x080002b0   0x0000001a   Code   RO         3743    .text               mc_p.l(memcmp.o)
    0x080002ca   0x00000012   Code   RO         3745    .text               mc_p.l(strcpy.o)
    0x080002dc   0x0000001e   Code   RO         3747    .text               mc_p.l(strncmp.o)
    0x080002fa   0x0000001a   Code   RO         4012    .text               mc_p.l(atoi.o)
    0x08000314   0x0000001a   Code   RO         4014    .text               mc_p.l(atol.o)
    0x0800032e   0x00000028   Code   RO         4016    .text               mf_p.l(f2d.o)
    0x08000356   0x00000038   Code   RO         4018    .text               mf_p.l(d2f.o)
    0x0800038e   0x00000002   PAD
    0x08000390   0x00000014   Code   RO         4020    .text               mf_p.l(cfcmple.o)
    0x080003a4   0x00000060   Code   RO         4039    .text               mc_p.l(uldiv.o)
    0x08000404   0x000000a4   Code   RO         4048    .text               mc_p.l(strtod.o)
    0x080004a8   0x00000070   Code   RO         4050    .text               mc_p.l(strtol.o)
    0x08000518   0x00000000   Code   RO         4052    .text               mc_p.l(iusefp.o)
    0x08000518   0x00000082   Code   RO         4053    .text               mf_p.l(fepilogue.o)
    0x0800059a   0x00000002   PAD
    0x0800059c   0x00000164   Code   RO         4055    .text               mf_p.l(dadd.o)
    0x08000700   0x000000d0   Code   RO         4057    .text               mf_p.l(dmul.o)
    0x080007d0   0x000000f0   Code   RO         4059    .text               mf_p.l(ddiv.o)
    0x080008c0   0x00000040   Code   RO         4061    .text               mf_p.l(dfixul.o)
    0x08000900   0x00000028   Code   RO         4063    .text               mf_p.l(cdrcmple.o)
    0x08000928   0x00000024   Code   RO         4065    .text               mc_p.l(init.o)
    0x0800094c   0x00000020   Code   RO         4068    .text               mc_p.l(llshl.o)
    0x0800096c   0x00000026   Code   RO         4070    .text               mc_p.l(llsshr.o)
    0x08000992   0x00000002   PAD
    0x08000994   0x00000008   Code   RO         4074    .text               mc_p.l(ctype_o.o)
    0x0800099c   0x00000012   Code   RO         4096    .text               mc_p.l(isspace_o.o)
    0x080009ae   0x00000002   PAD
    0x080009b0   0x0000034c   Code   RO         4102    .text               mc_p.l(scanf_fp.o)
    0x08000cfc   0x00000044   Code   RO         4106    .text               mc_p.l(_sgetc.o)
    0x08000d40   0x000000a6   Code   RO         4108    .text               mc_p.l(_strtoul.o)
    0x08000de6   0x000000be   Code   RO         4111    .text               mf_p.l(depilogue.o)
    0x08000ea4   0x0000007a   Code   RO         4115    .text               mc_p.l(llmul.o)
    0x08000f1e   0x0000001e   Code   RO         4120    .text               mc_p.l(_chval.o)
    0x08000f3c   0x0000001c   Code   RO         4122    .text               mf_p.l(dfltul.o)
    0x08000f58   0x00000060   Code   RO         4132    .text               mc_p.l(__dclz77c.o)
    0x08000fb8   0x0000006c   Code   RO         2444    i.ADC_ConversionStop  stm32f0xx_hal_adc.o
    0x08001024   0x000000aa   Code   RO         2448    i.ADC_Disable       stm32f0xx_hal_adc.o
    0x080010ce   0x00000002   PAD
    0x080010d0   0x000000d4   Code   RO         2449    i.ADC_Enable        stm32f0xx_hal_adc.o
    0x080011a4   0x000000a4   Code   RO         2620    i.AOS_init          aos.o
    0x08001248   0x00000160   Code   RO          236    i.DMA1_Ch1_IRQHandler  stm32f0xx_it.o
    0x080013a8   0x00000040   Code   RO          237    i.DMA1_Ch2_3_DMA2_Ch1_2_IRQHandler  stm32f0xx_it.o
    0x080013e8   0x00000040   Code   RO          238    i.DMA1_Ch4_7_DMA2_Ch3_5_IRQHandler  stm32f0xx_it.o
    0x08001428   0x00000020   Code   RO         1188    i.DMA_SetConfig     stm32f0xx_hal_dma.o
    0x08001448   0x00000034   Code   RO         2858    i.DownlinkDMA1_Init  aos_pd_dma.o
    0x0800147c   0x000001ac   Code   RO         2859    i.DownlinkDMA1_Setup  aos_pd_dma.o
    0x08001628   0x00000034   Code   RO         2860    i.DownlinkDMA2_Init  aos_pd_dma.o
    0x0800165c   0x00000034   Code   RO         2862    i.DownlinkDMA3_Init  aos_pd_dma.o
    0x08001690   0x00000008   Code   RO         3632    i.FreeRTOS_CLIGetOutputBuffer  freertos_cli.o
    0x08001698   0x00000066   Code   RO         3633    i.FreeRTOS_CLIGetParameter  freertos_cli.o
    0x080016fe   0x00000002   PAD
    0x08001700   0x000000dc   Code   RO         3634    i.FreeRTOS_CLIProcessCommand  freertos_cli.o
    0x080017dc   0x00000048   Code   RO         3635    i.FreeRTOS_CLIRegisterCommand  freertos_cli.o
    0x08001824   0x00000012   Code   RO          325    i.FrontEndTask      main.o
    0x08001836   0x00000002   PAD
    0x08001838   0x00000068   Code   RO         2621    i.GetPort           aos.o
    0x080018a0   0x00000048   Code   RO         2622    i.GetUart           aos.o
    0x080018e8   0x000001ac   Code   RO         2451    i.HAL_ADC_ConfigChannel  stm32f0xx_hal_adc.o
    0x08001a94   0x0000000e   Code   RO         2458    i.HAL_ADC_GetValue  stm32f0xx_hal_adc.o
    0x08001aa2   0x00000002   PAD
    0x08001aa4   0x000001b0   Code   RO         2460    i.HAL_ADC_Init      stm32f0xx_hal_adc.o
    0x08001c54   0x00000050   Code   RO         2814    i.HAL_ADC_MspInit   aos_pd_adc.o
    0x08001ca4   0x000000e4   Code   RO         2464    i.HAL_ADC_PollForConversion  stm32f0xx_hal_adc.o
    0x08001d88   0x00000078   Code   RO         2466    i.HAL_ADC_Start     stm32f0xx_hal_adc.o
    0x08001e00   0x00000050   Code   RO         2469    i.HAL_ADC_Stop      stm32f0xx_hal_adc.o
    0x08001e50   0x0000091c   Code   RO         1193    i.HAL_DMA_IRQHandler  stm32f0xx_hal_dma.o
    0x0800276c   0x0000005c   Code   RO         1194    i.HAL_DMA_Init      stm32f0xx_hal_dma.o
    0x080027c8   0x00000072   Code   RO         1197    i.HAL_DMA_Start_IT  stm32f0xx_hal_dma.o
    0x0800283a   0x0000001a   Code   RO         1322    i.HAL_Delay         stm32f0xx_hal.o
    0x08002854   0x000001fc   Code   RO         1438    i.HAL_GPIO_Init     stm32f0xx_hal_gpio.o
    0x08002a50   0x00000008   Code   RO         1441    i.HAL_GPIO_TogglePin  stm32f0xx_hal_gpio.o
    0x08002a58   0x0000000c   Code   RO         1442    i.HAL_GPIO_WritePin  stm32f0xx_hal_gpio.o
    0x08002a64   0x0000000c   Code   RO         1326    i.HAL_GetTick       stm32f0xx_hal.o
    0x08002a70   0x00000010   Code   RO         1327    i.HAL_IncTick       stm32f0xx_hal.o
    0x08002a80   0x00000020   Code   RO         1328    i.HAL_Init          stm32f0xx_hal.o
    0x08002aa0   0x00000026   Code   RO         1329    i.HAL_InitTick      stm32f0xx_hal.o
    0x08002ac6   0x00000002   Code   RO         1331    i.HAL_MspInit       stm32f0xx_hal.o
    0x08002ac8   0x00000018   Code   RO          785    i.HAL_NVIC_EnableIRQ  stm32f0xx_hal_cortex.o
    0x08002ae0   0x00000012   Code   RO          789    i.HAL_NVIC_SetPriority  stm32f0xx_hal_cortex.o
    0x08002af2   0x00000002   PAD
    0x08002af4   0x0000017c   Code   RO         1267    i.HAL_RCCEx_PeriphCLKConfig  stm32f0xx_hal_rcc_ex.o
    0x08002c70   0x000002cc   Code   RO          504    i.HAL_RCC_ClockConfig  stm32f0xx_hal_rcc.o
    0x08002f3c   0x0000002c   Code   RO          509    i.HAL_RCC_GetHCLKFreq  stm32f0xx_hal_rcc.o
    0x08002f68   0x00000024   Code   RO          511    i.HAL_RCC_GetPCLK1Freq  stm32f0xx_hal_rcc.o
    0x08002f8c   0x000000f0   Code   RO          512    i.HAL_RCC_GetSysClockFreq  stm32f0xx_hal_rcc.o
    0x0800307c   0x0000065c   Code   RO          515    i.HAL_RCC_OscConfig  stm32f0xx_hal_rcc.o
    0x080036d8   0x00000038   Code   RO          793    i.HAL_SYSTICK_Config  stm32f0xx_hal_cortex.o
    0x08003710   0x00000002   Code   RO         2209    i.HAL_TIMEx_BreakCallback  stm32f0xx_hal_tim_ex.o
    0x08003712   0x00000002   Code   RO         2210    i.HAL_TIMEx_CommutationCallback  stm32f0xx_hal_tim_ex.o
    0x08003714   0x00000062   Code   RO         2226    i.HAL_TIMEx_MasterConfigSynchronization  stm32f0xx_hal_tim_ex.o
    0x08003776   0x00000038   Code   RO         1572    i.HAL_TIM_Base_Init  stm32f0xx_hal_tim.o
    0x080037ae   0x00000002   Code   RO         1574    i.HAL_TIM_Base_MspInit  stm32f0xx_hal_tim.o
    0x080037b0   0x0000001e   Code   RO         1575    i.HAL_TIM_Base_Start  stm32f0xx_hal_tim.o
    0x080037ce   0x00000002   PAD
    0x080037d0   0x00000040   Code   RO         1578    i.HAL_TIM_Base_Stop  stm32f0xx_hal_tim.o
    0x08003810   0x00000002   Code   RO         1601    i.HAL_TIM_IC_CaptureCallback  stm32f0xx_hal_tim.o
    0x08003812   0x000001c8   Code   RO         1614    i.HAL_TIM_IRQHandler  stm32f0xx_hal_tim.o
    0x080039da   0x00000002   Code   RO         1617    i.HAL_TIM_OC_DelayElapsedCallback  stm32f0xx_hal_tim.o
    0x080039dc   0x00000002   Code   RO         1644    i.HAL_TIM_PWM_PulseFinishedCallback  stm32f0xx_hal_tim.o
    0x080039de   0x00000002   Code   RO         1651    i.HAL_TIM_PeriodElapsedCallback  stm32f0xx_hal_tim.o
    0x080039e0   0x00000002   Code   RO         1655    i.HAL_TIM_TriggerCallback  stm32f0xx_hal_tim.o
    0x080039e2   0x00000002   Code   RO         1504    i.HAL_UARTEx_WakeupCallback  stm32f0xx_hal_uart_ex.o
    0x080039e4   0x00000002   Code   RO          956    i.HAL_UART_ErrorCallback  stm32f0xx_hal_uart.o
    0x080039e6   0x0000014e   Code   RO         1505    i.HAL_UART_IRQHandler  stm32f0xx_hal_uart_ex.o
    0x08003b34   0x00000082   Code   RO          959    i.HAL_UART_Init     stm32f0xx_hal_uart.o
    0x08003bb6   0x00000002   PAD
    0x08003bb8   0x000002d0   Code   RO         2690    i.HAL_UART_MspInit  aos_pd_usart.o
    0x08003e88   0x0000014c   Code   RO          962    i.HAL_UART_Receive  stm32f0xx_hal_uart.o
    0x08003fd4   0x000000ac   Code   RO          963    i.HAL_UART_Receive_DMA  stm32f0xx_hal_uart.o
    0x08004080   0x0000002c   Code   RO          239    i.HAL_UART_RxCpltCallback  stm32f0xx_it.o
    0x080040ac   0x00000002   Code   RO          966    i.HAL_UART_RxHalfCpltCallback  stm32f0xx_hal_uart.o
    0x080040ae   0x000000ee   Code   RO          967    i.HAL_UART_Transmit  stm32f0xx_hal_uart.o
    0x0800419c   0x00000084   Code   RO          969    i.HAL_UART_Transmit_IT  stm32f0xx_hal_uart.o
    0x08004220   0x0000002c   Code   RO          240    i.HAL_UART_TxCpltCallback  stm32f0xx_it.o
    0x0800424c   0x00000022   Code   RO         2785    i.IND_LED_Init      aos_pd_gpio.o
    0x0800426e   0x00000002   PAD
    0x08004270   0x00000050   Code   RO         2815    i.MX_ADC_Init       aos_pd_adc.o
    0x080042c0   0x00000054   Code   RO         2864    i.MX_DMA_Init       aos_pd_dma.o
    0x08004314   0x000001b0   Code   RO            3    i.MX_FREERTOS_Init  freertos.o
    0x080044c4   0x00000088   Code   RO         2786    i.MX_GPIO_Init      aos_pd_gpio.o
    0x0800454c   0x00000060   Code   RO         2623    i.MX_TIM2_Init      aos.o
    0x080045ac   0x00000054   Code   RO         2624    i.MX_TIM7_Init      aos.o
    0x08004600   0x0000001c   Code   RO         2691    i.MX_UART_Init      aos_pd_usart.o
    0x0800461c   0x0000003c   Code   RO         2692    i.MX_USART1_UART_Init  aos_pd_usart.o
    0x08004658   0x00000044   Code   RO         2693    i.MX_USART2_UART_Init  aos_pd_usart.o
    0x0800469c   0x0000003c   Code   RO         2694    i.MX_USART3_UART_Init  aos_pd_usart.o
    0x080046d8   0x0000003c   Code   RO         2695    i.MX_USART4_UART_Init  aos_pd_usart.o
    0x08004714   0x00000044   Code   RO         2696    i.MX_USART7_UART_Init  aos_pd_usart.o
    0x08004758   0x0000003c   Code   RO         2697    i.MX_USART8_UART_Init  aos_pd_usart.o
    0x08004794   0x00000078   Code   RO          795    i.NVIC_SetPriority  stm32f0xx_hal_cortex.o
    0x0800480c   0x0000005c   Code   RO            4    i.PxTask            freertos.o
    0x08004868   0x00000002   Code   RO         3131    i.SVC_Handler       port.o
    0x0800486a   0x00000002   PAD
    0x0800486c   0x000000b8   Code   RO          326    i.SampleAndForward  main.o
    0x08004924   0x00000030   Code   RO         2816    i.SamplePD          aos_pd_adc.o
    0x08004954   0x0000000c   Code   RO            5    i.StartDefaultTask  freertos.o
    0x08004960   0x0000003c   Code   RO          327    i.StreamSetup       main.o
    0x0800499c   0x0000000c   Code   RO          241    i.SysTick_Handler   stm32f0xx_it.o
    0x080049a8   0x00000084   Code   RO         2625    i.SystemClock_Config  aos.o
    0x08004a2c   0x00000078   Code   RO          372    i.SystemInit        system_stm32f0xx.o
    0x08004aa4   0x00000018   Code   RO          242    i.TIM2_IRQHandler   stm32f0xx_it.o
    0x08004abc   0x000000a4   Code   RO         1656    i.TIM_Base_SetConfig  stm32f0xx_hal_tim.o
    0x08004b60   0x000000f0   Code   RO          972    i.UART_AdvFeatureConfig  stm32f0xx_hal_uart.o
    0x08004c50   0x00000084   Code   RO          973    i.UART_CheckIdleState  stm32f0xx_hal_uart.o
    0x08004cd4   0x00000026   Code   RO          974    i.UART_DMAError     stm32f0xx_hal_uart.o
    0x08004cfa   0x00000042   Code   RO          975    i.UART_DMAReceiveCplt  stm32f0xx_hal_uart.o
    0x08004d3c   0x0000000e   Code   RO          976    i.UART_DMARxHalfCplt  stm32f0xx_hal_uart.o
    0x08004d4a   0x0000003c   Code   RO          979    i.UART_EndTransmit_IT  stm32f0xx_hal_uart.o
    0x08004d86   0x000000a8   Code   RO          980    i.UART_Receive_IT   stm32f0xx_hal_uart.o
    0x08004e2e   0x00000002   PAD
    0x08004e30   0x0000027c   Code   RO          981    i.UART_SetConfig    stm32f0xx_hal_uart.o
    0x080050ac   0x0000007a   Code   RO          982    i.UART_Transmit_IT  stm32f0xx_hal_uart.o
    0x08005126   0x000000fe   Code   RO          983    i.UART_WaitOnFlagUntilTimeout  stm32f0xx_hal_uart.o
    0x08005224   0x00000020   Code   RO          243    i.USART1_IRQHandler  stm32f0xx_it.o
    0x08005244   0x00000020   Code   RO          244    i.USART2_IRQHandler  stm32f0xx_it.o
    0x08005264   0x00000040   Code   RO          245    i.USART3_8_IRQHandler  stm32f0xx_it.o
    0x080052a4   0x00000030   Code   RO         2865    i.UplinkDMA1_Init   aos_pd_dma.o
    0x080052d4   0x00000198   Code   RO         2866    i.UplinkDMA1_Setup  aos_pd_dma.o
    0x0800546c   0x00000030   Code   RO         2867    i.UplinkDMA2_Init   aos_pd_dma.o
    0x0800549c   0x00000028   Code   RO         3986    i.__0sprintf        mc_p.l(printfa.o)
    0x080054c4   0x0000002e   Code   RO         4113    i.__ARM_clz         mf_p.l(depilogue.o)
    0x080054f2   0x0000001c   Code   RO         2202    i.__ARM_common_switch8  stm32f0xx_hal_tim.o
    0x0800550e   0x00000002   PAD
    0x08005510   0x00000008   Code   RO         4041    i.__aeabi_errno_addr  mc_p.l(errno.o)
    0x08005518   0x0000000c   Code   RO         4042    i.__read_errno      mc_p.l(errno.o)
    0x08005524   0x0000000e   Code   RO         4126    i.__scatterload_copy  mc_p.l(handlers.o)
    0x08005532   0x00000002   Code   RO         4127    i.__scatterload_null  mc_p.l(handlers.o)
    0x08005534   0x0000000e   Code   RO         4128    i.__scatterload_zeroinit  mc_p.l(handlers.o)
    0x08005542   0x00000002   PAD
    0x08005544   0x0000000c   Code   RO         4043    i.__set_errno       mc_p.l(errno.o)
    0x08005550   0x00000158   Code   RO         3991    i._fp_digits        mc_p.l(printfa.o)
    0x080056a8   0x0000000e   Code   RO         4104    i._is_digit         mc_p.l(scanf_fp.o)
    0x080056b6   0x00000002   PAD
    0x080056b8   0x000006ec   Code   RO         3992    i._printf_core      mc_p.l(printfa.o)
    0x08005da4   0x00000020   Code   RO         3993    i._printf_post_padding  mc_p.l(printfa.o)
    0x08005dc4   0x0000002c   Code   RO         3994    i._printf_pre_padding  mc_p.l(printfa.o)
    0x08005df0   0x0000000a   Code   RO         3996    i._sputc            mc_p.l(printfa.o)
    0x08005dfa   0x0000002a   Code   RO         3718    i.atof              m_ps.l(atof.o)
    0x08005e24   0x00000098   Code   RO         2945    i.bootloaderUpdateCommand  aos_cli.o
    0x08005ebc   0x00000012   Code   RO         3299    i.inHandlerMode     cmsis_os.o
    0x08005ece   0x00000010   Code   RO          328    i.main              main.o
    0x08005ede   0x0000001a   Code   RO         3302    i.osDelay           cmsis_os.o
    0x08005ef8   0x0000000a   Code   RO         3305    i.osKernelStart     cmsis_os.o
    0x08005f02   0x00000034   Code   RO         3328    i.osSemaphoreCreate  cmsis_os.o
    0x08005f36   0x00000002   PAD
    0x08005f38   0x0000004c   Code   RO         3330    i.osSemaphoreRelease  cmsis_os.o
    0x08005f84   0x00000070   Code   RO         3331    i.osSemaphoreWait   cmsis_os.o
    0x08005ff4   0x00000010   Code   RO         3334    i.osSystickHandler  cmsis_os.o
    0x08006004   0x00000058   Code   RO         2946    i.pingCommand       aos_cli.o
    0x0800605c   0x0000002e   Code   RO         3636    i.prvGetNumberOfParameters  freertos_cli.o
    0x0800608a   0x00000002   PAD
    0x0800608c   0x0000007c   Code   RO         3274    i.prvHeapInit       heap_4.o
    0x08006108   0x0000004c   Code   RO         3637    i.prvHelpCommand    freertos_cli.o
    0x08006154   0x00000018   Code   RO         3194    i.prvIdleTask       tasks.o
    0x0800616c   0x00000068   Code   RO         3275    i.prvInsertBlockIntoFreeList  heap_4.o
    0x080061d4   0x00000038   Code   RO         3195    i.prvResetNextTaskUnblockTime  tasks.o
    0x0800620c   0x00000030   Code   RO         2947    i.prvRunTimeStatsCommand  aos_cli.o
    0x0800623c   0x00000024   Code   RO         3132    i.prvSetupTimerInterrupt  port.o
    0x08006260   0x00000024   Code   RO         3133    i.prvTaskExitError  port.o
    0x08006284   0x00000030   Code   RO         2948    i.prvTaskStatsCommand  aos_cli.o
    0x080062b4   0x00000138   Code   RO         3682    i.prvUARTCommandConsoleTask  uart-interrupt-driven-command-console.o
    0x080063ec   0x0000002a   Code   RO         3196    i.prvWriteNameToBuffer  tasks.o
    0x08006416   0x00000002   PAD
    0x08006418   0x00000020   Code   RO         3197    i.pvTaskIncrementMutexHeldCount  tasks.o
    0x08006438   0x00000050   Code   RO         2699    i.readPxMutex       aos_pd_usart.o
    0x08006488   0x00000038   Code   RO         2949    i.sampleCommand     aos_cli.o
    0x080064c0   0x000000f8   Code   RO         2950    i.setCommand        aos_cli.o
    0x080065b8   0x00000034   Code   RO         2626    i.startMicroDelay   aos.o
    0x080065ec   0x0000016c   Code   RO         2951    i.streamCommand     aos_cli.o
    0x08006758   0x00000174   Code   RO         2952    i.streamTestCommand  aos_cli.o
    0x080068cc   0x00000060   Code   RO            6    i.ulMainGetRunTimeCounterValue  freertos.o
    0x0800692c   0x0000009c   Code   RO         3198    i.ulTaskNotifyTake  tasks.o
    0x080069c8   0x00000028   Code   RO         3010    i.uxListRemove      list.o
    0x080069f0   0x0000009c   Code   RO         3199    i.uxTaskGetSystemState  tasks.o
    0x08006a8c   0x00000006   Code   RO          246    i.vApplicationMallocFailedHook  stm32f0xx_it.o
    0x08006a92   0x00000006   Code   RO          247    i.vApplicationStackOverflowHook  stm32f0xx_it.o
    0x08006a98   0x0000001a   Code   RO         3011    i.vListInitialise   list.o
    0x08006ab2   0x00000006   Code   RO         3012    i.vListInitialiseItem  list.o
    0x08006ab8   0x00000036   Code   RO         3013    i.vListInsert       list.o
    0x08006aee   0x00000018   Code   RO         3014    i.vListInsertEnd    list.o
    0x08006b06   0x00000002   PAD
    0x08006b08   0x00000020   Code   RO            7    i.vMainConfigureTimerForRunTimeStats  freertos.o
    0x08006b28   0x0000001c   Code   RO         3134    i.vPortEnterCritical  port.o
    0x08006b44   0x00000028   Code   RO         3135    i.vPortExitCritical  port.o
    0x08006b6c   0x00000018   Code   RO         3136    i.vPortYield        port.o
    0x08006b84   0x00000054   Code   RO         2953    i.vRegisterCLICommands  aos_cli.o
    0x08006bd8   0x00000030   Code   RO         3683    i.vUARTCommandConsoleStart  uart-interrupt-driven-command-console.o
    0x08006c08   0x00000038   Code   RO         2700    i.writePxITMutex    aos_pd_usart.o
    0x08006c40   0x00000050   Code   RO         2701    i.writePxMutex      aos_pd_usart.o
    0x08006c90   0x00000024   Code   RO         3137    i.xPortSysTickHandler  port.o
    0x08006cb4   0x000000d4   Code   RO         3201    i.xTaskGenericNotify  tasks.o
    0x08006d88   0x000009a0   Code   RO         3112    privileged_functions  queue.o
    0x08007728   0x00000074   Code   RO         3138    privileged_functions  port.o
    0x0800779c   0x00001048   Code   RO         3204    privileged_functions  tasks.o
    0x080087e4   0x000001ac   Code   RO         3276    privileged_functions  heap_4.o
    0x08008990   0x00000010   Data   RO          516    .constdata          stm32f0xx_hal_rcc.o
    0x080089a0   0x00000080   Data   RO         2954    .constdata          aos_cli.o
    0x08008a20   0x00000014   Data   RO         3205    .constdata          tasks.o
    0x08008a34   0x00000010   Data   RO         3639    .constdata          freertos_cli.o
    0x08008a44   0x00000081   Data   RO         4075    .constdata          mc_p.l(ctype_o.o)
    0x08008ac5   0x00000003   PAD
    0x08008ac8   0x00000004   Data   RO         4076    .constdata          mc_p.l(ctype_o.o)
    0x08008acc   0x0000068f   Data   RO         2955    .conststring        aos_cli.o
    0x0800915b   0x00000001   PAD
    0x0800915c   0x000000dd   Data   RO         3640    .conststring        freertos_cli.o
    0x08009239   0x00000003   PAD
    0x0800923c   0x000002e5   Data   RO         3685    .conststring        uart-interrupt-driven-command-console.o
    0x08009521   0x00000003   PAD
    0x08009524   0x00000020   Data   RO         4124    Region$$Table       anon$$obj.o


    Execution Region RW_IRAM1 (Base: 0x20000000, Size: 0x00006f98, Max: 0x00008000, ABSOLUTE, COMPRESSED[0x00000108])

    Base Addr    Size         Type   Attr      Idx    E Section Name        Object

    0x20000000   0x000000d0   Data   RW            9    .data               freertos.o
    0x200000d0   0x000000d6   Data   RW          329    .data               main.o
    0x200001a6   0x00000002   PAD
    0x200001a8   0x00000014   Data   RW          373    .data               system_stm32f0xx.o
    0x200001bc   0x00000004   Data   RW         1334    .data               stm32f0xx_hal.o
    0x200001c0   0x000000b4   Data   RW         2629    .data               aos.o
    0x20000274   0x000000ac   Data   RW         2703    .data               aos_pd_usart.o
    0x20000320   0x000000d8   Data   RW         2956    .data               aos_cli.o
    0x200003f8   0x00000004   Data   RW         3139    .data               port.o
    0x200003fc   0x00000018   Data   RW         3278    .data               heap_4.o
    0x20000414   0x00000014   Data   RW         3641    .data               freertos_cli.o
    0x20000428   0x000000bc   Data   RW         3686    .data               uart-interrupt-driven-command-console.o
    0x200004e4   0x00000004   Data   RW         3729    .data               mc_p.l(rand.o)
    0x200004e8   0x00000004   Data   RW         4044    .data               mc_p.l(errno.o)
    0x200004ec   0x00000130   Data   RW         3206    privileged_data     tasks.o
    0x2000061c   0x0000001c   Zero   RW            8    .bss                freertos.o
    0x20000638   0x000000b4   Zero   RW         2628    .bss                aos.o
    0x200006ec   0x000002a0   Zero   RW         2702    .bss                aos_pd_usart.o
    0x2000098c   0x0000004c   Zero   RW         2817    .bss                aos_pd_adc.o
    0x200009d8   0x00000118   Zero   RW         2869    .bss                aos_pd_dma.o
    0x20000af0   0x00000040   Zero   RW         3113    .bss                queue.o
    0x20000b30   0x00003000   Zero   RW         3277    .bss                heap_4.o
    0x20003b30   0x00000400   Zero   RW         3638    .bss                freertos_cli.o
    0x20003f30   0x00000064   Zero   RW         3684    .bss                uart-interrupt-driven-command-console.o
    0x20003f94   0x00000004   PAD
    0x20003f98   0x00003000   Zero   RW         3710    STACK               startup_stm32f091xc.o


==============================================================================

Image component sizes


      Code (inc. data)   RO Data    RW Data    ZI Data      Debug   Object Name

       704        108          0        180        180       4687   aos.o
      1460        222       1807        216          0      14367   aos_cli.o
       208         26          0          0         76       2250   aos_pd_adc.o
      1172        150          0          0        280       5273   aos_pd_dma.o
       170          6          0          0          0       1458   aos_pd_gpio.o
      1340        134          0        172        672       7959   aos_pd_usart.o
       310          8          0          0          0      10604   cmsis_os.o
       664        170          0        208         28     317988   freertos.o
       524         34        237         20       1024       6344   freertos_cli.o
       656         52          0         24      12288       4588   heap_4.o
       150          0          0          0          0       4902   list.o
       278         22          0        214          0       3210   main.o
       430         56          0          4          0       7112   port.o
      2464          6          0          0         64      13298   queue.o
        88         34        188          0      12288        788   startup_stm32f091xc.o
       126         14          0          4          0       4128   stm32f0xx_hal.o
      1792         46          0          0          0       7545   stm32f0xx_hal_adc.o
       218         26          0          0          0       8733   stm32f0xx_hal_cortex.o
      2570         32          0          0          0       4391   stm32f0xx_hal_dma.o
       528         28          0          0          0       2889   stm32f0xx_hal_gpio.o
      2664        100         16          0          0       5637   stm32f0xx_hal_rcc.o
       380         12          0          0          0       1448   stm32f0xx_hal_rcc_ex.o
       810         30          0          0          0       7219   stm32f0xx_hal_tim.o
       102          0          0          0          0       2274   stm32f0xx_hal_tim_ex.o
      2738         84          0          0          0      12972   stm32f0xx_hal_uart.o
       336          0          0          0          0       1730   stm32f0xx_hal_uart_ex.o
       744        136          0          0          0       6744   stm32f0xx_it.o
       120         18          0         20          0       1357   system_stm32f0xx.o
      4846        364         20        304          0      23104   tasks.o
       360         42        741        188        100       2449   uart-interrupt-driven-command-console.o

    ----------------------------------------------------------------------
     28982       1960       3048       1556      27004     497448   Object Totals
         0          0         32          0          0          0   (incl. Generated)
        30          0          7          2          4          0   (incl. Padding)

    ----------------------------------------------------------------------

      Code (inc. data)   RO Data    RW Data    ZI Data      Debug   Library Member Name

        42          0          0          0          0         76   atof.o
        96          0          0          0          0          0   __dclz77c.o
        30          0          0          0          0         60   _chval.o
        68          0          0          0          0         76   _sgetc.o
       166          0          0          0          0         84   _strtoul.o
        26          0          0          0          0         72   atoi.o
        26          0          0          0          0         72   atol.o
         8          4        133          0          0         60   ctype_o.o
         0          0          0          0          0          0   entry.o
         0          0          0          0          0          0   entry10a.o
         0          0          0          0          0          0   entry11a.o
         8          4          0          0          0          0   entry2.o
         4          0          0          0          0          0   entry5.o
         0          0          0          0          0          0   entry7b.o
         0          0          0          0          0          0   entry8b.o
         8          4          0          0          0          0   entry9a.o
        32         16          0          4          0        180   errno.o
        30          0          0          0          0          0   handlers.o
        36          8          0          0          0         68   init.o
        18          0          0          0          0         68   isspace_o.o
         0          0          0          0          0          0   iusefp.o
       122          0          0          0          0         84   llmul.o
        32          0          0          0          0         68   llshl.o
        38          0          0          0          0         68   llsshr.o
        34          0          0          0          0         68   llushr.o
        26          0          0          0          0         72   memcmp.o
        36          0          0          0          0         60   memcpya.o
        36          0          0          0          0        100   memseta.o
      2242         94          0          0          0        472   printfa.o
        36         12          0          4          0        120   rand.o
       858         12          0          0          0        184   scanf_fp.o
        24          0          0          0          0         60   strcat.o
        28          0          0          0          0         68   strcmp.o
        18          0          0          0          0         60   strcpy.o
        14          0          0          0          0         60   strlen.o
        30          0          0          0          0         72   strncmp.o
        26          0          0          0          0         68   strncpy.o
       164         18          0          0          0        120   strtod.o
       112          4          0          0          0         76   strtol.o
        44          0          0          0          0         72   uidiv.o
        96          0          0          0          0         84   uldiv.o
        40          2          0          0          0         68   cdrcmple.o
        20          0          0          0          0         68   cfcmple.o
        56          0          0          0          0         68   d2f.o
       356          4          0          0          0        140   dadd.o
       240          6          0          0          0         84   ddiv.o
       236          0          0          0          0        216   depilogue.o
        64         10          0          0          0         68   dfixul.o
        28          6          0          0          0         68   dfltul.o
       208          6          0          0          0         88   dmul.o
        40          0          0          0          0         60   f2d.o
       130          0          0          0          0        144   fepilogue.o

    ----------------------------------------------------------------------
      6046        210        136          8          0       3924   Library Totals
        14          0          3          0          0          0   (incl. Padding)

    ----------------------------------------------------------------------

      Code (inc. data)   RO Data    RW Data    ZI Data      Debug   Library Name

        42          0          0          0          0         76   m_ps.l
      4572        176        133          8          0       2776   mc_p.l
      1418         34          0          0          0       1072   mf_p.l

    ----------------------------------------------------------------------
      6046        210        136          8          0       3924   Library Totals

    ----------------------------------------------------------------------

==============================================================================


      Code (inc. data)   RO Data    RW Data    ZI Data      Debug   

     35028       2170       3184       1564      27004     491936   Grand Totals
     35028       2170       3184        264      27004     491936   ELF Image Totals (compressed)
     35028       2170       3184        264          0          0   ROM Totals

==============================================================================

    Total RO  Size (Code + RO Data)                38212 (  37.32kB)
    Total RW  Size (RW Data + ZI Data)             28568 (  27.90kB)
    Total ROM Size (Code + RO Data + RW Data)      38476 (  37.57kB)

==============================================================================

