Component: ARM Compiler 5.05 update 2 (build 169) Tool: armlink [4d0f33]

==============================================================================

Section Cross References

    freertos.o(i.MX_FREERTOS_Init) refers to tasks.o(privileged_functions) for xTaskGenericCreate
    freertos.o(i.MX_FREERTOS_Init) refers to cmsis_os.o(i.osSemaphoreCreate) for osSemaphoreCreate
    freertos.o(i.MX_FREERTOS_Init) refers to aos_cli.o(i.vRegisterCLICommands) for vRegisterCLICommands
    freertos.o(i.MX_FREERTOS_Init) refers to uart-interrupt-driven-command-console.o(i.vUARTCommandConsoleStart) for vUARTCommandConsoleStart
    freertos.o(i.MX_FREERTOS_Init) refers to freertos.o(.data) for defaultTaskHandle
    freertos.o(i.MX_FREERTOS_Init) refers to freertos.o(i.StartDefaultTask) for StartDefaultTask
    freertos.o(i.MX_FREERTOS_Init) refers to freertos.o(i.PxTask) for PxTask
    freertos.o(i.MX_FREERTOS_Init) refers to main.o(i.FrontEndTask) for FrontEndTask
    freertos.o(i.MX_FREERTOS_Init) refers to main.o(i.IMUTask) for IMUTask
    freertos.o(i.MX_FREERTOS_Init) refers to freertos.o(.bss) for PxSemaphoreHandle
    freertos.o(i.PxTask) refers to aos_pd_usart.o(i.readPxMutex) for readPxMutex
    freertos.o(i.PxTask) refers to tasks.o(i.xTaskGenericNotify) for xTaskGenericNotify
    freertos.o(i.PxTask) refers to port.o(i.vPortYield) for vPortYield
    freertos.o(i.PxTask) refers to aos.o(.data) for portStatus
    freertos.o(i.PxTask) refers to aos_pd_usart.o(.data) for PcPort
    freertos.o(i.PxTask) refers to uart-interrupt-driven-command-console.o(.data) for xCommandConsoleTask
    freertos.o(i.StartDefaultTask) refers to cmsis_os.o(i.osDelay) for osDelay
    freertos.o(i.ulMainGetRunTimeCounterValue) refers to uidiv.o(.text) for __aeabi_uidivmod
    freertos.o(i.ulMainGetRunTimeCounterValue) refers to tasks.o(privileged_functions) for xTaskGetTickCountFromISR
    freertos.o(i.ulMainGetRunTimeCounterValue) refers to system_stm32f0xx.o(.data) for SystemCoreClock
    freertos.o(i.ulMainGetRunTimeCounterValue) refers to freertos.o(.data) for ulClocksPer10thOfAMilliSecond
    freertos.o(i.vMainConfigureTimerForRunTimeStats) refers to uidiv.o(.text) for __aeabi_uidivmod
    freertos.o(i.vMainConfigureTimerForRunTimeStats) refers to system_stm32f0xx.o(.data) for SystemCoreClock
    freertos.o(i.vMainConfigureTimerForRunTimeStats) refers to freertos.o(.data) for ulClocksPer10thOfAMilliSecond
    stm32f0xx_it.o(i.DMA1_Ch1_IRQHandler) refers to stm32f0xx_hal_dma.o(i.HAL_DMA_IRQHandler) for HAL_DMA_IRQHandler
    stm32f0xx_it.o(i.DMA1_Ch1_IRQHandler) refers to aos.o(i.GetUart) for GetUart
    stm32f0xx_it.o(i.DMA1_Ch1_IRQHandler) refers to idiv.o(.text) for __aeabi_idivmod
    stm32f0xx_it.o(i.DMA1_Ch1_IRQHandler) refers to main.o(i.SampleAndForward) for SampleAndForward
    stm32f0xx_it.o(i.DMA1_Ch1_IRQHandler) refers to stm32f0xx_hal_gpio.o(i.HAL_GPIO_WritePin) for HAL_GPIO_WritePin
    stm32f0xx_it.o(i.DMA1_Ch1_IRQHandler) refers to aos_pd_dma.o(.bss) for uplinkDMA1
    stm32f0xx_it.o(i.DMA1_Ch1_IRQHandler) refers to main.o(.data) for ledStatus
    stm32f0xx_it.o(i.DMA1_Ch1_IRQHandler) refers to stm32f0xx_it.o(.data) for lsb
    stm32f0xx_it.o(i.DMA1_Ch2_3_DMA2_Ch1_2_IRQHandler) refers to stm32f0xx_hal_dma.o(i.HAL_DMA_IRQHandler) for HAL_DMA_IRQHandler
    stm32f0xx_it.o(i.DMA1_Ch2_3_DMA2_Ch1_2_IRQHandler) refers to aos_pd_dma.o(.bss) for uplinkDMA2
    stm32f0xx_it.o(i.DMA1_Ch4_7_DMA2_Ch3_5_IRQHandler) refers to stm32f0xx_hal_dma.o(i.HAL_DMA_IRQHandler) for HAL_DMA_IRQHandler
    stm32f0xx_it.o(i.DMA1_Ch4_7_DMA2_Ch3_5_IRQHandler) refers to aos_pd_dma.o(.bss) for downlinkDMA1
    stm32f0xx_it.o(i.HAL_UART_RxCpltCallback) refers to aos.o(i.GetPort) for GetPort
    stm32f0xx_it.o(i.HAL_UART_RxCpltCallback) refers to queue.o(privileged_functions) for xQueueGiveFromISR
    stm32f0xx_it.o(i.HAL_UART_RxCpltCallback) refers to freertos.o(.bss) for PxSemaphoreHandle
    stm32f0xx_it.o(i.HAL_UART_RxCpltCallback) refers to aos_pd_usart.o(.data) for UartRxReady
    stm32f0xx_it.o(i.HAL_UART_TxCpltCallback) refers to aos.o(i.GetPort) for GetPort
    stm32f0xx_it.o(i.HAL_UART_TxCpltCallback) refers to queue.o(privileged_functions) for xQueueGiveFromISR
    stm32f0xx_it.o(i.HAL_UART_TxCpltCallback) refers to freertos.o(.bss) for PxSemaphoreHandle
    stm32f0xx_it.o(i.HAL_UART_TxCpltCallback) refers to aos_pd_usart.o(.data) for UartTxReady
    stm32f0xx_it.o(i.SysTick_Handler) refers to stm32f0xx_hal.o(i.HAL_IncTick) for HAL_IncTick
    stm32f0xx_it.o(i.SysTick_Handler) refers to cmsis_os.o(i.osSystickHandler) for osSystickHandler
    stm32f0xx_it.o(i.TIM2_IRQHandler) refers to stm32f0xx_hal_tim.o(i.HAL_TIM_IRQHandler) for HAL_TIM_IRQHandler
    stm32f0xx_it.o(i.TIM2_IRQHandler) refers to aos.o(.data) for myTrig
    stm32f0xx_it.o(i.TIM2_IRQHandler) refers to aos.o(.bss) for htim2
    stm32f0xx_it.o(i.USART1_IRQHandler) refers to stm32f0xx_hal_uart_ex.o(i.HAL_UART_IRQHandler) for HAL_UART_IRQHandler
[...]
    _printf_d                                0x00000000   Number         0  stubs.o ABSOLUTE
    _printf_e                                0x00000000   Number         0  stubs.o ABSOLUTE
    _printf_f                                0x00000000   Number         0  stubs.o ABSOLUTE
    _printf_flags                            0x00000000   Number         0  stubs.o ABSOLUTE
    _printf_fp_dec                           0x00000000   Number         0  stubs.o ABSOLUTE
    _printf_fp_hex                           0x00000000   Number         0  stubs.o ABSOLUTE
    _printf_g                                0x00000000   Number         0  stubs.o ABSOLUTE
    _printf_i                                0x00000000   Number         0  stubs.o ABSOLUTE
    _printf_int_dec                          0x00000000   Number         0  stubs.o ABSOLUTE
    _printf_l                                0x00000000   Number         0  stubs.o ABSOLUTE
    _printf_lc                               0x00000000   Number         0  stubs.o ABSOLUTE
    _printf_ll                               0x00000000   Number         0  stubs.o ABSOLUTE
    _printf_lld                              0x00000000   Number         0  stubs.o ABSOLUTE
    _printf_lli                              0x00000000   Number         0  stubs.o ABSOLUTE
    _printf_llo                              0x00000000   Number         0  stubs.o ABSOLUTE
    _printf_llu                              0x00000000   Number         0  stubs.o ABSOLUTE
    _printf_llx                              0x00000000   Number         0  stubs.o ABSOLUTE
    _printf_longlong_dec                     0x00000000   Number         0  stubs.o ABSOLUTE
    _printf_longlong_hex                     0x00000000   Number         0  stubs.o ABSOLUTE
    _printf_longlong_oct                     0x00000000   Number         0  stubs.o ABSOLUTE
    _printf_ls                               0x00000000   Number         0  stubs.o ABSOLUTE
    _printf_mbtowc                           0x00000000   Number         0  stubs.o ABSOLUTE
    _printf_n                                0x00000000   Number         0  stubs.o ABSOLUTE
    _printf_o                                0x00000000   Number         0  stubs.o ABSOLUTE
    _printf_p                                0x00000000   Number         0  stubs.o ABSOLUTE
    _printf_percent                          0x00000000   Number         0  stubs.o ABSOLUTE
    _printf_pre_padding                      0x00000000   Number         0  stubs.o ABSOLUTE
    _printf_return_value                     0x00000000   Number         0  stubs.o ABSOLUTE
    _printf_s                                0x00000000   Number         0  stubs.o ABSOLUTE
    _printf_sizespec                         0x00000000   Number         0  stubs.o ABSOLUTE
    _printf_str                              0x00000000   Number         0  stubs.o ABSOLUTE
    _printf_truncate_signed                  0x00000000   Number         0  stubs.o ABSOLUTE
    _printf_truncate_unsigned                0x00000000   Number         0  stubs.o ABSOLUTE
    _printf_u                                0x00000000   Number         0  stubs.o ABSOLUTE
    _printf_wc                               0x00000000   Number         0  stubs.o ABSOLUTE
    _printf_wctomb                           0x00000000   Number         0  stubs.o ABSOLUTE
    _printf_widthprec                        0x00000000   Number         0  stubs.o ABSOLUTE
    _printf_x                                0x00000000   Number         0  stubs.o ABSOLUTE
    __cpp_initialize__aeabi_                  - Undefined Weak Reference
    __cxa_finalize                            - Undefined Weak Reference
    _clock_init                               - Undefined Weak Reference
    _microlib_exit                            - Undefined Weak Reference
    __Vectors_Size                           0x000000bc   Number         0  startup_stm32f091xc.o ABSOLUTE
    __Vectors                                0x08000000   Data           4  startup_stm32f091xc.o(RESET)
    __Vectors_End                            0x080000bc   Data           0  startup_stm32f091xc.o(RESET)
    __main                                   0x080000bd   Thumb Code     0  entry.o(.ARM.Collect$$$$00000000)
    _main_stk                                0x080000bd   Thumb Code     0  entry2.o(.ARM.Collect$$$$00000001)
    _main_scatterload                        0x080000c1   Thumb Code     0  entry5.o(.ARM.Collect$$$$00000004)
    __main_after_scatterload                 0x080000c5   Thumb Code     0  entry5.o(.ARM.Collect$$$$00000004)
    _main_clock                              0x080000c5   Thumb Code     0  entry7b.o(.ARM.Collect$$$$00000008)
    _main_cpp_init                           0x080000c5   Thumb Code     0  entry8b.o(.ARM.Collect$$$$0000000A)
    _main_init                               0x080000c5   Thumb Code     0  entry9a.o(.ARM.Collect$$$$0000000B)
    __rt_final_cpp                           0x080000cd   Thumb Code     0  entry10a.o(.ARM.Collect$$$$0000000D)
    __rt_final_exit                          0x080000cd   Thumb Code     0  entry11a.o(.ARM.Collect$$$$0000000F)
    __asm___6_port_c_39a90d8d__prvPortStartFirstTask 0x080000d1   Thumb Code    28  port.o(.emb_text)
    ulSetInterruptMaskFromISR                0x080000f1   Thumb Code     8  port.o(.emb_text)
    vClearInterruptMaskFromISR               0x080000f9   Thumb Code     6  port.o(.emb_text)
    PendSV_Handler                           0x080000ff   Thumb Code    62  port.o(.emb_text)
    Reset_Handler                            0x08000141   Thumb Code    20  startup_stm32f091xc.o(.text)
    Reboot_Loader                            0x08000155   Thumb Code    22  startup_stm32f091xc.o(.text)
    NMI_Handler                              0x0800016b   Thumb Code     2  startup_stm32f091xc.o(.text)
    HardFault_Handler                        0x0800016d   Thumb Code     2  startup_stm32f091xc.o(.text)
    ADC1_COMP_IRQHandler                     0x08000175   Thumb Code     0  startup_stm32f091xc.o(.text)
    CEC_CAN_IRQHandler                       0x08000175   Thumb Code     0  startup_stm32f091xc.o(.text)
    EXTI0_1_IRQHandler                       0x08000175   Thumb Code     0  startup_stm32f091xc.o(.text)
    EXTI2_3_IRQHandler                       0x08000175   Thumb Code     0  startup_stm32f091xc.o(.text)
    EXTI4_15_IRQHandler                      0x08000175   Thumb Code     0  startup_stm32f091xc.o(.text)
    FLASH_IRQHandler                         0x08000175   Thumb Code     0  startup_stm32f091xc.o(.text)
    I2C1_IRQHandler                          0x08000175   Thumb Code     0  startup_stm32f091xc.o(.text)
    I2C2_IRQHandler                          0x08000175   Thumb Code     0  startup_stm32f091xc.o(.text)
    PVD_VDDIO2_IRQHandler                    0x08000175   Thumb Code     0  startup_stm32f091xc.o(.text)
    RCC_CRS_IRQHandler                       0x08000175   Thumb Code     0  startup_stm32f091xc.o(.text)
    RTC_IRQHandler                           0x08000175   Thumb Code     0  startup_stm32f091xc.o(.text)
    SPI1_IRQHandler                          0x08000175   Thumb Code     0  startup_stm32f091xc.o(.text)
    SPI2_IRQHandler                          0x08000175   Thumb Code     0  startup_stm32f091xc.o(.text)
    TIM14_IRQHandler                         0x08000175   Thumb Code     0  startup_stm32f091xc.o(.text)
    TIM15_IRQHandler                         0x08000175   Thumb Code     0  startup_stm32f091xc.o(.text)
    TIM16_IRQHandler                         0x08000175   Thumb Code     0  startup_stm32f091xc.o(.text)
    TIM17_IRQHandler                         0x08000175   Thumb Code     0  startup_stm32f091xc.o(.text)
    TIM1_BRK_UP_TRG_COM_IRQHandler           0x08000175   Thumb Code     0  startup_stm32f091xc.o(.text)
    TIM1_CC_IRQHandler                       0x08000175   Thumb Code     0  startup_stm32f091xc.o(.text)
    TIM3_IRQHandler                          0x08000175   Thumb Code     0  startup_stm32f091xc.o(.text)
    TIM6_DAC_IRQHandler                      0x08000175   Thumb Code     0  startup_stm32f091xc.o(.text)
    TIM7_IRQHandler                          0x08000175   Thumb Code     0  startup_stm32f091xc.o(.text)
    TSC_IRQHandler                           0x08000175   Thumb Code     0  startup_stm32f091xc.o(.text)
    WWDG_IRQHandler                          0x08000175   Thumb Code     0  startup_stm32f091xc.o(.text)
    __aeabi_uidiv                            0x08000199   Thumb Code     0  uidiv.o(.text)
    __aeabi_uidivmod                         0x08000199   Thumb Code    44  uidiv.o(.text)
    __aeabi_idiv                             0x080001c5   Thumb Code     0  idiv.o(.text)
    __aeabi_idivmod                          0x080001c5   Thumb Code    40  idiv.o(.text)
    __aeabi_llsr                             0x080001ed   Thumb Code    34  llushr.o(.text)
    _ll_ushift_r                             0x080001ed   Thumb Code     0  llushr.o(.text)
    rand                                     0x08000211   Thumb Code    18  rand.o(.text)
    srand                                    0x08000223   Thumb Code     6  rand.o(.text)
    __aeabi_memcpy                           0x08000235   Thumb Code    36  memcpya.o(.text)
    __aeabi_memcpy4                          0x08000235   Thumb Code     0  memcpya.o(.text)
    __aeabi_memcpy8                          0x08000235   Thumb Code     0  memcpya.o(.text)
    __aeabi_memset                           0x08000259   Thumb Code    14  memseta.o(.text)
    __aeabi_memset4                          0x08000259   Thumb Code     0  memseta.o(.text)
    __aeabi_memset8                          0x08000259   Thumb Code     0  memseta.o(.text)
    __aeabi_memclr                           0x08000267   Thumb Code     4  memseta.o(.text)
    __aeabi_memclr4                          0x08000267   Thumb Code     0  memseta.o(.text)
    __aeabi_memclr8                          0x08000267   Thumb Code     0  memseta.o(.text)
    _memset$wrapper                          0x0800026b   Thumb Code    18  memseta.o(.text)
    strcat                                   0x0800027d   Thumb Code    24  strcat.o(.text)
    strncpy                                  0x08000295   Thumb Code    26  strncpy.o(.text)
    strlen                                   0x080002af   Thumb Code    14  strlen.o(.text)
    strcmp                                   0x080002bd   Thumb Code    28  strcmp.o(.text)
    memcmp                                   0x080002d9   Thumb Code    26  memcmp.o(.text)
    strcpy                                   0x080002f3   Thumb Code    18  strcpy.o(.text)
    strncmp                                  0x08000305   Thumb Code    30  strncmp.o(.text)
    atoi                                     0x08000323   Thumb Code    26  atoi.o(.text)
    atol                                     0x0800033d   Thumb Code    26  atol.o(.text)
    __aeabi_fadd                             0x08000357   Thumb Code   162  fadd.o(.text)
    __aeabi_fsub                             0x080003f9   Thumb Code     8  fadd.o(.text)
    __aeabi_frsub                            0x08000401   Thumb Code     8  fadd.o(.text)
    __aeabi_fdiv                             0x08000409   Thumb Code   124  fdiv.o(.text)
    __aeabi_dadd                             0x08000485   Thumb Code   328  dadd.o(.text)
    __aeabi_dsub                             0x080005cd   Thumb Code    12  dadd.o(.text)
    __aeabi_drsub                            0x080005d9   Thumb Code    12  dadd.o(.text)
    __aeabi_dmul                             0x080005e9   Thumb Code   202  dmul.o(.text)
    __aeabi_ddiv                             0x080006b9   Thumb Code   234  ddiv.o(.text)
    __aeabi_i2f                              0x080007a9   Thumb Code    22  fflti.o(.text)
    __aeabi_f2iz                             0x080007bf   Thumb Code    50  ffixi.o(.text)
    __aeabi_f2uiz                            0x080007f1   Thumb Code    40  ffixui.o(.text)
    __aeabi_d2uiz                            0x08000819   Thumb Code    50  dfixui.o(.text)
    __aeabi_f2d                              0x08000855   Thumb Code    40  f2d.o(.text)
    __aeabi_d2f                              0x0800087d   Thumb Code    56  d2f.o(.text)
    __aeabi_cfcmpeq                          0x080008b5   Thumb Code     0  cfcmple.o(.text)
    __aeabi_cfcmple                          0x080008b5   Thumb Code    20  cfcmple.o(.text)
    __aeabi_cfrcmple                         0x080008c9   Thumb Code    20  cfrcmple.o(.text)
    __aeabi_uldivmod                         0x080008dd   Thumb Code    96  uldiv.o(.text)
    __aeabi_llsl                             0x0800093d   Thumb Code    32  llshl.o(.text)
    _ll_shift_l                              0x0800093d   Thumb Code     0  llshl.o(.text)
    __aeabi_lasr                             0x0800095d   Thumb Code    38  llsshr.o(.text)
    _ll_sshift_r                             0x0800095d   Thumb Code     0  llsshr.o(.text)
    __strtod_int                             0x080009bb   Thumb Code    92  strtod.o(.text)
    strtol                                   0x08000a29   Thumb Code   108  strtol.o(.text)
    __I$use$fp                               0x08000a99   Thumb Code     0  iusefp.o(.text)
    _float_round                             0x08000a99   Thumb Code    16  fepilogue.o(.text)
    _float_epilogue                          0x08000aa9   Thumb Code   114  fepilogue.o(.text)
    _double_round                            0x08000b1b   Thumb Code    26  depilogue.o(.text)
    _double_epilogue                         0x08000b35   Thumb Code   164  depilogue.o(.text)
    __aeabi_d2ulz                            0x08000bd9   Thumb Code    54  dfixul.o(.text)
    __aeabi_cdrcmple                         0x08000c19   Thumb Code    38  cdrcmple.o(.text)
    __scatterload                            0x08000c41   Thumb Code    28  init.o(.text)
    __scatterload_rt2                        0x08000c41   Thumb Code     0  init.o(.text)
    __rt_ctype_table                         0x08000c65   Thumb Code     4  ctype_o.o(.text)
    isspace                                  0x08000c6d   Thumb Code    18  isspace_o.o(.text)
    _scanf_real                              0x08000d77   Thumb Code     0  scanf_fp.o(.text)
    _scanf_really_real                       0x08000d77   Thumb Code   586  scanf_fp.o(.text)
    _sgetc                                   0x08000fcd   Thumb Code    32  _sgetc.o(.text)
    _sbackspace                              0x08000fed   Thumb Code    36  _sgetc.o(.text)
    _strtoul                                 0x08001011   Thumb Code   166  _strtoul.o(.text)
    __ARM_scalbn                             0x080010b7   Thumb Code    44  dscalb.o(.text)
    scalbn                                   0x080010b7   Thumb Code     0  dscalb.o(.text)
    __aeabi_lmul                             0x080010e3   Thumb Code   122  llmul.o(.text)
    _ll_mul                                  0x080010e3   Thumb Code     0  llmul.o(.text)
    _chval                                   0x0800115d   Thumb Code    30  _chval.o(.text)
    __aeabi_ul2d                             0x0800117d   Thumb Code    22  dfltul.o(.text)
    __decompress                             0x08001199   Thumb Code     0  __dclz77c.o(.text)
    __decompress2                            0x08001199   Thumb Code    96  __dclz77c.o(.text)
    AOS_init                                 0x080013e5   Thumb Code   156  aos.o(i.AOS_init)
    DMA1_Ch1_IRQHandler                      0x0800148d   Thumb Code   374  stm32f0xx_it.o(i.DMA1_Ch1_IRQHandler)
    DMA1_Ch2_3_DMA2_Ch1_2_IRQHandler         0x08001649   Thumb Code    48  stm32f0xx_it.o(i.DMA1_Ch2_3_DMA2_Ch1_2_IRQHandler)
    DMA1_Ch4_7_DMA2_Ch3_5_IRQHandler         0x08001689   Thumb Code    50  stm32f0xx_it.o(i.DMA1_Ch4_7_DMA2_Ch3_5_IRQHandler)
    DownlinkDMA1_Init                        0x080016e9   Thumb Code    42  aos_pd_dma.o(i.DownlinkDMA1_Init)
    DownlinkDMA1_Setup                       0x0800171d   Thumb Code   378  aos_pd_dma.o(i.DownlinkDMA1_Setup)
    DownlinkDMA2_Init                        0x080018c9   Thumb Code    42  aos_pd_dma.o(i.DownlinkDMA2_Init)
    DownlinkDMA2_Setup                       0x080018fd   Thumb Code   376  aos_pd_dma.o(i.DownlinkDMA2_Setup)
    DownlinkDMA3_Init                        0x08001aa5   Thumb Code    42  aos_pd_dma.o(i.DownlinkDMA3_Init)
    DownlinkDMA3_Setup                       0x08001ad9   Thumb Code   346  aos_pd_dma.o(i.DownlinkDMA3_Setup)
    FreeRTOS_CLIGetOutputBuffer              0x08001c65   Thumb Code     4  freertos_cli.o(i.FreeRTOS_CLIGetOutputBuffer)
    FreeRTOS_CLIGetParameter                 0x08001c6d   Thumb Code   102  freertos_cli.o(i.FreeRTOS_CLIGetParameter)
    FreeRTOS_CLIProcessCommand               0x08001cd5   Thumb Code   204  freertos_cli.o(i.FreeRTOS_CLIProcessCommand)
    FreeRTOS_CLIRegisterCommand              0x08001db1   Thumb Code    68  freertos_cli.o(i.FreeRTOS_CLIRegisterCommand)
    FrontEndTask                             0x08001df9   Thumb Code  1284  main.o(i.FrontEndTask)
    GetPort                                  0x08002305   Thumb Code    78  aos.o(i.GetPort)
    GetUart                                  0x0800236d   Thumb Code    48  aos.o(i.GetUart)
    HAL_ADC_ConfigChannel                    0x080023b5   Thumb Code   412  stm32f0xx_hal_adc.o(i.HAL_ADC_ConfigChannel)
    HAL_ADC_GetValue                         0x08002561   Thumb Code    14  stm32f0xx_hal_adc.o(i.HAL_ADC_GetValue)
    HAL_ADC_Init                             0x08002571   Thumb Code   422  stm32f0xx_hal_adc.o(i.HAL_ADC_Init)
    HAL_ADC_MspInit                          0x08002721   Thumb Code    66  aos_pd_adc.o(i.HAL_ADC_MspInit)
    HAL_ADC_PollForConversion                0x08002771   Thumb Code   228  stm32f0xx_hal_adc.o(i.HAL_ADC_PollForConversion)
    HAL_ADC_Start                            0x08002855   Thumb Code   114  stm32f0xx_hal_adc.o(i.HAL_ADC_Start)
    HAL_ADC_Stop                             0x080028cd   Thumb Code    80  stm32f0xx_hal_adc.o(i.HAL_ADC_Stop)
    HAL_DMA_IRQHandler                       0x0800291d   Thumb Code  2324  stm32f0xx_hal_dma.o(i.HAL_DMA_IRQHandler)
    HAL_DMA_Init                             0x08003239   Thumb Code    86  stm32f0xx_hal_dma.o(i.HAL_DMA_Init)
    HAL_DMA_Start_IT                         0x08003295   Thumb Code   114  stm32f0xx_hal_dma.o(i.HAL_DMA_Start_IT)
    HAL_Delay                                0x08003307   Thumb Code    26  stm32f0xx_hal.o(i.HAL_Delay)
    HAL_GPIO_Init                            0x08003321   Thumb Code   480  stm32f0xx_hal_gpio.o(i.HAL_GPIO_Init)
    HAL_GPIO_TogglePin                       0x0800351d   Thumb Code     8  stm32f0xx_hal_gpio.o(i.HAL_GPIO_TogglePin)
    HAL_GPIO_WritePin                        0x08003525   Thumb Code    12  stm32f0xx_hal_gpio.o(i.HAL_GPIO_WritePin)
    HAL_GetTick                              0x08003531   Thumb Code     6  stm32f0xx_hal.o(i.HAL_GetTick)
    HAL_I2CEx_ConfigAnalogFilter             0x0800353d   Thumb Code   142  stm32f0xx_hal_i2c_ex.o(i.HAL_I2CEx_ConfigAnalogFilter)
    HAL_I2C_Init                             0x080035cd   Thumb Code   190  stm32f0xx_hal_i2c.o(i.HAL_I2C_Init)
    HAL_I2C_Mem_Read                         0x08003691   Thumb Code   384  stm32f0xx_hal_i2c.o(i.HAL_I2C_Mem_Read)
    HAL_I2C_Mem_Write                        0x08003815   Thumb Code   386  stm32f0xx_hal_i2c.o(i.HAL_I2C_Mem_Write)
    HAL_I2C_MspInit                          0x0800399d   Thumb Code    78  mpu6050.o(i.HAL_I2C_MspInit)
    HAL_IncTick                              0x080039f9   Thumb Code    12  stm32f0xx_hal.o(i.HAL_IncTick)
    HAL_Init                                 0x08003a09   Thumb Code    28  stm32f0xx_hal.o(i.HAL_Init)
    HAL_InitTick                             0x08003a29   Thumb Code    38  stm32f0xx_hal.o(i.HAL_InitTick)
    HAL_MspInit                              0x08003a4f   Thumb Code     2  stm32f0xx_hal.o(i.HAL_MspInit)
    HAL_NVIC_EnableIRQ                       0x08003a51   Thumb Code    18  stm32f0xx_hal_cortex.o(i.HAL_NVIC_EnableIRQ)
    HAL_NVIC_SetPriority                     0x08003a69   Thumb Code    18  stm32f0xx_hal_cortex.o(i.HAL_NVIC_SetPriority)
    HAL_RCCEx_PeriphCLKConfig                0x08003a7d   Thumb Code   368  stm32f0xx_hal_rcc_ex.o(i.HAL_RCCEx_PeriphCLKConfig)
    HAL_RCC_ClockConfig                      0x08003bf9   Thumb Code   702  stm32f0xx_hal_rcc.o(i.HAL_RCC_ClockConfig)
    HAL_RCC_GetHCLKFreq                      0x08003ec5   Thumb Code    32  stm32f0xx_hal_rcc.o(i.HAL_RCC_GetHCLKFreq)
    HAL_RCC_GetPCLK1Freq                     0x08003ef1   Thumb Code    26  stm32f0xx_hal_rcc.o(i.HAL_RCC_GetPCLK1Freq)
    HAL_RCC_GetSysClockFreq                  0x08003f15   Thumb Code   194  stm32f0xx_hal_rcc.o(i.HAL_RCC_GetSysClockFreq)
    HAL_RCC_OscConfig                        0x08004005   Thumb Code  1622  stm32f0xx_hal_rcc.o(i.HAL_RCC_OscConfig)
    HAL_SYSTICK_Config                       0x08004661   Thumb Code    46  stm32f0xx_hal_cortex.o(i.HAL_SYSTICK_Config)
    HAL_TIMEx_BreakCallback                  0x08004699   Thumb Code     2  stm32f0xx_hal_tim_ex.o(i.HAL_TIMEx_BreakCallback)
    HAL_TIMEx_CommutationCallback            0x0800469b   Thumb Code     2  stm32f0xx_hal_tim_ex.o(i.HAL_TIMEx_CommutationCallback)
    HAL_TIMEx_MasterConfigSynchronization    0x0800469d   Thumb Code    98  stm32f0xx_hal_tim_ex.o(i.HAL_TIMEx_MasterConfigSynchronization)
    HAL_TIM_Base_Init                        0x080046ff   Thumb Code    56  stm32f0xx_hal_tim.o(i.HAL_TIM_Base_Init)
    HAL_TIM_Base_MspInit                     0x08004737   Thumb Code     2  stm32f0xx_hal_tim.o(i.HAL_TIM_Base_MspInit)
    HAL_TIM_Base_Start                       0x08004739   Thumb Code    30  stm32f0xx_hal_tim.o(i.HAL_TIM_Base_Start)
    HAL_TIM_Base_Start_IT                    0x08004757   Thumb Code    30  stm32f0xx_hal_tim.o(i.HAL_TIM_Base_Start_IT)
    HAL_TIM_Base_Stop                        0x08004775   Thumb Code    58  stm32f0xx_hal_tim.o(i.HAL_TIM_Base_Stop)
    HAL_TIM_IC_CaptureCallback               0x080047b5   Thumb Code     2  stm32f0xx_hal_tim.o(i.HAL_TIM_IC_CaptureCallback)
    HAL_TIM_IRQHandler                       0x080047b7   Thumb Code   456  stm32f0xx_hal_tim.o(i.HAL_TIM_IRQHandler)
    HAL_TIM_OC_DelayElapsedCallback          0x0800497f   Thumb Code     2  stm32f0xx_hal_tim.o(i.HAL_TIM_OC_DelayElapsedCallback)
    HAL_TIM_PWM_PulseFinishedCallback        0x08004981   Thumb Code     2  stm32f0xx_hal_tim.o(i.HAL_TIM_PWM_PulseFinishedCallback)
    HAL_TIM_PeriodElapsedCallback            0x08004983   Thumb Code     2  stm32f0xx_hal_tim.o(i.HAL_TIM_PeriodElapsedCallback)
    HAL_TIM_TriggerCallback                  0x08004985   Thumb Code     2  stm32f0xx_hal_tim.o(i.HAL_TIM_TriggerCallback)
    HAL_UARTEx_WakeupCallback                0x08004987   Thumb Code     2  stm32f0xx_hal_uart_ex.o(i.HAL_UARTEx_WakeupCallback)
    HAL_UART_ErrorCallback                   0x08004989   Thumb Code     2  stm32f0xx_hal_uart.o(i.HAL_UART_ErrorCallback)
    HAL_UART_IRQHandler                      0x0800498b   Thumb Code   334  stm32f0xx_hal_uart_ex.o(i.HAL_UART_IRQHandler)
    HAL_UART_Init                            0x08004ad9   Thumb Code   130  stm32f0xx_hal_uart.o(i.HAL_UART_Init)
    HAL_UART_MspInit                         0x08004b5d   Thumb Code   674  aos_pd_usart.o(i.HAL_UART_MspInit)
    HAL_UART_Receive                         0x08004e2d   Thumb Code   326  stm32f0xx_hal_uart.o(i.HAL_UART_Receive)
    HAL_UART_Receive_DMA                     0x08004f79   Thumb Code   158  stm32f0xx_hal_uart.o(i.HAL_UART_Receive_DMA)
    HAL_UART_RxCpltCallback                  0x08005025   Thumb Code    36  stm32f0xx_it.o(i.HAL_UART_RxCpltCallback)
    HAL_UART_RxHalfCpltCallback              0x08005051   Thumb Code     2  stm32f0xx_hal_uart.o(i.HAL_UART_RxHalfCpltCallback)
    HAL_UART_Transmit                        0x08005053   Thumb Code   238  stm32f0xx_hal_uart.o(i.HAL_UART_Transmit)
    HAL_UART_Transmit_IT                     0x08005141   Thumb Code   132  stm32f0xx_hal_uart.o(i.HAL_UART_Transmit_IT)
    HAL_UART_TxCpltCallback                  0x080051c5   Thumb Code    36  stm32f0xx_it.o(i.HAL_UART_TxCpltCallback)
    IMUTask                                  0x0800555d   Thumb Code  1678  main.o(i.IMUTask)
    IND_LED_Init                             0x08005c59   Thumb Code    34  aos_pd_gpio.o(i.IND_LED_Init)
    MPU6050_GetDeviceID                      0x08005c7b   Thumb Code    24  mpu6050.o(i.MPU6050_GetDeviceID)
    MPU6050_GetRawAccelGyro                  0x08005c93   Thumb Code    88  mpu6050.o(i.MPU6050_GetRawAccelGyro)
    MPU6050_I2C_BufferRead                   0x08005ced   Thumb Code    40  mpu6050.o(i.MPU6050_I2C_BufferRead)
    MPU6050_I2C_ByteWrite                    0x08005d19   Thumb Code    40  mpu6050.o(i.MPU6050_I2C_ByteWrite)
    MPU6050_I2C_Init                         0x08005d45   Thumb Code    48  mpu6050.o(i.MPU6050_I2C_Init)
    MPU6050_Initialize                       0x08005d81   Thumb Code    28  mpu6050.o(i.MPU6050_Initialize)
    MPU6050_ReadBits                         0x08005d9d   Thumb Code    70  mpu6050.o(i.MPU6050_ReadBits)
    MPU6050_SetClockSource                   0x08005de3   Thumb Code    20  mpu6050.o(i.MPU6050_SetClockSource)
    MPU6050_SetFullScaleAccelRange           0x08005df7   Thumb Code    20  mpu6050.o(i.MPU6050_SetFullScaleAccelRange)
    MPU6050_SetFullScaleGyroRange            0x08005e0b   Thumb Code    20  mpu6050.o(i.MPU6050_SetFullScaleGyroRange)
    MPU6050_SetSleepModeStatus               0x08005e1f   Thumb Code    18  mpu6050.o(i.MPU6050_SetSleepModeStatus)
    MPU6050_TestConnection                   0x08005e31   Thumb Code    18  mpu6050.o(i.MPU6050_TestConnection)
    MPU6050_WriteBit                         0x08005e43   Thumb Code    64  mpu6050.o(i.MPU6050_WriteBit)
    MPU6050_WriteBits                        0x08005e83   Thumb Code    86  mpu6050.o(i.MPU6050_WriteBits)
    MX_ADC_Init                              0x08005ed9   Thumb Code    72  aos_pd_adc.o(i.MX_ADC_Init)
    MX_DMA_Init                              0x08005f29   Thumb Code    80  aos_pd_dma.o(i.MX_DMA_Init)
    MX_FREERTOS_Init                         0x08005f7d   Thumb Code   334  freertos.o(i.MX_FREERTOS_Init)
    MX_GPIO_Init                             0x08006159   Thumb Code   130  aos_pd_gpio.o(i.MX_GPIO_Init)
    MX_TIM2_Init                             0x080061e1   Thumb Code    86  aos.o(i.MX_TIM2_Init)
    MX_TIM7_Init                             0x08006241   Thumb Code    70  aos.o(i.MX_TIM7_Init)
    MX_UART_Init                             0x08006295   Thumb Code    28  aos_pd_usart.o(i.MX_UART_Init)
    MX_USART1_UART_Init                      0x080062b1   Thumb Code    50  aos_pd_usart.o(i.MX_USART1_UART_Init)
    MX_USART2_UART_Init                      0x080062ed   Thumb Code    50  aos_pd_usart.o(i.MX_USART2_UART_Init)
    MX_USART3_UART_Init                      0x08006329   Thumb Code    48  aos_pd_usart.o(i.MX_USART3_UART_Init)
    MX_USART4_UART_Init                      0x08006365   Thumb Code    50  aos_pd_usart.o(i.MX_USART4_UART_Init)
    MX_USART7_UART_Init                      0x080063a1   Thumb Code    48  aos_pd_usart.o(i.MX_USART7_UART_Init)
    MX_USART8_UART_Init                      0x080063dd   Thumb Code    48  aos_pd_usart.o(i.MX_USART8_UART_Init)
    PxTask                                   0x08006491   Thumb Code    78  freertos.o(i.PxTask)
    RunDemos                                 0x080064ed   Thumb Code   208  main.o(i.RunDemos)
    SVC_Handler                              0x080065cd   Thumb Code     2  port.o(i.SVC_Handler)
    SampleAndForward                         0x080065d1   Thumb Code   168  main.o(i.SampleAndForward)
    SamplePD                                 0x08006691   Thumb Code    44  aos_pd_adc.o(i.SamplePD)
    StartDefaultTask                         0x080066c1   Thumb Code    12  freertos.o(i.StartDefaultTask)
    StreamSetup                              0x080066cd   Thumb Code   140  main.o(i.StreamSetup)
    SysTick_Handler                          0x0800676d   Thumb Code    12  stm32f0xx_it.o(i.SysTick_Handler)
    SystemClock_Config                       0x08006779   Thumb Code   124  aos.o(i.SystemClock_Config)
    SystemInit                               0x080067fd   Thumb Code   102  system_stm32f0xx.o(i.SystemInit)
    TIM2_IRQHandler                          0x08006875   Thumb Code    16  stm32f0xx_it.o(i.TIM2_IRQHandler)
    TIM_Base_SetConfig                       0x0800688d   Thumb Code   140  stm32f0xx_hal_tim.o(i.TIM_Base_SetConfig)
    UART_AdvFeatureConfig                    0x08006931   Thumb Code   240  stm32f0xx_hal_uart.o(i.UART_AdvFeatureConfig)
    UART_CheckIdleState                      0x08006a21   Thumb Code   120  stm32f0xx_hal_uart.o(i.UART_CheckIdleState)
    UART_EndTransmit_IT                      0x08006b1b   Thumb Code    60  stm32f0xx_hal_uart.o(i.UART_EndTransmit_IT)
    UART_Receive_IT                          0x08006b57   Thumb Code   168  stm32f0xx_hal_uart.o(i.UART_Receive_IT)
    UART_SetConfig                           0x08006c01   Thumb Code   584  stm32f0xx_hal_uart.o(i.UART_SetConfig)
    UART_Transmit_IT                         0x08006e7d   Thumb Code   122  stm32f0xx_hal_uart.o(i.UART_Transmit_IT)
    UART_WaitOnFlagUntilTimeout              0x08006ef7   Thumb Code   254  stm32f0xx_hal_uart.o(i.UART_WaitOnFlagUntilTimeout)
    USART1_IRQHandler                        0x08006ff5   Thumb Code    24  stm32f0xx_it.o(i.USART1_IRQHandler)
    USART2_IRQHandler                        0x08007015   Thumb Code    24  stm32f0xx_it.o(i.USART2_IRQHandler)
    USART3_8_IRQHandler                      0x08007035   Thumb Code    42  stm32f0xx_it.o(i.USART3_8_IRQHandler)
    UplinkDMA1_Init                          0x08007075   Thumb Code    38  aos_pd_dma.o(i.UplinkDMA1_Init)
    UplinkDMA2_Init                          0x080070a5   Thumb Code    38  aos_pd_dma.o(i.UplinkDMA2_Init)
    __0sprintf                               0x080070d5   Thumb Code    36  printfa.o(i.__0sprintf)
    __1sprintf                               0x080070d5   Thumb Code     0  printfa.o(i.__0sprintf)
    __2sprintf                               0x080070d5   Thumb Code     0  printfa.o(i.__0sprintf)
    __c89sprintf                             0x080070d5   Thumb Code     0  printfa.o(i.__0sprintf)
    sprintf                                  0x080070d5   Thumb Code     0  printfa.o(i.__0sprintf)
    __ARM_clz                                0x080070fd   Thumb Code    46  depilogue.o(i.__ARM_clz)
    __ARM_common_switch8                     0x0800712b   Thumb Code    28  main.o(i.__ARM_common_switch8)
    __ARM_fpclassify                         0x08007149   Thumb Code    40  fpclassify.o(i.__ARM_fpclassify)
    __aeabi_errno_addr                       0x08007175   Thumb Code     4  errno.o(i.__aeabi_errno_addr)
    __rt_errno_addr                          0x08007175   Thumb Code     0  errno.o(i.__aeabi_errno_addr)
    __kernel_poly                            0x0800717d   Thumb Code   172  poly.o(i.__kernel_poly)
    __mathlib_dbl_infnan                     0x08007229   Thumb Code    10  dunder.o(i.__mathlib_dbl_infnan)
    __mathlib_dbl_infnan2                    0x08007233   Thumb Code     8  dunder.o(i.__mathlib_dbl_infnan2)
    __mathlib_dbl_underflow                  0x0800723d   Thumb Code    14  dunder.o(i.__mathlib_dbl_underflow)
    __read_errno                             0x08007251   Thumb Code     6  errno.o(i.__read_errno)
    __scatterload_copy                       0x0800725d   Thumb Code    14  handlers.o(i.__scatterload_copy)
    __scatterload_null                       0x0800726b   Thumb Code     2  handlers.o(i.__scatterload_null)
    __scatterload_zeroinit                   0x0800726d   Thumb Code    14  handlers.o(i.__scatterload_zeroinit)
    __set_errno                              0x0800727d   Thumb Code     6  errno.o(i.__set_errno)
    _is_digit                                0x080073e1   Thumb Code    14  scanf_fp.o(i._is_digit)
    atan                                     0x08007b35   Thumb Code   472  atan.o(i.atan)
    atan2                                    0x08007d51   Thumb Code   334  atan2.o(i.atan2)
    atof                                     0x08007ec9   Thumb Code    42  atof.o(i.atof)
    floor                                    0x08007f8d   Thumb Code   180  floor.o(i.floor)
    main                                     0x08008069   Thumb Code    40  main.o(i.main)
    osDelay                                  0x08008095   Thumb Code    26  cmsis_os.o(i.osDelay)
    osKernelStart                            0x080080af   Thumb Code    10  cmsis_os.o(i.osKernelStart)
    osSemaphoreCreate                        0x080080b9   Thumb Code    52  cmsis_os.o(i.osSemaphoreCreate)
    osSemaphoreRelease                       0x080080ed   Thumb Code    72  cmsis_os.o(i.osSemaphoreRelease)
    osSemaphoreWait                          0x08008139   Thumb Code   108  cmsis_os.o(i.osSemaphoreWait)
    osSystickHandler                         0x080081a9   Thumb Code    16  cmsis_os.o(i.osSystickHandler)
    pvTaskIncrementMutexHeldCount            0x080085cd   Thumb Code    28  tasks.o(i.pvTaskIncrementMutexHeldCount)
    readPxMutex                              0x080085ed   Thumb Code    74  aos_pd_usart.o(i.readPxMutex)
    startMicroDelay                          0x08008b7d   Thumb Code    48  aos.o(i.startMicroDelay)
    startPerEvent                            0x08008bb1   Thumb Code    20  aos.o(i.startPerEvent)
    ulMainGetRunTimeCounterValue             0x08008ea9   Thumb Code    78  freertos.o(i.ulMainGetRunTimeCounterValue)
    ulTaskNotifyTake                         0x08008f09   Thumb Code   144  tasks.o(i.ulTaskNotifyTake)
    uxListRemove                             0x08008fa5   Thumb Code    40  list.o(i.uxListRemove)
    uxTaskGetSystemState                     0x08008fcd   Thumb Code   130  tasks.o(i.uxTaskGetSystemState)
    vApplicationMallocFailedHook             0x08009069   Thumb Code     6  stm32f0xx_it.o(i.vApplicationMallocFailedHook)
    vApplicationStackOverflowHook            0x0800906f   Thumb Code     6  stm32f0xx_it.o(i.vApplicationStackOverflowHook)
    vListInitialise                          0x08009075   Thumb Code    26  list.o(i.vListInitialise)
    vListInitialiseItem                      0x0800908f   Thumb Code     6  list.o(i.vListInitialiseItem)
    vListInsert                              0x08009095   Thumb Code    54  list.o(i.vListInsert)
    vListInsertEnd                           0x080090cb   Thumb Code    24  list.o(i.vListInsertEnd)
    vMainConfigureTimerForRunTimeStats       0x080090e5   Thumb Code    18  freertos.o(i.vMainConfigureTimerForRunTimeStats)
    vPortEnterCritical                       0x08009105   Thumb Code    22  port.o(i.vPortEnterCritical)
    vPortExitCritical                        0x08009121   Thumb Code    36  port.o(i.vPortExitCritical)
    vPortYield                               0x08009149   Thumb Code    18  port.o(i.vPortYield)
    vRegisterCLICommands                     0x08009161   Thumb Code    58  aos_cli.o(i.vRegisterCLICommands)
    vUARTCommandConsoleStart                 0x080091c1   Thumb Code    30  uart-interrupt-driven-command-console.o(i.vUARTCommandConsoleStart)
    writePxITMutex                           0x080091f1   Thumb Code    52  aos_pd_usart.o(i.writePxITMutex)
    writePxMutex                             0x08009229   Thumb Code    74  aos_pd_usart.o(i.writePxMutex)
    xPortSysTickHandler                      0x08009279   Thumb Code    32  port.o(i.xPortSysTickHandler)
    xTaskGenericNotify                       0x0800929d   Thumb Code   200  tasks.o(i.xTaskGenericNotify)
    xQueueGenericReset                       0x08009371   Thumb Code   126  queue.o(privileged_functions)
    xQueueGenericCreate                      0x080093ef   Thumb Code   120  queue.o(privileged_functions)
    xQueueGenericSend                        0x08009593   Thumb Code   334  queue.o(privileged_functions)
    xQueueCreateMutex                        0x080096e1   Thumb Code    88  queue.o(privileged_functions)
    xQueueGiveMutexRecursive                 0x08009739   Thumb Code    60  queue.o(privileged_functions)
    xQueueGenericReceive                     0x080097bd   Thumb Code   368  queue.o(privileged_functions)
    xQueueTakeMutexRecursive                 0x0800992d   Thumb Code    66  queue.o(privileged_functions)
    xQueueCreateCountingSemaphore            0x0800996f   Thumb Code    78  queue.o(privileged_functions)
    xQueueGenericSendFromISR                 0x080099bd   Thumb Code   178  queue.o(privileged_functions)
    xQueueGiveFromISR                        0x08009a6f   Thumb Code   156  queue.o(privileged_functions)
    xQueueReceiveFromISR                     0x08009b0b   Thumb Code   144  queue.o(privileged_functions)
    xQueuePeekFromISR                        0x08009b9b   Thumb Code   108  queue.o(privileged_functions)
    uxQueueMessagesWaiting                   0x08009c07   Thumb Code    28  queue.o(privileged_functions)
    uxQueueSpacesAvailable                   0x08009c23   Thumb Code    34  queue.o(privileged_functions)
    uxQueueMessagesWaitingFromISR            0x08009c45   Thumb Code    16  queue.o(privileged_functions)
    vQueueUnregisterQueue                    0x08009c55   Thumb Code    40  queue.o(privileged_functions)
    vQueueDelete                             0x08009c7d   Thumb Code    30  queue.o(privileged_functions)
    uxQueueGetQueueNumber                    0x08009c9b   Thumb Code     6  queue.o(privileged_functions)
    vQueueSetQueueNumber                     0x08009ca1   Thumb Code     4  queue.o(privileged_functions)
    ucQueueGetQueueType                      0x08009ca5   Thumb Code     8  queue.o(privileged_functions)
    xQueueIsQueueEmptyFromISR                0x08009cad   Thumb Code    26  queue.o(privileged_functions)
    xQueueIsQueueFullFromISR                 0x08009cc7   Thumb Code    28  queue.o(privileged_functions)
    vQueueAddToRegistry                      0x08009ce3   Thumb Code    40  queue.o(privileged_functions)
    pxPortInitialiseStack                    0x08009d11   Thumb Code    26  port.o(privileged_functions)
    xPortStartScheduler                      0x08009d2b   Thumb Code    48  port.o(privileged_functions)
    vPortEndScheduler                        0x08009d5b   Thumb Code    30  port.o(privileged_functions)
    xTaskGenericCreate                       0x08009e6d   Thumb Code   288  tasks.o(privileged_functions)
    vTaskDelete                              0x08009f8d   Thumb Code   134  tasks.o(privileged_functions)
    xTaskIncrementTick                       0x0800a013   Thumb Code   274  tasks.o(privileged_functions)
    xTaskResumeAll                           0x0800a125   Thumb Code   284  tasks.o(privileged_functions)
    vTaskSuspendAll                          0x0800a27f   Thumb Code    12  tasks.o(privileged_functions)
    vTaskDelay                               0x0800a28b   Thumb Code    76  tasks.o(privileged_functions)
    uxTaskPriorityGet                        0x0800a2d7   Thumb Code    32  tasks.o(privileged_functions)
    uxTaskPriorityGetFromISR                 0x0800a2f7   Thumb Code    36  tasks.o(privileged_functions)
    vTaskPrioritySet                         0x0800a31b   Thumb Code   214  tasks.o(privileged_functions)
    vTaskSwitchContext                       0x0800a3f1   Thumb Code   232  tasks.o(privileged_functions)
    vTaskSuspend                             0x0800a4d9   Thumb Code   148  tasks.o(privileged_functions)
    vTaskResume                              0x0800a5b7   Thumb Code   172  tasks.o(privileged_functions)
    xTaskResumeFromISR                       0x0800a663   Thumb Code   116  tasks.o(privileged_functions)
    vTaskStartScheduler                      0x0800a743   Thumb Code    66  tasks.o(privileged_functions)
    vTaskEndScheduler                        0x0800a785   Thumb Code    16  tasks.o(privileged_functions)
    xTaskGetTickCount                        0x0800a795   Thumb Code     6  tasks.o(privileged_functions)
    xTaskGetTickCountFromISR                 0x0800a79b   Thumb Code     8  tasks.o(privileged_functions)
    uxTaskGetNumberOfTasks                   0x0800a7a3   Thumb Code     6  tasks.o(privileged_functions)
    vTaskPlaceOnEventList                    0x0800a86f   Thumb Code    72  tasks.o(privileged_functions)
    vTaskPlaceOnUnorderedEventList           0x0800a8b7   Thumb Code   110  tasks.o(privileged_functions)
    xTaskRemoveFromEventList                 0x0800a925   Thumb Code   112  tasks.o(privileged_functions)
    xTaskRemoveFromUnorderedEventList        0x0800a995   Thumb Code   182  tasks.o(privileged_functions)
    vTaskSetTimeOutState                     0x0800aa4b   Thumb Code    24  tasks.o(privileged_functions)
    xTaskCheckForTimeOut                     0x0800aa63   Thumb Code   106  tasks.o(privileged_functions)
    vTaskMissedYield                         0x0800aacd   Thumb Code     8  tasks.o(privileged_functions)
    uxTaskGetTaskNumber                      0x0800aad5   Thumb Code    16  tasks.o(privileged_functions)
    vTaskSetTaskNumber                       0x0800aae5   Thumb Code    10  tasks.o(privileged_functions)
    xTaskGetCurrentTaskHandle                0x0800aaef   Thumb Code     6  tasks.o(privileged_functions)
    xTaskGetSchedulerState                   0x0800aaf5   Thumb Code    28  tasks.o(privileged_functions)
    vTaskPriorityInherit                     0x0800ab11   Thumb Code   128  tasks.o(privileged_functions)
    xTaskPriorityDisinherit                  0x0800ab91   Thumb Code   124  tasks.o(privileged_functions)
    vTaskList                                0x0800ac0d   Thumb Code   180  tasks.o(privileged_functions)
    vTaskGetRunTimeStats                     0x0800acc1   Thumb Code   166  tasks.o(privileged_functions)
    uxTaskResetEventItemValue                0x0800ad67   Thumb Code    24  tasks.o(privileged_functions)
    pvPortMalloc                             0x0800adcd   Thumb Code   274  heap_4.o(privileged_functions)
    vPortFree                                0x0800aedf   Thumb Code   120  heap_4.o(privileged_functions)
    xPortGetFreeHeapSize                     0x0800af57   Thumb Code     6  heap_4.o(privileged_functions)
    xPortGetMinimumEverFreeHeapSize          0x0800af5d   Thumb Code     6  heap_4.o(privileged_functions)
    vPortInitialiseBlocks                    0x0800af63   Thumb Code     2  heap_4.o(privileged_functions)
    aAPBAHBPrescTable                        0x0800af78   Data          16  stm32f0xx_hal_rcc.o(.constdata)
    __mathlib_zero                           0x0800b0d8   Data           8  qnan.o(.constdata)
    __ctype_table                            0x0800b0e0   Data         129  ctype_o.o(.constdata)
    Region$$Table$$Base                      0x0800bd0c   Number         0  anon$$obj.o(Region$$Table)
    Region$$Table$$Limit                     0x0800bd2c   Number         0  anon$$obj.o(Region$$Table)
    defaultTaskHandle                        0x2000020c   Data           4  freertos.o(.data)
    FrontEndTaskHandle                       0x20000210   Data           4  freertos.o(.data)
    IMUTaskHandle                            0x20000214   Data           4  freertos.o(.data)
    P1TaskHandle                             0x20000218   Data           4  freertos.o(.data)
    P2TaskHandle                             0x2000021c   Data           4  freertos.o(.data)
    P3TaskHandle                             0x20000220   Data           4  freertos.o(.data)
    P4TaskHandle                             0x20000224   Data           4  freertos.o(.data)
    P5TaskHandle                             0x20000228   Data           4  freertos.o(.data)
    P6TaskHandle                             0x2000022c   Data           4  freertos.o(.data)
    masterOutPort                            0x20000643   Data           1  main.o(.data)
    streamingRate                            0x20000644   Data           4  main.o(.data)
    ledStatus                                0x20000648   Data           1  main.o(.data)
    streamTest                               0x20000649   Data           1  main.o(.data)
    streamLoose                              0x2000064a   Data           1  main.o(.data)
    code                                     0x2000064b   Data           1  main.o(.data)
    LEDCode                                  0x2000064c   Data           1  main.o(.data)
    sensor                                   0x2000064d   Data           1  main.o(.data)
    syncCodeMode0                            0x2000064e   Data           1  main.o(.data)
    syncCodeMode1                            0x2000064f   Data           1  main.o(.data)
    syncCodeMode2                            0x20000650   Data           1  main.o(.data)
    syncCodeMode3                            0x20000651   Data           1  main.o(.data)
    syncCodeMode4                            0x20000652   Data           1  main.o(.data)
    testCodeMode0                            0x20000653   Data           1  main.o(.data)
    testCodeMode1                            0x20000654   Data           1  main.o(.data)
    testCodeMode2                            0x20000655   Data           1  main.o(.data)
    testCodeMode3                            0x20000656   Data           1  main.o(.data)
    testCodeMode4                            0x20000657   Data           1  main.o(.data)
    adc                                      0x20000658   Data           2  main.o(.data)
    output                                   0x2000065a   Data           1  main.o(.data)
    setInt_thres                             0x2000065b   Data           1  main.o(.data)
    ledModeThresCounter                      0x2000065c   Data           1  main.o(.data)
    int_thres                                0x2000065e   Data           2  main.o(.data)
    demoMode                                 0x20000660   Data           1  main.o(.data)
    moduleLight                              0x20000664   Data           4  main.o(.data)
    backgroundLightAve                       0x20000668   Data           4  main.o(.data)
    backgroundLightMax                       0x2000066c   Data           4  main.o(.data)
    backgroundLightAveTotal                  0x20000670   Data           4  main.o(.data)
    backgroundLightMaxTotal                  0x20000674   Data           4  main.o(.data)
    dataBuffer                               0x20000678   Data          37  main.o(.data)
    result                                   0x2000069d   Data           1  main.o(.data)
    aveFlag                                  0x2000069e   Data           1  main.o(.data)
    gyroX                                    0x200006a0   Data           4  main.o(.data)
    acclX                                    0x200006a4   Data           4  main.o(.data)
    gyroY                                    0x200006a8   Data           4  main.o(.data)
    acclY                                    0x200006ac   Data           4  main.o(.data)
    gyroZ                                    0x200006b0   Data           4  main.o(.data)
    acclZ                                    0x200006b4   Data           4  main.o(.data)
    gyroXold                                 0x200006b8   Data           4  main.o(.data)
    acclXold                                 0x200006bc   Data           4  main.o(.data)
    gyroYold                                 0x200006c0   Data           4  main.o(.data)
    acclYold                                 0x200006c4   Data           4  main.o(.data)
    gyroZold                                 0x200006c8   Data           4  main.o(.data)
    acclZold                                 0x200006cc   Data           4  main.o(.data)
    angXaccl                                 0x200006d0   Data           4  main.o(.data)
    angYaccl                                 0x200006d4   Data           4  main.o(.data)
    angZaccl                                 0x200006d8   Data           4  main.o(.data)
    angXgyro                                 0x200006dc   Data           4  main.o(.data)
    angYgyro                                 0x200006e0   Data           4  main.o(.data)
    angZgyro                                 0x200006e4   Data           4  main.o(.data)
    aveXG                                    0x200006e8   Data           4  main.o(.data)
    aveYG                                    0x200006ec   Data           4  main.o(.data)
    aveZG                                    0x200006f0   Data           4  main.o(.data)
    aveXA                                    0x200006f4   Data           4  main.o(.data)
    aveYA                                    0x200006f8   Data           4  main.o(.data)
    aveZA                                    0x200006fc   Data           4  main.o(.data)
    angX                                     0x20000700   Data           4  main.o(.data)
    angY                                     0x20000704   Data           4  main.o(.data)
    angZ                                     0x20000708   Data           4  main.o(.data)
    sampleRate                               0x2000070c   Data           4  main.o(.data)
    gyroSense                                0x20000710   Data           4  main.o(.data)
    acclSense                                0x20000714   Data           4  main.o(.data)
    SystemCoreClock                          0x20000720   Data           4  system_stm32f0xx.o(.data)
    AHBPrescTable                            0x20000724   Data          16  system_stm32f0xx.o(.data)
    myID                                     0x20000940   Data           2  aos.o(.data)
    myTrig                                   0x20000942   Data           1  aos.o(.data)
    portStatus                               0x20000943   Data           7  aos.o(.data)
    UartRxReady                              0x20000b51   Data           1  aos_pd_usart.o(.data)
    UartTxReady                              0x20000b52   Data           1  aos_pd_usart.o(.data)
    PcPort                                   0x20000b53   Data           1  aos_pd_usart.o(.data)
    xCommandConsoleTask                      0x20000fd0   Data           4  uart-interrupt-driven-command-console.o(.data)
    pxCurrentTCB                             0x20000fe8   Data           4  tasks.o(privileged_data)
    PxSemaphoreHandle                        0x20001118   Data          28  freertos.o(.bss)
    AccelGyro                                0x20001134   Data          12  main.o(.bss)
    htim2                                    0x20001140   Data          60  aos.o(.bss)
    htim3                                    0x2000117c   Data          60  aos.o(.bss)
    htim7                                    0x200011b8   Data          60  aos.o(.bss)
    huart1                                   0x200011f4   Data         112  aos_pd_usart.o(.bss)
    huart2                                   0x20001264   Data         112  aos_pd_usart.o(.bss)
    huart3                                   0x200012d4   Data         112  aos_pd_usart.o(.bss)
    huart4                                   0x20001344   Data         112  aos_pd_usart.o(.bss)
    huart7                                   0x200013b4   Data         112  aos_pd_usart.o(.bss)
    huart8                                   0x20001424   Data         112  aos_pd_usart.o(.bss)
    hadc                                     0x20001494   Data          76  aos_pd_adc.o(.bss)
    uplinkDMA1                               0x200014e0   Data          56  aos_pd_dma.o(.bss)
    uplinkDMA2                               0x20001518   Data          56  aos_pd_dma.o(.bss)
    downlinkDMA1                             0x20001550   Data          56  aos_pd_dma.o(.bss)
    downlinkDMA2                             0x20001588   Data          56  aos_pd_dma.o(.bss)
    downlinkDMA3                             0x200015c0   Data          56  aos_pd_dma.o(.bss)
    hi2c1                                    0x200015f8   Data          60  mpu6050.o(.bss)
    xQueueRegistry                           0x20001634   Data          64  queue.o(.bss)
    __initial_sp                             0x20007ad8   Data           0  startup_stm32f091xc.o(STACK)



==============================================================================

Memory Map of the image

  Image Entry point : 0x080000bd

  Load Region LR_IROM1 (Base: 0x08000000, Size: 0x0000ce44, Max: 0x00040000, ABSOLUTE, COMPRESSED[0x0000bfc4])

    Execution Region ER_IROM1 (Base: 0x08000000, Size: 0x0000bd2c, Max: 0x00040000, ABSOLUTE)

    Base Addr    Size         Type   Attr      Idx    E Section Name        Object

    0x08000000   0x000000bc   Data   RO         4241    RESET               startup_stm32f091xc.o
    0x080000bc   0x00000000   Code   RO         4262  * .ARM.Collect$$$$00000000  mc_p.l(entry.o)
    0x080000bc   0x00000004   Code   RO         4610    .ARM.Collect$$$$00000001  mc_p.l(entry2.o)
    0x080000c0   0x00000004   Code   RO         4613    .ARM.Collect$$$$00000004  mc_p.l(entry5.o)
    0x080000c4   0x00000000   Code   RO         4615    .ARM.Collect$$$$00000008  mc_p.l(entry7b.o)
    0x080000c4   0x00000000   Code   RO         4617    .ARM.Collect$$$$0000000A  mc_p.l(entry8b.o)
    0x080000c4   0x00000008   Code   RO         4618    .ARM.Collect$$$$0000000B  mc_p.l(entry9a.o)
    0x080000cc   0x00000000   Code   RO         4620    .ARM.Collect$$$$0000000D  mc_p.l(entry10a.o)
    0x080000cc   0x00000000   Code   RO         4622    .ARM.Collect$$$$0000000F  mc_p.l(entry11a.o)
    0x080000cc   0x00000004   Code   RO         4611    .ARM.Collect$$$$00002712  mc_p.l(entry2.o)
    0x080000d0   0x00000070   Code   RO         3659    .emb_text           port.o
    0x08000140   0x00000058   Code   RO         4242    .text               startup_stm32f091xc.o
    0x08000198   0x0000002c   Code   RO         4265    .text               mc_p.l(uidiv.o)
    0x080001c4   0x00000028   Code   RO         4267    .text               mc_p.l(idiv.o)
    0x080001ec   0x00000022   Code   RO         4269    .text               mc_p.l(llushr.o)
    0x0800020e   0x00000002   PAD
    0x08000210   0x00000024   Code   RO         4271    .text               mc_p.l(rand.o)
    0x08000234   0x00000024   Code   RO         4274    .text               mc_p.l(memcpya.o)
    0x08000258   0x00000024   Code   RO         4276    .text               mc_p.l(memseta.o)
    0x0800027c   0x00000018   Code   RO         4278    .text               mc_p.l(strcat.o)
    0x08000294   0x0000001a   Code   RO         4280    .text               mc_p.l(strncpy.o)
    0x080002ae   0x0000000e   Code   RO         4282    .text               mc_p.l(strlen.o)
    0x080002bc   0x0000001c   Code   RO         4284    .text               mc_p.l(strcmp.o)
    0x080002d8   0x0000001a   Code   RO         4286    .text               mc_p.l(memcmp.o)
    0x080002f2   0x00000012   Code   RO         4288    .text               mc_p.l(strcpy.o)
    0x08000304   0x0000001e   Code   RO         4290    .text               mc_p.l(strncmp.o)
    0x08000322   0x0000001a   Code   RO         4555    .text               mc_p.l(atoi.o)
    0x0800033c   0x0000001a   Code   RO         4557    .text               mc_p.l(atol.o)
    0x08000356   0x000000b2   Code   RO         4559    .text               mf_p.l(fadd.o)
    0x08000408   0x0000007c   Code   RO         4561    .text               mf_p.l(fdiv.o)
    0x08000484   0x00000164   Code   RO         4563    .text               mf_p.l(dadd.o)
    0x080005e8   0x000000d0   Code   RO         4565    .text               mf_p.l(dmul.o)
    0x080006b8   0x000000f0   Code   RO         4567    .text               mf_p.l(ddiv.o)
    0x080007a8   0x00000016   Code   RO         4569    .text               mf_p.l(fflti.o)
    0x080007be   0x00000032   Code   RO         4571    .text               mf_p.l(ffixi.o)
    0x080007f0   0x00000028   Code   RO         4573    .text               mf_p.l(ffixui.o)
    0x08000818   0x0000003c   Code   RO         4575    .text               mf_p.l(dfixui.o)
    0x08000854   0x00000028   Code   RO         4577    .text               mf_p.l(f2d.o)
    0x0800087c   0x00000038   Code   RO         4579    .text               mf_p.l(d2f.o)
    0x080008b4   0x00000014   Code   RO         4581    .text               mf_p.l(cfcmple.o)
    0x080008c8   0x00000014   Code   RO         4583    .text               mf_p.l(cfrcmple.o)
    0x080008dc   0x00000060   Code   RO         4627    .text               mc_p.l(uldiv.o)
    0x0800093c   0x00000020   Code   RO         4629    .text               mc_p.l(llshl.o)
    0x0800095c   0x00000026   Code   RO         4631    .text               mc_p.l(llsshr.o)
    0x08000982   0x00000002   PAD
    0x08000984   0x000000a4   Code   RO         4640    .text               mc_p.l(strtod.o)
    0x08000a28   0x00000070   Code   RO         4642    .text               mc_p.l(strtol.o)
    0x08000a98   0x00000000   Code   RO         4644    .text               mc_p.l(iusefp.o)
    0x08000a98   0x00000082   Code   RO         4645    .text               mf_p.l(fepilogue.o)
    0x08000b1a   0x000000be   Code   RO         4647    .text               mf_p.l(depilogue.o)
    0x08000bd8   0x00000040   Code   RO         4651    .text               mf_p.l(dfixul.o)
    0x08000c18   0x00000028   Code   RO         4653    .text               mf_p.l(cdrcmple.o)
    0x08000c40   0x00000024   Code   RO         4659    .text               mc_p.l(init.o)
    0x08000c64   0x00000008   Code   RO         4664    .text               mc_p.l(ctype_o.o)
    0x08000c6c   0x00000012   Code   RO         4686    .text               mc_p.l(isspace_o.o)
    0x08000c7e   0x00000002   PAD
    0x08000c80   0x0000034c   Code   RO         4692    .text               mc_p.l(scanf_fp.o)
    0x08000fcc   0x00000044   Code   RO         4696    .text               mc_p.l(_sgetc.o)
    0x08001010   0x000000a6   Code   RO         4698    .text               mc_p.l(_strtoul.o)
    0x080010b6   0x0000002c   Code   RO         4701    .text               mf_p.l(dscalb.o)
    0x080010e2   0x0000007a   Code   RO         4703    .text               mc_p.l(llmul.o)
    0x0800115c   0x0000001e   Code   RO         4708    .text               mc_p.l(_chval.o)
    0x0800117a   0x00000002   PAD
    0x0800117c   0x0000001c   Code   RO         4710    .text               mf_p.l(dfltul.o)
    0x08001198   0x00000060   Code   RO         4720    .text               mc_p.l(__dclz77c.o)
    0x080011f8   0x0000006c   Code   RO         2470    i.ADC_ConversionStop  stm32f0xx_hal_adc.o
    0x08001264   0x000000aa   Code   RO         2474    i.ADC_Disable       stm32f0xx_hal_adc.o
    0x0800130e   0x00000002   PAD
    0x08001310   0x000000d4   Code   RO         2475    i.ADC_Enable        stm32f0xx_hal_adc.o
    0x080013e4   0x000000a8   Code   RO         3009    i.AOS_init          aos.o
    0x0800148c   0x000001bc   Code   RO          249    i.DMA1_Ch1_IRQHandler  stm32f0xx_it.o
    0x08001648   0x00000040   Code   RO          250    i.DMA1_Ch2_3_DMA2_Ch1_2_IRQHandler  stm32f0xx_it.o
    0x08001688   0x00000040   Code   RO          251    i.DMA1_Ch4_7_DMA2_Ch3_5_IRQHandler  stm32f0xx_it.o
    0x080016c8   0x00000020   Code   RO         1216    i.DMA_SetConfig     stm32f0xx_hal_dma.o
    0x080016e8   0x00000034   Code   RO         3247    i.DownlinkDMA1_Init  aos_pd_dma.o
    0x0800171c   0x000001ac   Code   RO         3248    i.DownlinkDMA1_Setup  aos_pd_dma.o
    0x080018c8   0x00000034   Code   RO         3249    i.DownlinkDMA2_Init  aos_pd_dma.o
    0x080018fc   0x000001a8   Code   RO         3250    i.DownlinkDMA2_Setup  aos_pd_dma.o
    0x08001aa4   0x00000034   Code   RO         3251    i.DownlinkDMA3_Init  aos_pd_dma.o
    0x08001ad8   0x0000018c   Code   RO         3252    i.DownlinkDMA3_Setup  aos_pd_dma.o
    0x08001c64   0x00000008   Code   RO         4161    i.FreeRTOS_CLIGetOutputBuffer  freertos_cli.o
    0x08001c6c   0x00000066   Code   RO         4162    i.FreeRTOS_CLIGetParameter  freertos_cli.o
    0x08001cd2   0x00000002   PAD
    0x08001cd4   0x000000dc   Code   RO         4163    i.FreeRTOS_CLIProcessCommand  freertos_cli.o
    0x08001db0   0x00000048   Code   RO         4164    i.FreeRTOS_CLIRegisterCommand  freertos_cli.o
    0x08001df8   0x0000050c   Code   RO          338    i.FrontEndTask      main.o
    0x08002304   0x00000068   Code   RO         3010    i.GetPort           aos.o
    0x0800236c   0x00000048   Code   RO         3011    i.GetUart           aos.o
    0x080023b4   0x000001ac   Code   RO         2477    i.HAL_ADC_ConfigChannel  stm32f0xx_hal_adc.o
    0x08002560   0x0000000e   Code   RO         2484    i.HAL_ADC_GetValue  stm32f0xx_hal_adc.o
    0x0800256e   0x00000002   PAD
    0x08002570   0x000001b0   Code   RO         2486    i.HAL_ADC_Init      stm32f0xx_hal_adc.o
    0x08002720   0x00000050   Code   RO         3203    i.HAL_ADC_MspInit   aos_pd_adc.o
    0x08002770   0x000000e4   Code   RO         2490    i.HAL_ADC_PollForConversion  stm32f0xx_hal_adc.o
    0x08002854   0x00000078   Code   RO         2492    i.HAL_ADC_Start     stm32f0xx_hal_adc.o
    0x080028cc   0x00000050   Code   RO         2495    i.HAL_ADC_Stop      stm32f0xx_hal_adc.o
    0x0800291c   0x0000091c   Code   RO         1221    i.HAL_DMA_IRQHandler  stm32f0xx_hal_dma.o
    0x08003238   0x0000005c   Code   RO         1222    i.HAL_DMA_Init      stm32f0xx_hal_dma.o
    0x08003294   0x00000072   Code   RO         1225    i.HAL_DMA_Start_IT  stm32f0xx_hal_dma.o
    0x08003306   0x0000001a   Code   RO         1350    i.HAL_Delay         stm32f0xx_hal.o
    0x08003320   0x000001fc   Code   RO         1466    i.HAL_GPIO_Init     stm32f0xx_hal_gpio.o
    0x0800351c   0x00000008   Code   RO         1469    i.HAL_GPIO_TogglePin  stm32f0xx_hal_gpio.o
    0x08003524   0x0000000c   Code   RO         1470    i.HAL_GPIO_WritePin  stm32f0xx_hal_gpio.o
    0x08003530   0x0000000c   Code   RO         1354    i.HAL_GetTick       stm32f0xx_hal.o
    0x0800353c   0x0000008e   Code   RO         2959    i.HAL_I2CEx_ConfigAnalogFilter  stm32f0xx_hal_i2c_ex.o
    0x080035ca   0x00000002   PAD
    0x080035cc   0x000000c4   Code   RO         2652    i.HAL_I2C_Init      stm32f0xx_hal_i2c.o
    0x08003690   0x00000184   Code   RO         2664    i.HAL_I2C_Mem_Read  stm32f0xx_hal_i2c.o
    0x08003814   0x00000188   Code   RO         2667    i.HAL_I2C_Mem_Write  stm32f0xx_hal_i2c.o
    0x0800399c   0x0000005c   Code   RO         3406    i.HAL_I2C_MspInit   mpu6050.o
    0x080039f8   0x00000010   Code   RO         1355    i.HAL_IncTick       stm32f0xx_hal.o
    0x08003a08   0x00000020   Code   RO         1356    i.HAL_Init          stm32f0xx_hal.o
    0x08003a28   0x00000026   Code   RO         1357    i.HAL_InitTick      stm32f0xx_hal.o
    0x08003a4e   0x00000002   Code   RO         1359    i.HAL_MspInit       stm32f0xx_hal.o
    0x08003a50   0x00000018   Code   RO          813    i.HAL_NVIC_EnableIRQ  stm32f0xx_hal_cortex.o
    0x08003a68   0x00000012   Code   RO          817    i.HAL_NVIC_SetPriority  stm32f0xx_hal_cortex.o
    0x08003a7a   0x00000002   PAD
    0x08003a7c   0x0000017c   Code   RO         1295    i.HAL_RCCEx_PeriphCLKConfig  stm32f0xx_hal_rcc_ex.o
    0x08003bf8   0x000002cc   Code   RO          532    i.HAL_RCC_ClockConfig  stm32f0xx_hal_rcc.o
    0x08003ec4   0x0000002c   Code   RO          537    i.HAL_RCC_GetHCLKFreq  stm32f0xx_hal_rcc.o
    0x08003ef0   0x00000024   Code   RO          539    i.HAL_RCC_GetPCLK1Freq  stm32f0xx_hal_rcc.o
    0x08003f14   0x000000f0   Code   RO          540    i.HAL_RCC_GetSysClockFreq  stm32f0xx_hal_rcc.o
    0x08004004   0x0000065c   Code   RO          543    i.HAL_RCC_OscConfig  stm32f0xx_hal_rcc.o
    0x08004660   0x00000038   Code   RO          821    i.HAL_SYSTICK_Config  stm32f0xx_hal_cortex.o
    0x08004698   0x00000002   Code   RO         2235    i.HAL_TIMEx_BreakCallback  stm32f0xx_hal_tim_ex.o
    0x0800469a   0x00000002   Code   RO         2236    i.HAL_TIMEx_CommutationCallback  stm32f0xx_hal_tim_ex.o
    0x0800469c   0x00000062   Code   RO         2252    i.HAL_TIMEx_MasterConfigSynchronization  stm32f0xx_hal_tim_ex.o
    0x080046fe   0x00000038   Code   RO         1600    i.HAL_TIM_Base_Init  stm32f0xx_hal_tim.o
    0x08004736   0x00000002   Code   RO         1602    i.HAL_TIM_Base_MspInit  stm32f0xx_hal_tim.o
    0x08004738   0x0000001e   Code   RO         1603    i.HAL_TIM_Base_Start  stm32f0xx_hal_tim.o
    0x08004756   0x0000001e   Code   RO         1605    i.HAL_TIM_Base_Start_IT  stm32f0xx_hal_tim.o
    0x08004774   0x00000040   Code   RO         1606    i.HAL_TIM_Base_Stop  stm32f0xx_hal_tim.o
    0x080047b4   0x00000002   Code   RO         1629    i.HAL_TIM_IC_CaptureCallback  stm32f0xx_hal_tim.o
    0x080047b6   0x000001c8   Code   RO         1642    i.HAL_TIM_IRQHandler  stm32f0xx_hal_tim.o
    0x0800497e   0x00000002   Code   RO         1645    i.HAL_TIM_OC_DelayElapsedCallback  stm32f0xx_hal_tim.o
    0x08004980   0x00000002   Code   RO         1672    i.HAL_TIM_PWM_PulseFinishedCallback  stm32f0xx_hal_tim.o
    0x08004982   0x00000002   Code   RO         1679    i.HAL_TIM_PeriodElapsedCallback  stm32f0xx_hal_tim.o
    0x08004984   0x00000002   Code   RO         1683    i.HAL_TIM_TriggerCallback  stm32f0xx_hal_tim.o
    0x08004986   0x00000002   Code   RO         1532    i.HAL_UARTEx_WakeupCallback  stm32f0xx_hal_uart_ex.o
    0x08004988   0x00000002   Code   RO          984    i.HAL_UART_ErrorCallback  stm32f0xx_hal_uart.o
    0x0800498a   0x0000014e   Code   RO         1533    i.HAL_UART_IRQHandler  stm32f0xx_hal_uart_ex.o
    0x08004ad8   0x00000082   Code   RO          987    i.HAL_UART_Init     stm32f0xx_hal_uart.o
    0x08004b5a   0x00000002   PAD
    0x08004b5c   0x000002d0   Code   RO         3079    i.HAL_UART_MspInit  aos_pd_usart.o
    0x08004e2c   0x0000014c   Code   RO          990    i.HAL_UART_Receive  stm32f0xx_hal_uart.o
    0x08004f78   0x000000ac   Code   RO          991    i.HAL_UART_Receive_DMA  stm32f0xx_hal_uart.o
    0x08005024   0x0000002c   Code   RO          252    i.HAL_UART_RxCpltCallback  stm32f0xx_it.o
    0x08005050   0x00000002   Code   RO          994    i.HAL_UART_RxHalfCpltCallback  stm32f0xx_hal_uart.o
    0x08005052   0x000000ee   Code   RO          995    i.HAL_UART_Transmit  stm32f0xx_hal_uart.o
    0x08005140   0x00000084   Code   RO          997    i.HAL_UART_Transmit_IT  stm32f0xx_hal_uart.o
    0x080051c4   0x0000002c   Code   RO          253    i.HAL_UART_TxCpltCallback  stm32f0xx_it.o
    0x080051f0   0x000000c0   Code   RO         2687    i.I2C_IsAcknowledgeFailed  stm32f0xx_hal_i2c.o
    0x080052b0   0x0000008a   Code   RO         2690    i.I2C_RequestMemoryRead  stm32f0xx_hal_i2c.o
    0x0800533a   0x0000008a   Code   RO         2691    i.I2C_RequestMemoryWrite  stm32f0xx_hal_i2c.o
    0x080053c4   0x00000030   Code   RO         2694    i.I2C_TransferConfig  stm32f0xx_hal_i2c.o
    0x080053f4   0x000000aa   Code   RO         2695    i.I2C_WaitOnFlagUntilTimeout  stm32f0xx_hal_i2c.o
    0x0800549e   0x0000005c   Code   RO         2697    i.I2C_WaitOnSTOPFlagUntilTimeout  stm32f0xx_hal_i2c.o
    0x080054fa   0x00000060   Code   RO         2698    i.I2C_WaitOnTXISFlagUntilTimeout  stm32f0xx_hal_i2c.o
    0x0800555a   0x00000002   PAD
    0x0800555c   0x000006fc   Code   RO          339    i.IMUTask           main.o
    0x08005c58   0x00000022   Code   RO         3174    i.IND_LED_Init      aos_pd_gpio.o
    0x08005c7a   0x00000018   Code   RO         3407    i.MPU6050_GetDeviceID  mpu6050.o
    0x08005c92   0x00000058   Code   RO         3410    i.MPU6050_GetRawAccelGyro  mpu6050.o
    0x08005cea   0x00000002   PAD
    0x08005cec   0x0000002c   Code   RO         3412    i.MPU6050_I2C_BufferRead  mpu6050.o
    0x08005d18   0x0000002c   Code   RO         3413    i.MPU6050_I2C_ByteWrite  mpu6050.o
    0x08005d44   0x0000003c   Code   RO         3414    i.MPU6050_I2C_Init  mpu6050.o
    0x08005d80   0x0000001c   Code   RO         3415    i.MPU6050_Initialize  mpu6050.o
    0x08005d9c   0x00000046   Code   RO         3417    i.MPU6050_ReadBits  mpu6050.o
    0x08005de2   0x00000014   Code   RO         3418    i.MPU6050_SetClockSource  mpu6050.o
    0x08005df6   0x00000014   Code   RO         3419    i.MPU6050_SetFullScaleAccelRange  mpu6050.o
    0x08005e0a   0x00000014   Code   RO         3420    i.MPU6050_SetFullScaleGyroRange  mpu6050.o
    0x08005e1e   0x00000012   Code   RO         3421    i.MPU6050_SetSleepModeStatus  mpu6050.o
    0x08005e30   0x00000012   Code   RO         3422    i.MPU6050_TestConnection  mpu6050.o
    0x08005e42   0x00000040   Code   RO         3423    i.MPU6050_WriteBit  mpu6050.o
    0x08005e82   0x00000056   Code   RO         3424    i.MPU6050_WriteBits  mpu6050.o
    0x08005ed8   0x00000050   Code   RO         3204    i.MX_ADC_Init       aos_pd_adc.o
    0x08005f28   0x00000054   Code   RO         3253    i.MX_DMA_Init       aos_pd_dma.o
    0x08005f7c   0x000001dc   Code   RO            3    i.MX_FREERTOS_Init  freertos.o
    0x08006158   0x00000088   Code   RO         3175    i.MX_GPIO_Init      aos_pd_gpio.o
    0x080061e0   0x00000060   Code   RO         3012    i.MX_TIM2_Init      aos.o
    0x08006240   0x00000054   Code   RO         3013    i.MX_TIM7_Init      aos.o
    0x08006294   0x0000001c   Code   RO         3080    i.MX_UART_Init      aos_pd_usart.o
    0x080062b0   0x0000003c   Code   RO         3081    i.MX_USART1_UART_Init  aos_pd_usart.o
    0x080062ec   0x0000003c   Code   RO         3082    i.MX_USART2_UART_Init  aos_pd_usart.o
    0x08006328   0x0000003c   Code   RO         3083    i.MX_USART3_UART_Init  aos_pd_usart.o
    0x08006364   0x0000003c   Code   RO         3084    i.MX_USART4_UART_Init  aos_pd_usart.o
    0x080063a0   0x0000003c   Code   RO         3085    i.MX_USART7_UART_Init  aos_pd_usart.o
    0x080063dc   0x0000003c   Code   RO         3086    i.MX_USART8_UART_Init  aos_pd_usart.o
    0x08006418   0x00000078   Code   RO          823    i.NVIC_SetPriority  stm32f0xx_hal_cortex.o
    0x08006490   0x0000005c   Code   RO            4    i.PxTask            freertos.o
    0x080064ec   0x000000e0   Code   RO          340    i.RunDemos          main.o
    0x080065cc   0x00000002   Code   RO         3660    i.SVC_Handler       port.o
    0x080065ce   0x00000002   PAD
    0x080065d0   0x000000c0   Code   RO          341    i.SampleAndForward  main.o
    0x08006690   0x00000030   Code   RO         3205    i.SamplePD          aos_pd_adc.o
    0x080066c0   0x0000000c   Code   RO            5    i.StartDefaultTask  freertos.o
    0x080066cc   0x000000a0   Code   RO          342    i.StreamSetup       main.o
    0x0800676c   0x0000000c   Code   RO          254    i.SysTick_Handler   stm32f0xx_it.o
    0x08006778   0x00000084   Code   RO         3014    i.SystemClock_Config  aos.o
    0x080067fc   0x00000078   Code   RO          400    i.SystemInit        system_stm32f0xx.o
    0x08006874   0x00000018   Code   RO          255    i.TIM2_IRQHandler   stm32f0xx_it.o
    0x0800688c   0x000000a4   Code   RO         1684    i.TIM_Base_SetConfig  stm32f0xx_hal_tim.o
    0x08006930   0x000000f0   Code   RO         1000    i.UART_AdvFeatureConfig  stm32f0xx_hal_uart.o
    0x08006a20   0x00000084   Code   RO         1001    i.UART_CheckIdleState  stm32f0xx_hal_uart.o
    0x08006aa4   0x00000026   Code   RO         1002    i.UART_DMAError     stm32f0xx_hal_uart.o
    0x08006aca   0x00000042   Code   RO         1003    i.UART_DMAReceiveCplt  stm32f0xx_hal_uart.o
    0x08006b0c   0x0000000e   Code   RO         1004    i.UART_DMARxHalfCplt  stm32f0xx_hal_uart.o
    0x08006b1a   0x0000003c   Code   RO         1007    i.UART_EndTransmit_IT  stm32f0xx_hal_uart.o
    0x08006b56   0x000000a8   Code   RO         1008    i.UART_Receive_IT   stm32f0xx_hal_uart.o
    0x08006bfe   0x00000002   PAD
    0x08006c00   0x0000027c   Code   RO         1009    i.UART_SetConfig    stm32f0xx_hal_uart.o
    0x08006e7c   0x0000007a   Code   RO         1010    i.UART_Transmit_IT  stm32f0xx_hal_uart.o
    0x08006ef6   0x000000fe   Code   RO         1011    i.UART_WaitOnFlagUntilTimeout  stm32f0xx_hal_uart.o
    0x08006ff4   0x00000020   Code   RO          256    i.USART1_IRQHandler  stm32f0xx_it.o
    0x08007014   0x00000020   Code   RO          257    i.USART2_IRQHandler  stm32f0xx_it.o
    0x08007034   0x00000040   Code   RO          258    i.USART3_8_IRQHandler  stm32f0xx_it.o
    0x08007074   0x00000030   Code   RO         3254    i.UplinkDMA1_Init   aos_pd_dma.o
    0x080070a4   0x00000030   Code   RO         3256    i.UplinkDMA2_Init   aos_pd_dma.o
    0x080070d4   0x00000028   Code   RO         4529    i.__0sprintf        mc_p.l(printfa.o)
    0x080070fc   0x0000002e   Code   RO         4649    i.__ARM_clz         mf_p.l(depilogue.o)
    0x0800712a   0x0000001c   Code   RO          387    i.__ARM_common_switch8  main.o
    0x08007146   0x00000002   PAD
    0x08007148   0x0000002c   Code   RO         4655    i.__ARM_fpclassify  m_ps.l(fpclassify.o)
    0x08007174   0x00000008   Code   RO         4633    i.__aeabi_errno_addr  mc_p.l(errno.o)
    0x0800717c   0x000000ac   Code   RO         4657    i.__kernel_poly     m_ps.l(poly.o)
    0x08007228   0x0000000a   Code   RO         4596    i.__mathlib_dbl_infnan  m_ps.l(dunder.o)
    0x08007232   0x00000008   Code   RO         4597    i.__mathlib_dbl_infnan2  m_ps.l(dunder.o)
    0x0800723a   0x00000002   PAD
    0x0800723c   0x00000014   Code   RO         4601    i.__mathlib_dbl_underflow  m_ps.l(dunder.o)
    0x08007250   0x0000000c   Code   RO         4634    i.__read_errno      mc_p.l(errno.o)
    0x0800725c   0x0000000e   Code   RO         4714    i.__scatterload_copy  mc_p.l(handlers.o)
    0x0800726a   0x00000002   Code   RO         4715    i.__scatterload_null  mc_p.l(handlers.o)
    0x0800726c   0x0000000e   Code   RO         4716    i.__scatterload_zeroinit  mc_p.l(handlers.o)
    0x0800727a   0x00000002   PAD
    0x0800727c   0x0000000c   Code   RO         4635    i.__set_errno       mc_p.l(errno.o)
    0x08007288   0x00000158   Code   RO         4534    i._fp_digits        mc_p.l(printfa.o)
    0x080073e0   0x0000000e   Code   RO         4694    i._is_digit         mc_p.l(scanf_fp.o)
    0x080073ee   0x00000002   PAD
    0x080073f0   0x000006ec   Code   RO         4535    i._printf_core      mc_p.l(printfa.o)
    0x08007adc   0x00000020   Code   RO         4536    i._printf_post_padding  mc_p.l(printfa.o)
    0x08007afc   0x0000002c   Code   RO         4537    i._printf_pre_padding  mc_p.l(printfa.o)
    0x08007b28   0x0000000a   Code   RO         4539    i._sputc            mc_p.l(printfa.o)
    0x08007b32   0x00000002   PAD
    0x08007b34   0x0000021c   Code   RO         4586    i.atan              m_ps.l(atan.o)
    0x08007d50   0x00000178   Code   RO         4247    i.atan2             m_ps.l(atan2.o)
    0x08007ec8   0x0000002a   Code   RO         4255    i.atof              m_ps.l(atof.o)
    0x08007ef2   0x00000002   PAD
    0x08007ef4   0x00000098   Code   RO         3334    i.bootloaderUpdateCommand  aos_cli.o
    0x08007f8c   0x000000c8   Code   RO         4259    i.floor             m_ps.l(floor.o)
    0x08008054   0x00000012   Code   RO         3828    i.inHandlerMode     cmsis_os.o
    0x08008066   0x00000002   PAD
    0x08008068   0x0000002c   Code   RO          343    i.main              main.o
    0x08008094   0x0000001a   Code   RO         3831    i.osDelay           cmsis_os.o
    0x080080ae   0x0000000a   Code   RO         3834    i.osKernelStart     cmsis_os.o
    0x080080b8   0x00000034   Code   RO         3857    i.osSemaphoreCreate  cmsis_os.o
    0x080080ec   0x0000004c   Code   RO         3859    i.osSemaphoreRelease  cmsis_os.o
    0x08008138   0x00000070   Code   RO         3860    i.osSemaphoreWait   cmsis_os.o
    0x080081a8   0x00000010   Code   RO         3863    i.osSystickHandler  cmsis_os.o
    0x080081b8   0x00000058   Code   RO         3335    i.pingCommand       aos_cli.o
    0x08008210   0x0000002e   Code   RO         4165    i.prvGetNumberOfParameters  freertos_cli.o
    0x0800823e   0x00000002   PAD
    0x08008240   0x0000007c   Code   RO         3803    i.prvHeapInit       heap_4.o
    0x080082bc   0x0000004c   Code   RO         4166    i.prvHelpCommand    freertos_cli.o
    0x08008308   0x00000018   Code   RO         3723    i.prvIdleTask       tasks.o
    0x08008320   0x00000068   Code   RO         3804    i.prvInsertBlockIntoFreeList  heap_4.o
    0x08008388   0x00000038   Code   RO         3724    i.prvResetNextTaskUnblockTime  tasks.o
    0x080083c0   0x00000030   Code   RO         3336    i.prvRunTimeStatsCommand  aos_cli.o
    0x080083f0   0x00000024   Code   RO         3661    i.prvSetupTimerInterrupt  port.o
    0x08008414   0x00000024   Code   RO         3662    i.prvTaskExitError  port.o
    0x08008438   0x00000030   Code   RO         3337    i.prvTaskStatsCommand  aos_cli.o
    0x08008468   0x00000138   Code   RO         4211    i.prvUARTCommandConsoleTask  uart-interrupt-driven-command-console.o
    0x080085a0   0x0000002a   Code   RO         3725    i.prvWriteNameToBuffer  tasks.o
    0x080085ca   0x00000002   PAD
    0x080085cc   0x00000020   Code   RO         3726    i.pvTaskIncrementMutexHeldCount  tasks.o
    0x080085ec   0x00000050   Code   RO         3088    i.readPxMutex       aos_pd_usart.o
    0x0800863c   0x00000038   Code   RO         3338    i.sampleCommand     aos_cli.o
    0x08008674   0x00000244   Code   RO         3339    i.setCommand        aos_cli.o
    0x080088b8   0x000002c4   Code   RO         3340    i.startCommand      aos_cli.o
    0x08008b7c   0x00000034   Code   RO         3015    i.startMicroDelay   aos.o
    0x08008bb0   0x00000018   Code   RO         3016    i.startPerEvent     aos.o
    0x08008bc8   0x0000016c   Code   RO         3341    i.streamCommand     aos_cli.o
    0x08008d34   0x00000174   Code   RO         3342    i.streamTestCommand  aos_cli.o
    0x08008ea8   0x00000060   Code   RO            6    i.ulMainGetRunTimeCounterValue  freertos.o
    0x08008f08   0x0000009c   Code   RO         3727    i.ulTaskNotifyTake  tasks.o
    0x08008fa4   0x00000028   Code   RO         3539    i.uxListRemove      list.o
    0x08008fcc   0x0000009c   Code   RO         3728    i.uxTaskGetSystemState  tasks.o
    0x08009068   0x00000006   Code   RO          259    i.vApplicationMallocFailedHook  stm32f0xx_it.o
    0x0800906e   0x00000006   Code   RO          260    i.vApplicationStackOverflowHook  stm32f0xx_it.o
    0x08009074   0x0000001a   Code   RO         3540    i.vListInitialise   list.o
    0x0800908e   0x00000006   Code   RO         3541    i.vListInitialiseItem  list.o
    0x08009094   0x00000036   Code   RO         3542    i.vListInsert       list.o
    0x080090ca   0x00000018   Code   RO         3543    i.vListInsertEnd    list.o
    0x080090e2   0x00000002   PAD
    0x080090e4   0x00000020   Code   RO            7    i.vMainConfigureTimerForRunTimeStats  freertos.o
    0x08009104   0x0000001c   Code   RO         3663    i.vPortEnterCritical  port.o
    0x08009120   0x00000028   Code   RO         3664    i.vPortExitCritical  port.o
    0x08009148   0x00000018   Code   RO         3665    i.vPortYield        port.o
    0x08009160   0x00000060   Code   RO         3343    i.vRegisterCLICommands  aos_cli.o
    0x080091c0   0x00000030   Code   RO         4212    i.vUARTCommandConsoleStart  uart-interrupt-driven-command-console.o
    0x080091f0   0x00000038   Code   RO         3089    i.writePxITMutex    aos_pd_usart.o
    0x08009228   0x00000050   Code   RO         3090    i.writePxMutex      aos_pd_usart.o
    0x08009278   0x00000024   Code   RO         3666    i.xPortSysTickHandler  port.o
    0x0800929c   0x000000d4   Code   RO         3730    i.xTaskGenericNotify  tasks.o
    0x08009370   0x000009a0   Code   RO         3641    privileged_functions  queue.o
    0x08009d10   0x00000074   Code   RO         3667    privileged_functions  port.o
    0x08009d84   0x00001048   Code   RO         3733    privileged_functions  tasks.o
    0x0800adcc   0x000001ac   Code   RO         3805    privileged_functions  heap_4.o
    0x0800af78   0x00000010   Data   RO          544    .constdata          stm32f0xx_hal_rcc.o
    0x0800af88   0x00000090   Data   RO         3344    .constdata          aos_cli.o
    0x0800b018   0x00000014   Data   RO         3734    .constdata          tasks.o
    0x0800b02c   0x00000010   Data   RO         4168    .constdata          freertos_cli.o
    0x0800b03c   0x00000004   PAD
    0x0800b040   0x00000098   Data   RO         4587    .constdata          m_ps.l(atan.o)
    0x0800b0d8   0x00000008   Data   RO         4609    .constdata          m_ps.l(qnan.o)
    0x0800b0e0   0x00000081   Data   RO         4665    .constdata          mc_p.l(ctype_o.o)
    0x0800b161   0x00000003   PAD
    0x0800b164   0x00000004   Data   RO         4666    .constdata          mc_p.l(ctype_o.o)
    0x0800b168   0x000007db   Data   RO         3345    .conststring        aos_cli.o
    0x0800b943   0x00000001   PAD
    0x0800b944   0x000000dd   Data   RO         4169    .conststring        freertos_cli.o
    0x0800ba21   0x00000003   PAD
    0x0800ba24   0x000002e5   Data   RO         4214    .conststring        uart-interrupt-driven-command-console.o
    0x0800bd09   0x00000003   PAD
    0x0800bd0c   0x00000020   Data   RO         4712    Region$$Table       anon$$obj.o


    Execution Region RW_IRAM1 (Base: 0x20000000, Size: 0x00007ad8, Max: 0x00008000, ABSOLUTE, COMPRESSED[0x00000298])

    Base Addr    Size         Type   Attr      Idx    E Section Name        Object

    0x20000000   0x00000230   Data   RW            9    .data               freertos.o
    0x20000230   0x00000209   Data   RW          261    .data               stm32f0xx_it.o
    0x20000439   0x00000003   PAD
    0x2000043c   0x000002e1   Data   RW          345    .data               main.o
    0x2000071d   0x00000003   PAD
    0x20000720   0x00000014   Data   RW          401    .data               system_stm32f0xx.o
    0x20000734   0x00000004   Data   RW         1362    .data               stm32f0xx_hal.o
    0x20000738   0x00000212   Data   RW         3018    .data               aos.o
    0x2000094a   0x0000020a   Data   RW         3092    .data               aos_pd_usart.o
    0x20000b54   0x00000244   Data   RW         3346    .data               aos_cli.o
    0x20000d98   0x00000004   Data   RW         3668    .data               port.o
    0x20000d9c   0x00000018   Data   RW         3807    .data               heap_4.o
    0x20000db4   0x00000014   Data   RW         4170    .data               freertos_cli.o
    0x20000dc8   0x00000218   Data   RW         4215    .data               uart-interrupt-driven-command-console.o
    0x20000fe0   0x00000004   Data   RW         4272    .data               mc_p.l(rand.o)
    0x20000fe4   0x00000004   Data   RW         4636    .data               mc_p.l(errno.o)
    0x20000fe8   0x00000130   Data   RW         3735    privileged_data     tasks.o
    0x20001118   0x0000001c   Zero   RW            8    .bss                freertos.o
    0x20001134   0x0000000c   Zero   RW          344    .bss                main.o
    0x20001140   0x000000b4   Zero   RW         3017    .bss                aos.o
    0x200011f4   0x000002a0   Zero   RW         3091    .bss                aos_pd_usart.o
    0x20001494   0x0000004c   Zero   RW         3206    .bss                aos_pd_adc.o
    0x200014e0   0x00000118   Zero   RW         3258    .bss                aos_pd_dma.o
    0x200015f8   0x0000003c   Zero   RW         3425    .bss                mpu6050.o
    0x20001634   0x00000040   Zero   RW         3642    .bss                queue.o
    0x20001674   0x00003000   Zero   RW         3806    .bss                heap_4.o
    0x20004674   0x00000400   Zero   RW         4167    .bss                freertos_cli.o
    0x20004a74   0x00000064   Zero   RW         4213    .bss                uart-interrupt-driven-command-console.o
    0x20004ad8   0x00003000   Zero   RW         4239    STACK               startup_stm32f091xc.o


==============================================================================

Image component sizes


      Code (inc. data)   RO Data    RW Data    ZI Data      Debug   Object Name

       732        112          0        530        180       5207   aos.o
      2512        320       2155        580          0      15779   aos_cli.o
       208         26          0          0         76       2254   aos_pd_adc.o
      1584        202          0          0        280       6060   aos_pd_dma.o
       170          6          0          0          0       1470   aos_pd_gpio.o
      1324        128          0        522        672       7975   aos_pd_usart.o
       310          8          0          0          0      10616   cmsis_os.o
       708        188          0        560         28     324542   freertos.o
       524         34        237         20       1024       6352   freertos_cli.o
       656         52          0         24      12288       4600   heap_4.o
       150          0          0          0          0       4918   list.o
      3728        450          0        737         12       7305   main.o
       696         34          0          0         60      10125   mpu6050.o
       430         56          0          4          0       7128   port.o
      2464          6          0          0         64      13302   queue.o
        88         34        188          0      12288        788   startup_stm32f091xc.o
       126         14          0          4          0       4140   stm32f0xx_hal.o
      1792         46          0          0          0       7557   stm32f0xx_hal_adc.o
       218         26          0          0          0       8745   stm32f0xx_hal_cortex.o
      2570         32          0          0          0       4399   stm32f0xx_hal_dma.o
       528         28          0          0          0       2901   stm32f0xx_hal_gpio.o
      1850         28          0          0          0       9390   stm32f0xx_hal_i2c.o
       142          0          0          0          0       1147   stm32f0xx_hal_i2c_ex.o
      2664        100         16          0          0       5653   stm32f0xx_hal_rcc.o
       380         12          0          0          0       1456   stm32f0xx_hal_rcc_ex.o
       812         30          0          0          0       7759   stm32f0xx_hal_tim.o
       102          0          0          0          0       2282   stm32f0xx_hal_tim_ex.o
      2738         84          0          0          0      13008   stm32f0xx_hal_uart.o
       336          0          0          0          0       1738   stm32f0xx_hal_uart_ex.o
       836        162          0        521          0       7224   stm32f0xx_it.o
       120         18          0         20          0       1357   system_stm32f0xx.o
      4846        364         20        304          0      23120   tasks.o
       360         42        741        536        100       2457   uart-interrupt-driven-command-console.o

    ----------------------------------------------------------------------
     36734       2642       3400       4368      27072     532754   Object Totals
         0          0         32          0          0          0   (incl. Generated)
        30          0         11          6          0          0   (incl. Padding)

    ----------------------------------------------------------------------

      Code (inc. data)   RO Data    RW Data    ZI Data      Debug   Library Member Name

       540         68        152          0          0        112   atan.o
       376         42          0          0          0        144   atan2.o
        42          0          0          0          0         76   atof.o
        38          6          0          0          0        204   dunder.o
       200         20          0          0          0         76   floor.o
        44          4          0          0          0         60   fpclassify.o
       172          0          0          0          0         76   poly.o
         0          0          8          0          0          0   qnan.o
        96          0          0          0          0          0   __dclz77c.o
        30          0          0          0          0         60   _chval.o
        68          0          0          0          0         76   _sgetc.o
       166          0          0          0          0         84   _strtoul.o
        26          0          0          0          0         72   atoi.o
        26          0          0          0          0         72   atol.o
         8          4        133          0          0         60   ctype_o.o
         0          0          0          0          0          0   entry.o
         0          0          0          0          0          0   entry10a.o
         0          0          0          0          0          0   entry11a.o
         8          4          0          0          0          0   entry2.o
         4          0          0          0          0          0   entry5.o
         0          0          0          0          0          0   entry7b.o
         0          0          0          0          0          0   entry8b.o
         8          4          0          0          0          0   entry9a.o
        32         16          0          4          0        180   errno.o
        30          0          0          0          0          0   handlers.o
        40          0          0          0          0         72   idiv.o
        36          8          0          0          0         68   init.o
        18          0          0          0          0         68   isspace_o.o
         0          0          0          0          0          0   iusefp.o
       122          0          0          0          0         84   llmul.o
        32          0          0          0          0         68   llshl.o
        38          0          0          0          0         68   llsshr.o
        34          0          0          0          0         68   llushr.o
        26          0          0          0          0         72   memcmp.o
        36          0          0          0          0         60   memcpya.o
        36          0          0          0          0        100   memseta.o
      2242         94          0          0          0        472   printfa.o
        36         12          0          4          0        120   rand.o
       858         12          0          0          0        184   scanf_fp.o
        24          0          0          0          0         60   strcat.o
        28          0          0          0          0         68   strcmp.o
        18          0          0          0          0         60   strcpy.o
        14          0          0          0          0         60   strlen.o
        30          0          0          0          0         72   strncmp.o
        26          0          0          0          0         68   strncpy.o
       164         18          0          0          0        120   strtod.o
       112          4          0          0          0         76   strtol.o
        44          0          0          0          0         72   uidiv.o
        96          0          0          0          0         84   uldiv.o
        40          2          0          0          0         68   cdrcmple.o
        20          0          0          0          0         68   cfcmple.o
        20          0          0          0          0         68   cfrcmple.o
        56          0          0          0          0         68   d2f.o
       356          4          0          0          0        140   dadd.o
       240          6          0          0          0         84   ddiv.o
       236          0          0          0          0        216   depilogue.o
        60         10          0          0          0         68   dfixui.o
        64         10          0          0          0         68   dfixul.o
        28          6          0          0          0         68   dfltul.o
       208          6          0          0          0         88   dmul.o
        44          0          0          0          0         72   dscalb.o
        40          0          0          0          0         60   f2d.o
       178          0          0          0          0        108   fadd.o
       124          0          0          0          0         72   fdiv.o
       130          0          0          0          0        144   fepilogue.o
        50          0          0          0          0         60   ffixi.o
        40          0          0          0          0         60   ffixui.o
        22          0          0          0          0         68   fflti.o

    ----------------------------------------------------------------------
      7998        360        296          8          0       5244   Library Totals
        18          0          3          0          0          0   (incl. Padding)

    ----------------------------------------------------------------------

      Code (inc. data)   RO Data    RW Data    ZI Data      Debug   Library Name

      1412        140        160          0          0        748   m_ps.l
      4612        176        133          8          0       2848   mc_p.l
      1956         44          0          0          0       1648   mf_p.l

    ----------------------------------------------------------------------
      7998        360        296          8          0       5244   Library Totals

    ----------------------------------------------------------------------

==============================================================================


      Code (inc. data)   RO Data    RW Data    ZI Data      Debug   

     44732       3002       3696       4376      27072     526398   Grand Totals
     44732       3002       3696        664      27072     526398   ELF Image Totals (compressed)
     44732       3002       3696        664          0          0   ROM Totals

==============================================================================

    Total RO  Size (Code + RO Data)                48428 (  47.29kB)
    Total RW  Size (RW Data + ZI Data)             31448 (  30.71kB)
    Total ROM Size (Code + RO Data + RW Data)      49092 (  47.94kB)

==============================================================================

