Component: ARM Compiler 5.05 update 2 (build 169) Tool: armlink [4d0f33]

==============================================================================

Section Cross References

    freertos.o(i.MX_FREERTOS_Init) refers to tasks.o(privileged_functions) for xTaskGenericCreate
    freertos.o(i.MX_FREERTOS_Init) refers to cmsis_os.o(i.osSemaphoreCreate) for osSemaphoreCreate
    freertos.o(i.MX_FREERTOS_Init) refers to aos_cli.o(i.vRegisterCLICommands) for vRegisterCLICommands
    freertos.o(i.MX_FREERTOS_Init) refers to uart-interrupt-driven-command-console.o(i.vUARTCommandConsoleStart) for vUARTCommandConsoleStart
    freertos.o(i.MX_FREERTOS_Init) refers to freertos.o(.data) for .data
    freertos.o(i.MX_FREERTOS_Init) refers to freertos.o(i.StartDefaultTask) for StartDefaultTask
    freertos.o(i.MX_FREERTOS_Init) refers to freertos.o(i.PxTask) for PxTask
    freertos.o(i.MX_FREERTOS_Init) refers to main.o(i.FrontEndTask) for FrontEndTask
    freertos.o(i.MX_FREERTOS_Init) refers to freertos.o(.bss) for .bss
    freertos.o(i.PxTask) refers to aos_pd_usart.o(i.readPxMutex) for readPxMutex
    freertos.o(i.PxTask) refers to tasks.o(i.xTaskGenericNotify) for xTaskGenericNotify
    freertos.o(i.PxTask) refers to port.o(i.vPortYield) for vPortYield
    freertos.o(i.PxTask) refers to aos.o(.data) for portStatus
    freertos.o(i.PxTask) refers to aos_pd_usart.o(.data) for PcPort
    freertos.o(i.PxTask) refers to uart-interrupt-driven-command-console.o(.data) for xCommandConsoleTask
    freertos.o(i.StartDefaultTask) refers to cmsis_os.o(i.osDelay) for osDelay
    freertos.o(i.ulMainGetRunTimeCounterValue) refers to uidiv.o(.text) for __aeabi_uidivmod
    freertos.o(i.ulMainGetRunTimeCounterValue) refers to tasks.o(privileged_functions) for xTaskGetTickCountFromISR
    freertos.o(i.ulMainGetRunTimeCounterValue) refers to system_stm32f0xx.o(.data) for SystemCoreClock
    freertos.o(i.ulMainGetRunTimeCounterValue) refers to freertos.o(.data) for .data
    freertos.o(i.vMainConfigureTimerForRunTimeStats) refers to uidiv.o(.text) for __aeabi_uidivmod
    freertos.o(i.vMainConfigureTimerForRunTimeStats) refers to system_stm32f0xx.o(.data) for SystemCoreClock
    freertos.o(i.vMainConfigureTimerForRunTimeStats) refers to freertos.o(.data) for .data
    stm32f0xx_it.o(i.HAL_UART_RxCpltCallback) refers to aos.o(i.GetPort) for GetPort
    stm32f0xx_it.o(i.HAL_UART_RxCpltCallback) refers to queue.o(privileged_functions) for xQueueGiveFromISR
    stm32f0xx_it.o(i.HAL_UART_RxCpltCallback) refers to freertos.o(.bss) for PxSemaphoreHandle
    stm32f0xx_it.o(i.HAL_UART_RxCpltCallback) refers to aos_pd_usart.o(.data) for UartRxReady
    stm32f0xx_it.o(i.HAL_UART_TxCpltCallback) refers to aos.o(i.GetPort) for GetPort
    stm32f0xx_it.o(i.HAL_UART_TxCpltCallback) refers to queue.o(privileged_functions) for xQueueGiveFromISR
    stm32f0xx_it.o(i.HAL_UART_TxCpltCallback) refers to freertos.o(.bss) for PxSemaphoreHandle
    stm32f0xx_it.o(i.HAL_UART_TxCpltCallback) refers to aos_pd_usart.o(.data) for UartTxReady
    stm32f0xx_it.o(i.SysTick_Handler) refers to stm32f0xx_hal.o(i.HAL_IncTick) for HAL_IncTick
    stm32f0xx_it.o(i.SysTick_Handler) refers to cmsis_os.o(i.osSystickHandler) for osSystickHandler
    stm32f0xx_it.o(i.TIM2_IRQHandler) refers to stm32f0xx_hal_tim.o(i.HAL_TIM_IRQHandler) for HAL_TIM_IRQHandler
    stm32f0xx_it.o(i.TIM2_IRQHandler) refers to aos.o(.bss) for htim2
    stm32f0xx_it.o(i.USART1_IRQHandler) refers to stm32f0xx_hal_uart_ex.o(i.HAL_UART_IRQHandler) for HAL_UART_IRQHandler
    stm32f0xx_it.o(i.USART1_IRQHandler) refers to aos_pd_usart.o(.bss) for huart1
    stm32f0xx_it.o(i.USART2_IRQHandler) refers to stm32f0xx_hal_uart_ex.o(i.HAL_UART_IRQHandler) for HAL_UART_IRQHandler
    stm32f0xx_it.o(i.USART2_IRQHandler) refers to aos_pd_usart.o(.bss) for huart2
    stm32f0xx_it.o(i.USART3_8_IRQHandler) refers to stm32f0xx_hal_uart_ex.o(i.HAL_UART_IRQHandler) for HAL_UART_IRQHandler
    stm32f0xx_it.o(i.USART3_8_IRQHandler) refers to aos_pd_usart.o(.bss) for huart3
    main.o(i.FrontEndTask) refers to cmsis_os.o(i.osDelay) for osDelay
    main.o(i.main) refers to aos.o(i.AOS_init) for AOS_init
    main.o(i.main) refers to freertos.o(i.MX_FREERTOS_Init) for MX_FREERTOS_Init
    main.o(i.main) refers to cmsis_os.o(i.osKernelStart) for osKernelStart
    system_stm32f0xx.o(i.SystemCoreClockUpdate) refers to uidiv.o(.text) for __aeabi_uidivmod
    system_stm32f0xx.o(i.SystemCoreClockUpdate) refers to system_stm32f0xx.o(.data) for .data
    stm32f0xx_hal_flash_ex.o(i.FLASH_MassErase) refers to stm32f0xx_hal_flash.o(.bss) for pFlash
    stm32f0xx_hal_flash_ex.o(i.FLASH_OB_DisableWRP) refers to stm32f0xx_hal_flash_ex.o(i.FLASH_OB_GetWRP) for FLASH_OB_GetWRP
    stm32f0xx_hal_flash_ex.o(i.FLASH_OB_DisableWRP) refers to stm32f0xx_hal_flash.o(i.FLASH_WaitForLastOperation) for FLASH_WaitForLastOperation
[...]
    .text                                    0x080002f8   Section        0  uldiv.o(.text)
    .text                                    0x08000358   Section        0  strtol.o(.text)
    .text                                    0x080003c8   Section       36  init.o(.text)
    .text                                    0x080003ec   Section        0  llshl.o(.text)
    .text                                    0x0800040c   Section        0  ctype_o.o(.text)
    .text                                    0x08000414   Section        0  _strtoul.o(.text)
    .text                                    0x080004ba   Section        0  _chval.o(.text)
    .text                                    0x080004d8   Section        0  __dczerorl.o(.text)
    i.ADC_ConversionStop                     0x08000512   Section        0  stm32f0xx_hal_adc.o(i.ADC_ConversionStop)
    ADC_ConversionStop                       0x08000513   Thumb Code    82  stm32f0xx_hal_adc.o(i.ADC_ConversionStop)
    i.ADC_Disable                            0x08000564   Section        0  stm32f0xx_hal_adc.o(i.ADC_Disable)
    ADC_Disable                              0x08000565   Thumb Code   118  stm32f0xx_hal_adc.o(i.ADC_Disable)
    i.ADC_Enable                             0x080005dc   Section        0  stm32f0xx_hal_adc.o(i.ADC_Enable)
    ADC_Enable                               0x080005dd   Thumb Code   142  stm32f0xx_hal_adc.o(i.ADC_Enable)
    i.AOS_init                               0x08000678   Section        0  aos.o(i.AOS_init)
    i.FreeRTOS_CLIGetOutputBuffer            0x08000710   Section        0  freertos_cli.o(i.FreeRTOS_CLIGetOutputBuffer)
    i.FreeRTOS_CLIProcessCommand             0x08000718   Section        0  freertos_cli.o(i.FreeRTOS_CLIProcessCommand)
    i.FreeRTOS_CLIRegisterCommand            0x080007d4   Section        0  freertos_cli.o(i.FreeRTOS_CLIRegisterCommand)
    i.FrontEndTask                           0x08000810   Section        0  main.o(i.FrontEndTask)
    i.GetPort                                0x08000818   Section        0  aos.o(i.GetPort)
    i.GetUart                                0x08000874   Section        0  aos.o(i.GetUart)
    i.HAL_ADC_ConfigChannel                  0x080008bc   Section        0  stm32f0xx_hal_adc.o(i.HAL_ADC_ConfigChannel)
    i.HAL_ADC_GetValue                       0x080009f0   Section        0  stm32f0xx_hal_adc.o(i.HAL_ADC_GetValue)
    i.HAL_ADC_Init                           0x080009fc   Section        0  stm32f0xx_hal_adc.o(i.HAL_ADC_Init)
    i.HAL_ADC_MspInit                        0x08000b60   Section        0  aos_pd_adc.o(i.HAL_ADC_MspInit)
    i.HAL_ADC_PollForConversion              0x08000ba0   Section        0  stm32f0xx_hal_adc.o(i.HAL_ADC_PollForConversion)
    i.HAL_ADC_Start                          0x08000c60   Section        0  stm32f0xx_hal_adc.o(i.HAL_ADC_Start)
    i.HAL_ADC_Stop                           0x08000cc0   Section        0  stm32f0xx_hal_adc.o(i.HAL_ADC_Stop)
    i.HAL_Delay                              0x08000cfe   Section        0  stm32f0xx_hal.o(i.HAL_Delay)
    i.HAL_GPIO_Init                          0x08000d14   Section        0  stm32f0xx_hal_gpio.o(i.HAL_GPIO_Init)
    i.HAL_GPIO_WritePin                      0x08000e6c   Section        0  stm32f0xx_hal_gpio.o(i.HAL_GPIO_WritePin)
    i.HAL_GetTick                            0x08000e78   Section        0  stm32f0xx_hal.o(i.HAL_GetTick)
    i.HAL_IncTick                            0x08000e84   Section        0  stm32f0xx_hal.o(i.HAL_IncTick)
    i.HAL_Init                               0x08000e94   Section        0  stm32f0xx_hal.o(i.HAL_Init)
    i.HAL_InitTick                           0x08000eb4   Section        0  stm32f0xx_hal.o(i.HAL_InitTick)
    i.HAL_MspInit                            0x08000ed6   Section        0  stm32f0xx_hal.o(i.HAL_MspInit)
    i.HAL_NVIC_EnableIRQ                     0x08000ed8   Section        0  stm32f0xx_hal_cortex.o(i.HAL_NVIC_EnableIRQ)
    i.HAL_NVIC_SetPriority                   0x08000eec   Section        0  stm32f0xx_hal_cortex.o(i.HAL_NVIC_SetPriority)
    i.HAL_RCCEx_PeriphCLKConfig              0x08000ef4   Section        0  stm32f0xx_hal_rcc_ex.o(i.HAL_RCCEx_PeriphCLKConfig)
    i.HAL_RCC_ClockConfig                    0x08000ff8   Section        0  stm32f0xx_hal_rcc.o(i.HAL_RCC_ClockConfig)
    i.HAL_RCC_GetHCLKFreq                    0x08001228   Section        0  stm32f0xx_hal_rcc.o(i.HAL_RCC_GetHCLKFreq)
    i.HAL_RCC_GetPCLK1Freq                   0x08001250   Section        0  stm32f0xx_hal_rcc.o(i.HAL_RCC_GetPCLK1Freq)
    i.HAL_RCC_GetSysClockFreq                0x08001270   Section        0  stm32f0xx_hal_rcc.o(i.HAL_RCC_GetSysClockFreq)
    i.HAL_RCC_OscConfig                      0x08001314   Section        0  stm32f0xx_hal_rcc.o(i.HAL_RCC_OscConfig)
    i.HAL_SYSTICK_Config                     0x080017cc   Section        0  stm32f0xx_hal_cortex.o(i.HAL_SYSTICK_Config)
    i.HAL_TIMEx_BreakCallback                0x080017fc   Section        0  stm32f0xx_hal_tim_ex.o(i.HAL_TIMEx_BreakCallback)
    i.HAL_TIMEx_CommutationCallback          0x080017fe   Section        0  stm32f0xx_hal_tim_ex.o(i.HAL_TIMEx_CommutationCallback)
    i.HAL_TIMEx_MasterConfigSynchronization  0x08001800   Section        0  stm32f0xx_hal_tim_ex.o(i.HAL_TIMEx_MasterConfigSynchronization)
    i.HAL_TIM_Base_Init                      0x08001848   Section        0  stm32f0xx_hal_tim.o(i.HAL_TIM_Base_Init)
    i.HAL_TIM_Base_MspInit                   0x0800187e   Section        0  stm32f0xx_hal_tim.o(i.HAL_TIM_Base_MspInit)
    i.HAL_TIM_IC_CaptureCallback             0x08001880   Section        0  stm32f0xx_hal_tim.o(i.HAL_TIM_IC_CaptureCallback)
    i.HAL_TIM_IRQHandler                     0x08001882   Section        0  stm32f0xx_hal_tim.o(i.HAL_TIM_IRQHandler)
    i.HAL_TIM_OC_DelayElapsedCallback        0x080019ec   Section        0  stm32f0xx_hal_tim.o(i.HAL_TIM_OC_DelayElapsedCallback)
    i.HAL_TIM_PWM_PulseFinishedCallback      0x080019ee   Section        0  stm32f0xx_hal_tim.o(i.HAL_TIM_PWM_PulseFinishedCallback)
    i.HAL_TIM_PeriodElapsedCallback          0x080019f0   Section        0  stm32f0xx_hal_tim.o(i.HAL_TIM_PeriodElapsedCallback)
    i.HAL_TIM_TriggerCallback                0x080019f2   Section        0  stm32f0xx_hal_tim.o(i.HAL_TIM_TriggerCallback)
    i.HAL_UARTEx_WakeupCallback              0x080019f4   Section        0  stm32f0xx_hal_uart_ex.o(i.HAL_UARTEx_WakeupCallback)
    i.HAL_UART_ErrorCallback                 0x080019f6   Section        0  stm32f0xx_hal_uart.o(i.HAL_UART_ErrorCallback)
    i.HAL_UART_IRQHandler                    0x080019f8   Section        0  stm32f0xx_hal_uart_ex.o(i.HAL_UART_IRQHandler)
    i.HAL_UART_Init                          0x08001adc   Section        0  stm32f0xx_hal_uart.o(i.HAL_UART_Init)
    i.HAL_UART_MspInit                       0x08001b50   Section        0  aos_pd_usart.o(i.HAL_UART_MspInit)
    i.HAL_UART_Receive                       0x08001d58   Section        0  stm32f0xx_hal_uart.o(i.HAL_UART_Receive)
    i.HAL_UART_RxCpltCallback                0x08001e5c   Section        0  stm32f0xx_it.o(i.HAL_UART_RxCpltCallback)
    i.HAL_UART_Transmit                      0x08001e84   Section        0  stm32f0xx_hal_uart.o(i.HAL_UART_Transmit)
    i.HAL_UART_Transmit_IT                   0x08001f48   Section        0  stm32f0xx_hal_uart.o(i.HAL_UART_Transmit_IT)
    i.HAL_UART_TxCpltCallback                0x08001fb0   Section        0  stm32f0xx_it.o(i.HAL_UART_TxCpltCallback)
    i.IND_LED_Init                           0x08001fd8   Section        0  aos_pd_gpio.o(i.IND_LED_Init)
    i.MX_ADC_Init                            0x08001ffc   Section        0  aos_pd_adc.o(i.MX_ADC_Init)
    i.MX_FREERTOS_Init                       0x08002044   Section        0  freertos.o(i.MX_FREERTOS_Init)
    i.MX_GPIO_Init                           0x080021c0   Section        0  aos_pd_gpio.o(i.MX_GPIO_Init)
    i.MX_TIM2_Init                           0x08002208   Section        0  aos.o(i.MX_TIM2_Init)
    i.MX_TIM7_Init                           0x08002254   Section        0  aos.o(i.MX_TIM7_Init)
    i.MX_UART_Init                           0x08002298   Section        0  aos_pd_usart.o(i.MX_UART_Init)
    i.MX_USART1_UART_Init                    0x080022b4   Section        0  aos_pd_usart.o(i.MX_USART1_UART_Init)
    i.MX_USART2_UART_Init                    0x080022e8   Section        0  aos_pd_usart.o(i.MX_USART2_UART_Init)
    i.MX_USART3_UART_Init                    0x0800231c   Section        0  aos_pd_usart.o(i.MX_USART3_UART_Init)
    i.MX_USART4_UART_Init                    0x08002350   Section        0  aos_pd_usart.o(i.MX_USART4_UART_Init)
    i.MX_USART7_UART_Init                    0x08002384   Section        0  aos_pd_usart.o(i.MX_USART7_UART_Init)
    i.MX_USART8_UART_Init                    0x080023b8   Section        0  aos_pd_usart.o(i.MX_USART8_UART_Init)
    i.NVIC_SetPriority                       0x080023ec   Section        0  stm32f0xx_hal_cortex.o(i.NVIC_SetPriority)
    NVIC_SetPriority                         0x080023ed   Thumb Code    60  stm32f0xx_hal_cortex.o(i.NVIC_SetPriority)
    i.PxTask                                 0x08002430   Section        0  freertos.o(i.PxTask)
    i.SVC_Handler                            0x08002484   Section        0  port.o(i.SVC_Handler)
    i.SamplePD                               0x08002488   Section        0  aos_pd_adc.o(i.SamplePD)
    i.StartDefaultTask                       0x080024b8   Section        0  freertos.o(i.StartDefaultTask)
    i.SysTick_Handler                        0x080024c4   Section        0  stm32f0xx_it.o(i.SysTick_Handler)
    i.SystemClock_Config                     0x080024d0   Section        0  aos.o(i.SystemClock_Config)
    i.SystemInit                             0x08002540   Section        0  system_stm32f0xx.o(i.SystemInit)
    i.TIM2_IRQHandler                        0x0800259c   Section        0  stm32f0xx_it.o(i.TIM2_IRQHandler)
    i.TIM_Base_SetConfig                     0x080025ac   Section        0  stm32f0xx_hal_tim.o(i.TIM_Base_SetConfig)
    i.UART_AdvFeatureConfig                  0x08002638   Section        0  stm32f0xx_hal_uart.o(i.UART_AdvFeatureConfig)
    i.UART_CheckIdleState                    0x08002704   Section        0  stm32f0xx_hal_uart.o(i.UART_CheckIdleState)
    i.UART_EndTransmit_IT                    0x08002778   Section        0  stm32f0xx_hal_uart.o(i.UART_EndTransmit_IT)
    i.UART_Receive_IT                        0x080027aa   Section        0  stm32f0xx_hal_uart.o(i.UART_Receive_IT)
    i.UART_SetConfig                         0x0800283c   Section        0  stm32f0xx_hal_uart.o(i.UART_SetConfig)
    i.UART_Transmit_IT                       0x08002a2c   Section        0  stm32f0xx_hal_uart.o(i.UART_Transmit_IT)
    i.UART_WaitOnFlagUntilTimeout            0x08002a9c   Section        0  stm32f0xx_hal_uart.o(i.UART_WaitOnFlagUntilTimeout)
    i.USART1_IRQHandler                      0x08002b64   Section        0  stm32f0xx_it.o(i.USART1_IRQHandler)
    i.USART2_IRQHandler                      0x08002b74   Section        0  stm32f0xx_it.o(i.USART2_IRQHandler)
    i.USART3_8_IRQHandler                    0x08002b84   Section        0  stm32f0xx_it.o(i.USART3_8_IRQHandler)
    i.__0sprintf$8                           0x08002bb0   Section        0  printf8.o(i.__0sprintf$8)
    i.__ARM_common_switch8                   0x08002bd8   Section        0  stm32f0xx_hal_tim.o(i.__ARM_common_switch8)
    i.__aeabi_errno_addr                     0x08002bf4   Section        0  errno.o(i.__aeabi_errno_addr)
    i.__scatterload_copy                     0x08002bfc   Section       14  handlers.o(i.__scatterload_copy)
    i.__scatterload_null                     0x08002c0a   Section        2  handlers.o(i.__scatterload_null)
    i.__scatterload_zeroinit                 0x08002c0c   Section       14  handlers.o(i.__scatterload_zeroinit)
    i._printf_core                           0x08002c1c   Section        0  printf8.o(i._printf_core)
    _printf_core                             0x08002c1d   Thumb Code  1020  printf8.o(i._printf_core)
    i._printf_post_padding                   0x08003044   Section        0  printf8.o(i._printf_post_padding)
    _printf_post_padding                     0x08003045   Thumb Code    32  printf8.o(i._printf_post_padding)
    i._printf_pre_padding                    0x08003064   Section        0  printf8.o(i._printf_pre_padding)
    _printf_pre_padding                      0x08003065   Thumb Code    44  printf8.o(i._printf_pre_padding)
    i._sputc                                 0x08003090   Section        0  printf8.o(i._sputc)
    _sputc                                   0x08003091   Thumb Code    10  printf8.o(i._sputc)
    i.bootloaderUpdateCommand                0x0800309c   Section        0  aos_cli.o(i.bootloaderUpdateCommand)
    bootloaderUpdateCommand                  0x0800309d   Thumb Code    84  aos_cli.o(i.bootloaderUpdateCommand)
    i.inHandlerMode                          0x0800310c   Section        0  cmsis_os.o(i.inHandlerMode)
    inHandlerMode                            0x0800310d   Thumb Code    16  cmsis_os.o(i.inHandlerMode)
    i.main                                   0x0800311c   Section        0  main.o(i.main)
    i.osDelay                                0x0800312a   Section        0  cmsis_os.o(i.osDelay)
    i.osKernelStart                          0x0800313a   Section        0  cmsis_os.o(i.osKernelStart)
    i.osSemaphoreCreate                      0x08003144   Section        0  cmsis_os.o(i.osSemaphoreCreate)
    i.osSemaphoreRelease                     0x08003174   Section        0  cmsis_os.o(i.osSemaphoreRelease)
    i.osSemaphoreWait                        0x080031c0   Section        0  cmsis_os.o(i.osSemaphoreWait)
    i.osSystickHandler                       0x08003228   Section        0  cmsis_os.o(i.osSystickHandler)
    i.pingCommand                            0x08003238   Section        0  aos_cli.o(i.pingCommand)
    pingCommand                              0x08003239   Thumb Code    54  aos_cli.o(i.pingCommand)
    i.prvGetNumberOfParameters               0x08003288   Section        0  freertos_cli.o(i.prvGetNumberOfParameters)
    prvGetNumberOfParameters                 0x08003289   Thumb Code    46  freertos_cli.o(i.prvGetNumberOfParameters)
    i.prvHeapInit                            0x080032b8   Section        0  heap_4.o(i.prvHeapInit)
    prvHeapInit                              0x080032b9   Thumb Code    66  heap_4.o(i.prvHeapInit)
    i.prvHelpCommand                         0x08003304   Section        0  freertos_cli.o(i.prvHelpCommand)
    prvHelpCommand                           0x08003305   Thumb Code    46  freertos_cli.o(i.prvHelpCommand)
    i.prvIdleTask                            0x08003338   Section        0  tasks.o(i.prvIdleTask)
    prvIdleTask                              0x08003339   Thumb Code    18  tasks.o(i.prvIdleTask)
    i.prvInsertBlockIntoFreeList             0x08003350   Section        0  heap_4.o(i.prvInsertBlockIntoFreeList)
    prvInsertBlockIntoFreeList               0x08003351   Thumb Code    78  heap_4.o(i.prvInsertBlockIntoFreeList)
    i.prvResetNextTaskUnblockTime            0x080033a4   Section        0  tasks.o(i.prvResetNextTaskUnblockTime)
    prvResetNextTaskUnblockTime              0x080033a5   Thumb Code    30  tasks.o(i.prvResetNextTaskUnblockTime)
    i.prvRunTimeStatsCommand                 0x080033c8   Section        0  aos_cli.o(i.prvRunTimeStatsCommand)
    prvRunTimeStatsCommand                   0x080033c9   Thumb Code    38  aos_cli.o(i.prvRunTimeStatsCommand)
    i.prvSetupTimerInterrupt                 0x080033f4   Section        0  port.o(i.prvSetupTimerInterrupt)
    prvSetupTimerInterrupt                   0x080033f5   Thumb Code    26  port.o(i.prvSetupTimerInterrupt)
    i.prvTaskExitError                       0x08003418   Section        0  port.o(i.prvTaskExitError)
    prvTaskExitError                         0x08003419   Thumb Code    16  port.o(i.prvTaskExitError)
    i.prvTaskStatsCommand                    0x0800342c   Section        0  aos_cli.o(i.prvTaskStatsCommand)
    prvTaskStatsCommand                      0x0800342d   Thumb Code    38  aos_cli.o(i.prvTaskStatsCommand)
    i.prvUARTCommandConsoleTask              0x08003458   Section        0  uart-interrupt-driven-command-console.o(i.prvUARTCommandConsoleTask)
    prvUARTCommandConsoleTask                0x08003459   Thumb Code   240  uart-interrupt-driven-command-console.o(i.prvUARTCommandConsoleTask)
    i.prvWriteNameToBuffer                   0x08003554   Section        0  tasks.o(i.prvWriteNameToBuffer)
    prvWriteNameToBuffer                     0x08003555   Thumb Code    36  tasks.o(i.prvWriteNameToBuffer)
    i.pvTaskIncrementMutexHeldCount          0x08003578   Section        0  tasks.o(i.pvTaskIncrementMutexHeldCount)
    i.readPxMutex                            0x08003590   Section        0  aos_pd_usart.o(i.readPxMutex)
    i.sampleCommand                          0x080035d4   Section        0  aos_cli.o(i.sampleCommand)
    sampleCommand                            0x080035d5   Thumb Code    36  aos_cli.o(i.sampleCommand)
    i.ulMainGetRunTimeCounterValue           0x08003600   Section        0  freertos.o(i.ulMainGetRunTimeCounterValue)
    i.ulTaskNotifyTake                       0x0800364c   Section        0  tasks.o(i.ulTaskNotifyTake)
    i.uxListRemove                           0x080036cc   Section        0  list.o(i.uxListRemove)
    i.uxTaskGetSystemState                   0x080036f0   Section        0  tasks.o(i.uxTaskGetSystemState)
    i.vApplicationMallocFailedHook           0x0800377c   Section        0  stm32f0xx_it.o(i.vApplicationMallocFailedHook)
    i.vApplicationStackOverflowHook          0x08003780   Section        0  stm32f0xx_it.o(i.vApplicationStackOverflowHook)
    i.vListInitialise                        0x08003784   Section        0  list.o(i.vListInitialise)
    i.vListInitialiseItem                    0x0800379a   Section        0  list.o(i.vListInitialiseItem)
    i.vListInsert                            0x080037a0   Section        0  list.o(i.vListInsert)
    i.vListInsertEnd                         0x080037d0   Section        0  list.o(i.vListInsertEnd)
    i.vMainConfigureTimerForRunTimeStats     0x080037e8   Section        0  freertos.o(i.vMainConfigureTimerForRunTimeStats)
    i.vPortEnterCritical                     0x08003808   Section        0  port.o(i.vPortEnterCritical)
    i.vPortExitCritical                      0x08003820   Section        0  port.o(i.vPortExitCritical)
    i.vPortYield                             0x0800383c   Section        0  port.o(i.vPortYield)
    i.vRegisterCLICommands                   0x08003854   Section        0  aos_cli.o(i.vRegisterCLICommands)
    i.vUARTCommandConsoleStart               0x08003884   Section        0  uart-interrupt-driven-command-console.o(i.vUARTCommandConsoleStart)
    i.writePxITMutex                         0x080038b4   Section        0  aos_pd_usart.o(i.writePxITMutex)
    i.writePxMutex                           0x080038e8   Section        0  aos_pd_usart.o(i.writePxMutex)
    i.xPortSysTickHandler                    0x0800392c   Section        0  port.o(i.xPortSysTickHandler)
    i.xTaskGenericNotify                     0x08003950   Section        0  tasks.o(i.xTaskGenericNotify)
    privileged_functions                     0x080039f8   Section        0  queue.o(privileged_functions)
    prvUnlockQueue                           0x08003ab9   Thumb Code   106  queue.o(privileged_functions)
    prvIsQueueFull                           0x08003b23   Thumb Code    30  queue.o(privileged_functions)
    prvCopyDataToQueue                       0x08003b41   Thumb Code   118  queue.o(privileged_functions)
    prvIsQueueEmpty                          0x08003d55   Thumb Code    28  queue.o(privileged_functions)
    prvCopyDataFromQueue                     0x08003d71   Thumb Code    36  queue.o(privileged_functions)
    privileged_functions                     0x080041c8   Section        0  port.o(privileged_functions)
    privileged_functions                     0x08004228   Section        0  tasks.o(privileged_functions)
    prvInitialiseTaskLists                   0x08004229   Thumb Code    78  tasks.o(privileged_functions)
    prvInitialiseTCBVariables                0x08004277   Thumb Code    82  tasks.o(privileged_functions)
    prvAllocateTCBAndStack                   0x080042c9   Thumb Code    68  tasks.o(privileged_functions)
    prvAddCurrentTaskToDelayedList           0x080045b3   Thumb Code    50  tasks.o(privileged_functions)
    prvTaskIsTaskSuspended                   0x0800480b   Thumb Code    40  tasks.o(privileged_functions)
    prvDeleteTCB                             0x080048f7   Thumb Code    18  tasks.o(privileged_functions)
    prvCheckTasksWaitingTermination          0x08004909   Thumb Code    80  tasks.o(privileged_functions)
    prvTaskCheckFreeStackSpace               0x080049b3   Thumb Code    20  tasks.o(privileged_functions)
    prvListTaskWithinSingleList              0x080049c7   Thumb Code   158  tasks.o(privileged_functions)
    privileged_functions                     0x08004e80   Section        0  heap_4.o(privileged_functions)
    .constdata                               0x08004f88   Section       16  stm32f0xx_hal_rcc.o(.constdata)
    .constdata                               0x08004f98   Section       80  aos_cli.o(.constdata)
    prvRunTimeStatsCommandDefinition         0x08004f98   Data          16  aos_cli.o(.constdata)
    prvTaskStatsCommandDefinition            0x08004fa8   Data          16  aos_cli.o(.constdata)
    pingCommandDefinition                    0x08004fb8   Data          16  aos_cli.o(.constdata)
    sampleCommandDefinition                  0x08004fc8   Data          16  aos_cli.o(.constdata)
    bootloaderUpdateCommandDefinition        0x08004fd8   Data          16  aos_cli.o(.constdata)
    .constdata                               0x08004fe8   Section       20  tasks.o(.constdata)
    ucExpectedStackBytes                     0x08004fe8   Data          20  tasks.o(.constdata)
    .constdata                               0x08004ffc   Section       16  freertos_cli.o(.constdata)
    xHelpCommand                             0x08004ffc   Data          16  freertos_cli.o(.constdata)
    .constdata                               0x0800500c   Section      129  ctype_o.o(.constdata)
    .constdata                               0x08005090   Section        4  ctype_o.o(.constdata)
    table                                    0x08005090   Data           4  ctype_o.o(.constdata)
    .conststring                             0x08005094   Section      823  aos_cli.o(.conststring)
    .conststring                             0x080053cc   Section       53  freertos_cli.o(.conststring)
    .conststring                             0x08005404   Section      168  freertos_cli.o(.conststring)
    .conststring                             0x080054ac   Section      741  uart-interrupt-driven-command-console.o(.conststring)
    .data                                    0x20000000   Section       36  freertos.o(.data)
    ulClocksPer10thOfAMilliSecond            0x20000000   Data           4  freertos.o(.data)
    .data                                    0x20000024   Section       20  system_stm32f0xx.o(.data)
    .data                                    0x20000038   Section        4  stm32f0xx_hal.o(.data)
    uwTick                                   0x20000038   Data           4  stm32f0xx_hal.o(.data)
    .data                                    0x2000003c   Section        2  aos.o(.data)
    .data                                    0x2000003e   Section        7  aos.o(.data)
    .data                                    0x20000045   Section        1  aos_pd_usart.o(.data)
    .data                                    0x20000046   Section        1  aos_pd_usart.o(.data)
    .data                                    0x20000047   Section        1  aos_pd_usart.o(.data)
    .data                                    0x20000048   Section       12  aos_cli.o(.data)
    pcBootloaderUpdateMessage                0x20000048   Data           4  aos_cli.o(.data)
    pcMessage                                0x2000004c   Data           4  aos_cli.o(.data)
    pcMessage                                0x20000050   Data           4  aos_cli.o(.data)
    .data                                    0x20000054   Section        4  port.o(.data)
    uxCriticalNesting                        0x20000054   Data           4  port.o(.data)
    .data                                    0x20000058   Section       24  heap_4.o(.data)
    pxEnd                                    0x20000058   Data           4  heap_4.o(.data)
    xFreeBytesRemaining                      0x2000005c   Data           4  heap_4.o(.data)
    xMinimumEverFreeBytesRemaining           0x20000060   Data           4  heap_4.o(.data)
    xBlockAllocatedBit                       0x20000064   Data           4  heap_4.o(.data)
    xStart                                   0x20000068   Data           8  heap_4.o(.data)
    .data                                    0x20000070   Section       20  freertos_cli.o(.data)
    pxLastCommandInList                      0x20000070   Data           4  freertos_cli.o(.data)
    pxCommand                                0x20000074   Data           4  freertos_cli.o(.data)
    pxCommand                                0x20000078   Data           4  freertos_cli.o(.data)
    xRegisteredCommands                      0x2000007c   Data           8  freertos_cli.o(.data)
    .data                                    0x20000084   Section       16  uart-interrupt-driven-command-console.o(.data)
    pcWelcomeMessage                         0x20000088   Data           4  uart-interrupt-driven-command-console.o(.data)
    pcNewLine                                0x2000008c   Data           4  uart-interrupt-driven-command-console.o(.data)
    pcEndOfCommandOutputString               0x20000090   Data           4  uart-interrupt-driven-command-console.o(.data)
    .data                                    0x20000094   Section        4  rand.o(.data)
    _rand_state                              0x20000094   Data           4  rand.o(.data)
    .data                                    0x20000098   Section        4  errno.o(.data)
    _errno                                   0x20000098   Data           4  errno.o(.data)
    privileged_data                          0x2000009c   Section      304  tasks.o(privileged_data)
    uxTasksDeleted                           0x200000a0   Data           4  tasks.o(privileged_data)
    uxCurrentNumberOfTasks                   0x200000a4   Data           4  tasks.o(privileged_data)
    xTickCount                               0x200000a8   Data           4  tasks.o(privileged_data)
    uxTopReadyPriority                       0x200000ac   Data           4  tasks.o(privileged_data)
    xSchedulerRunning                        0x200000b0   Data           4  tasks.o(privileged_data)
    uxPendedTicks                            0x200000b4   Data           4  tasks.o(privileged_data)
    xYieldPending                            0x200000b8   Data           4  tasks.o(privileged_data)
    xNumOfOverflows                          0x200000bc   Data           4  tasks.o(privileged_data)
    uxTaskNumber                             0x200000c0   Data           4  tasks.o(privileged_data)
    xNextTaskUnblockTime                     0x200000c4   Data           4  tasks.o(privileged_data)
    uxSchedulerSuspended                     0x200000c8   Data           4  tasks.o(privileged_data)
    ulTaskSwitchedInTime                     0x200000cc   Data           4  tasks.o(privileged_data)
    ulTotalRunTime                           0x200000d0   Data           4  tasks.o(privileged_data)
    pxDelayedTaskList                        0x200000d4   Data           4  tasks.o(privileged_data)
    pxOverflowDelayedTaskList                0x200000d8   Data           4  tasks.o(privileged_data)
    pxReadyTasksLists                        0x200000dc   Data         140  tasks.o(privileged_data)
    xDelayedTaskList1                        0x20000168   Data          20  tasks.o(privileged_data)
    xDelayedTaskList2                        0x2000017c   Data          20  tasks.o(privileged_data)
    xPendingReadyList                        0x20000190   Data          20  tasks.o(privileged_data)
    xTasksWaitingTermination                 0x200001a4   Data          20  tasks.o(privileged_data)
    xSuspendedTaskList                       0x200001b8   Data          20  tasks.o(privileged_data)
    .bss                                     0x200001cc   Section       28  freertos.o(.bss)
    .bss                                     0x200001e8   Section      120  aos.o(.bss)
    .bss                                     0x20000260   Section      672  aos_pd_usart.o(.bss)
    .bss                                     0x20000500   Section       76  aos_pd_adc.o(.bss)
    .bss                                     0x2000054c   Section       64  queue.o(.bss)
    .bss                                     0x2000058c   Section    12288  heap_4.o(.bss)
    ucHeap                                   0x2000058c   Data       12288  heap_4.o(.bss)
    .bss                                     0x2000358c   Section     1024  freertos_cli.o(.bss)
    cOutputBuffer                            0x2000358c   Data        1024  freertos_cli.o(.bss)
    .bss                                     0x2000398c   Section      100  uart-interrupt-driven-command-console.o(.bss)
    cInputString                             0x2000398c   Data          50  uart-interrupt-driven-command-console.o(.bss)
    cLastInputString                         0x200039be   Data          50  uart-interrupt-driven-command-console.o(.bss)
    STACK                                    0x200039f0   Section    12288  startup_stm32f091xc.o(STACK)

    Global Symbols

    Symbol Name                              Value     Ov Type        Size  Object(Section)

    BuildAttributes$$THM_ISAv3M$S$PE$A:L22$X:L11$S22$IEEE1$IW$USESV6$~STKCKD$USESV7$~SHL$OSPACE$ROPI$EBA8$MICROLIB$REQ8$PRES8$EABIv2 0x00000000   Number         0  anon$$obj.o ABSOLUTE
    __ARM_use_no_argv                        0x00000000   Number         0  main.o ABSOLUTE
    _printf_a                                0x00000000   Number         0  stubs.o ABSOLUTE
    _printf_c                                0x00000000   Number         0  stubs.o ABSOLUTE
    _printf_charcount                        0x00000000   Number         0  stubs.o ABSOLUTE
    _printf_d                                0x00000000   Number         0  stubs.o ABSOLUTE
    _printf_e                                0x00000000   Number         0  stubs.o ABSOLUTE
    _printf_f                                0x00000000   Number         0  stubs.o ABSOLUTE
    _printf_flags                            0x00000000   Number         0  stubs.o ABSOLUTE
    _printf_fp_dec                           0x00000000   Number         0  stubs.o ABSOLUTE
    _printf_fp_hex                           0x00000000   Number         0  stubs.o ABSOLUTE
    _printf_g                                0x00000000   Number         0  stubs.o ABSOLUTE
    _printf_i                                0x00000000   Number         0  stubs.o ABSOLUTE
    _printf_int_dec                          0x00000000   Number         0  stubs.o ABSOLUTE
    _printf_l                                0x00000000   Number         0  stubs.o ABSOLUTE
    _printf_lc                               0x00000000   Number         0  stubs.o ABSOLUTE
    _printf_ll                               0x00000000   Number         0  stubs.o ABSOLUTE
    _printf_lld                              0x00000000   Number         0  stubs.o ABSOLUTE
    _printf_lli                              0x00000000   Number         0  stubs.o ABSOLUTE
    _printf_llo                              0x00000000   Number         0  stubs.o ABSOLUTE
    _printf_llu                              0x00000000   Number         0  stubs.o ABSOLUTE
    _printf_llx                              0x00000000   Number         0  stubs.o ABSOLUTE
    _printf_longlong_dec                     0x00000000   Number         0  stubs.o ABSOLUTE
    _printf_longlong_hex                     0x00000000   Number         0  stubs.o ABSOLUTE
    _printf_longlong_oct                     0x00000000   Number         0  stubs.o ABSOLUTE
    _printf_ls                               0x00000000   Number         0  stubs.o ABSOLUTE
    _printf_mbtowc                           0x00000000   Number         0  stubs.o ABSOLUTE
    _printf_n                                0x00000000   Number         0  stubs.o ABSOLUTE
    _printf_o                                0x00000000   Number         0  stubs.o ABSOLUTE
    _printf_p                                0x00000000   Number         0  stubs.o ABSOLUTE
    _printf_percent                          0x00000000   Number         0  stubs.o ABSOLUTE
    _printf_pre_padding                      0x00000000   Number         0  stubs.o ABSOLUTE
    _printf_return_value                     0x00000000   Number         0  stubs.o ABSOLUTE
    _printf_s                                0x00000000   Number         0  stubs.o ABSOLUTE
    _printf_sizespec                         0x00000000   Number         0  stubs.o ABSOLUTE
    _printf_str                              0x00000000   Number         0  stubs.o ABSOLUTE
    _printf_truncate_signed                  0x00000000   Number         0  stubs.o ABSOLUTE
    _printf_truncate_unsigned                0x00000000   Number         0  stubs.o ABSOLUTE
    _printf_u                                0x00000000   Number         0  stubs.o ABSOLUTE
    _printf_wc                               0x00000000   Number         0  stubs.o ABSOLUTE
    _printf_wctomb                           0x00000000   Number         0  stubs.o ABSOLUTE
    _printf_widthprec                        0x00000000   Number         0  stubs.o ABSOLUTE
    _printf_x                                0x00000000   Number         0  stubs.o ABSOLUTE
    __cpp_initialize__aeabi_                  - Undefined Weak Reference
    __cxa_finalize                            - Undefined Weak Reference
    _clock_init                               - Undefined Weak Reference
    _microlib_exit                            - Undefined Weak Reference
    __Vectors_Size                           0x000000bc   Number         0  startup_stm32f091xc.o ABSOLUTE
    __Vectors                                0x08000000   Data           4  startup_stm32f091xc.o(RESET)
    __Vectors_End                            0x080000bc   Data           0  startup_stm32f091xc.o(RESET)
    __main                                   0x080000bd   Thumb Code     0  entry.o(.ARM.Collect$$$$00000000)
    _main_stk                                0x080000bd   Thumb Code     0  entry2.o(.ARM.Collect$$$$00000001)
    _main_scatterload                        0x080000c1   Thumb Code     0  entry5.o(.ARM.Collect$$$$00000004)
    __main_after_scatterload                 0x080000c5   Thumb Code     0  entry5.o(.ARM.Collect$$$$00000004)
    _main_clock                              0x080000c5   Thumb Code     0  entry7b.o(.ARM.Collect$$$$00000008)
    _main_cpp_init                           0x080000c5   Thumb Code     0  entry8b.o(.ARM.Collect$$$$0000000A)
    _main_init                               0x080000c5   Thumb Code     0  entry9a.o(.ARM.Collect$$$$0000000B)
    __rt_final_cpp                           0x080000cd   Thumb Code     0  entry10a.o(.ARM.Collect$$$$0000000D)
    __rt_final_exit                          0x080000cd   Thumb Code     0  entry11a.o(.ARM.Collect$$$$0000000F)
    __asm___6_port_c_39a90d8d__prvPortStartFirstTask 0x080000d1   Thumb Code    28  port.o(.emb_text)
    ulSetInterruptMaskFromISR                0x080000f1   Thumb Code     8  port.o(.emb_text)
    vClearInterruptMaskFromISR               0x080000f9   Thumb Code     6  port.o(.emb_text)
    PendSV_Handler                           0x080000ff   Thumb Code    62  port.o(.emb_text)
    Reset_Handler                            0x08000141   Thumb Code    20  startup_stm32f091xc.o(.text)
    Reboot_Loader                            0x08000155   Thumb Code    22  startup_stm32f091xc.o(.text)
    NMI_Handler                              0x0800016b   Thumb Code     2  startup_stm32f091xc.o(.text)
    HardFault_Handler                        0x0800016d   Thumb Code     2  startup_stm32f091xc.o(.text)
    ADC1_COMP_IRQHandler                     0x08000175   Thumb Code     0  startup_stm32f091xc.o(.text)
    CEC_CAN_IRQHandler                       0x08000175   Thumb Code     0  startup_stm32f091xc.o(.text)
    DMA1_Ch1_IRQHandler                      0x08000175   Thumb Code     0  startup_stm32f091xc.o(.text)
    DMA1_Ch2_3_DMA2_Ch1_2_IRQHandler         0x08000175   Thumb Code     0  startup_stm32f091xc.o(.text)
    DMA1_Ch4_7_DMA2_Ch3_5_IRQHandler         0x08000175   Thumb Code     0  startup_stm32f091xc.o(.text)
    EXTI0_1_IRQHandler                       0x08000175   Thumb Code     0  startup_stm32f091xc.o(.text)
    EXTI2_3_IRQHandler                       0x08000175   Thumb Code     0  startup_stm32f091xc.o(.text)
    EXTI4_15_IRQHandler                      0x08000175   Thumb Code     0  startup_stm32f091xc.o(.text)
    FLASH_IRQHandler                         0x08000175   Thumb Code     0  startup_stm32f091xc.o(.text)
    I2C1_IRQHandler                          0x08000175   Thumb Code     0  startup_stm32f091xc.o(.text)
    I2C2_IRQHandler                          0x08000175   Thumb Code     0  startup_stm32f091xc.o(.text)
    PVD_VDDIO2_IRQHandler                    0x08000175   Thumb Code     0  startup_stm32f091xc.o(.text)
    RCC_CRS_IRQHandler                       0x08000175   Thumb Code     0  startup_stm32f091xc.o(.text)
    RTC_IRQHandler                           0x08000175   Thumb Code     0  startup_stm32f091xc.o(.text)
    SPI1_IRQHandler                          0x08000175   Thumb Code     0  startup_stm32f091xc.o(.text)
    SPI2_IRQHandler                          0x08000175   Thumb Code     0  startup_stm32f091xc.o(.text)
    TIM14_IRQHandler                         0x08000175   Thumb Code     0  startup_stm32f091xc.o(.text)
    TIM15_IRQHandler                         0x08000175   Thumb Code     0  startup_stm32f091xc.o(.text)
    TIM16_IRQHandler                         0x08000175   Thumb Code     0  startup_stm32f091xc.o(.text)
    TIM17_IRQHandler                         0x08000175   Thumb Code     0  startup_stm32f091xc.o(.text)
    TIM1_BRK_UP_TRG_COM_IRQHandler           0x08000175   Thumb Code     0  startup_stm32f091xc.o(.text)
    TIM1_CC_IRQHandler                       0x08000175   Thumb Code     0  startup_stm32f091xc.o(.text)
    TIM3_IRQHandler                          0x08000175   Thumb Code     0  startup_stm32f091xc.o(.text)
    TIM6_DAC_IRQHandler                      0x08000175   Thumb Code     0  startup_stm32f091xc.o(.text)
    TIM7_IRQHandler                          0x08000175   Thumb Code     0  startup_stm32f091xc.o(.text)
    TSC_IRQHandler                           0x08000175   Thumb Code     0  startup_stm32f091xc.o(.text)
    WWDG_IRQHandler                          0x08000175   Thumb Code     0  startup_stm32f091xc.o(.text)
    __aeabi_uidiv                            0x08000199   Thumb Code     0  uidiv.o(.text)
    __aeabi_uidivmod                         0x08000199   Thumb Code    44  uidiv.o(.text)
    __aeabi_llsr                             0x080001c5   Thumb Code    34  llushr.o(.text)
    _ll_ushift_r                             0x080001c5   Thumb Code     0  llushr.o(.text)
    rand                                     0x080001e9   Thumb Code    18  rand.o(.text)
    srand                                    0x080001fb   Thumb Code     6  rand.o(.text)
    __aeabi_memcpy                           0x0800020d   Thumb Code    36  memcpya.o(.text)
    __aeabi_memcpy4                          0x0800020d   Thumb Code     0  memcpya.o(.text)
    __aeabi_memcpy8                          0x0800020d   Thumb Code     0  memcpya.o(.text)
    __aeabi_memset                           0x08000231   Thumb Code    14  memseta.o(.text)
    __aeabi_memset4                          0x08000231   Thumb Code     0  memseta.o(.text)
    __aeabi_memset8                          0x08000231   Thumb Code     0  memseta.o(.text)
    __aeabi_memclr                           0x0800023f   Thumb Code     4  memseta.o(.text)
    __aeabi_memclr4                          0x0800023f   Thumb Code     0  memseta.o(.text)
    __aeabi_memclr8                          0x0800023f   Thumb Code     0  memseta.o(.text)
    _memset$wrapper                          0x08000243   Thumb Code    18  memseta.o(.text)
    strcat                                   0x08000255   Thumb Code    24  strcat.o(.text)
    strncpy                                  0x0800026d   Thumb Code    26  strncpy.o(.text)
    strlen                                   0x08000287   Thumb Code    14  strlen.o(.text)
    memcmp                                   0x08000295   Thumb Code    26  memcmp.o(.text)
    strcpy                                   0x080002af   Thumb Code    18  strcpy.o(.text)
    strncmp                                  0x080002c1   Thumb Code    30  strncmp.o(.text)
    atoi                                     0x080002df   Thumb Code    26  atoi.o(.text)
    __aeabi_uldivmod                         0x080002f9   Thumb Code    96  uldiv.o(.text)
    strtol                                   0x08000359   Thumb Code   108  strtol.o(.text)
    __scatterload                            0x080003c9   Thumb Code    28  init.o(.text)
    __scatterload_rt2                        0x080003c9   Thumb Code     0  init.o(.text)
    __aeabi_llsl                             0x080003ed   Thumb Code    32  llshl.o(.text)
    _ll_shift_l                              0x080003ed   Thumb Code     0  llshl.o(.text)
    __rt_ctype_table                         0x0800040d   Thumb Code     4  ctype_o.o(.text)
    _strtoul                                 0x08000415   Thumb Code   166  _strtoul.o(.text)
    _chval                                   0x080004bb   Thumb Code    30  _chval.o(.text)
    __decompress                             0x080004d9   Thumb Code     0  __dczerorl.o(.text)
    __decompress0                            0x080004d9   Thumb Code    58  __dczerorl.o(.text)
    AOS_init                                 0x08000679   Thumb Code   138  aos.o(i.AOS_init)
    FreeRTOS_CLIGetOutputBuffer              0x08000711   Thumb Code     4  freertos_cli.o(i.FreeRTOS_CLIGetOutputBuffer)
    FreeRTOS_CLIProcessCommand               0x08000719   Thumb Code   174  freertos_cli.o(i.FreeRTOS_CLIProcessCommand)
    FreeRTOS_CLIRegisterCommand              0x080007d5   Thumb Code    54  freertos_cli.o(i.FreeRTOS_CLIRegisterCommand)
    FrontEndTask                             0x08000811   Thumb Code     8  main.o(i.FrontEndTask)
    GetPort                                  0x08000819   Thumb Code    66  aos.o(i.GetPort)
    GetUart                                  0x08000875   Thumb Code    46  aos.o(i.GetUart)
    HAL_ADC_ConfigChannel                    0x080008bd   Thumb Code   292  stm32f0xx_hal_adc.o(i.HAL_ADC_ConfigChannel)
    HAL_ADC_GetValue                         0x080009f1   Thumb Code    12  stm32f0xx_hal_adc.o(i.HAL_ADC_GetValue)
    HAL_ADC_Init                             0x080009fd   Thumb Code   346  stm32f0xx_hal_adc.o(i.HAL_ADC_Init)
    HAL_ADC_MspInit                          0x08000b61   Thumb Code    52  aos_pd_adc.o(i.HAL_ADC_MspInit)
    HAL_ADC_PollForConversion                0x08000ba1   Thumb Code   190  stm32f0xx_hal_adc.o(i.HAL_ADC_PollForConversion)
    HAL_ADC_Start                            0x08000c61   Thumb Code    90  stm32f0xx_hal_adc.o(i.HAL_ADC_Start)
    HAL_ADC_Stop                             0x08000cc1   Thumb Code    62  stm32f0xx_hal_adc.o(i.HAL_ADC_Stop)
    HAL_Delay                                0x08000cff   Thumb Code    22  stm32f0xx_hal.o(i.HAL_Delay)
    HAL_GPIO_Init                            0x08000d15   Thumb Code   314  stm32f0xx_hal_gpio.o(i.HAL_GPIO_Init)
    HAL_GPIO_WritePin                        0x08000e6d   Thumb Code    12  stm32f0xx_hal_gpio.o(i.HAL_GPIO_WritePin)
    HAL_GetTick                              0x08000e79   Thumb Code     6  stm32f0xx_hal.o(i.HAL_GetTick)
    HAL_IncTick                              0x08000e85   Thumb Code    10  stm32f0xx_hal.o(i.HAL_IncTick)
    HAL_Init                                 0x08000e95   Thumb Code    26  stm32f0xx_hal.o(i.HAL_Init)
    HAL_InitTick                             0x08000eb5   Thumb Code    34  stm32f0xx_hal.o(i.HAL_InitTick)
    HAL_MspInit                              0x08000ed7   Thumb Code     2  stm32f0xx_hal.o(i.HAL_MspInit)
    HAL_NVIC_EnableIRQ                       0x08000ed9   Thumb Code    14  stm32f0xx_hal_cortex.o(i.HAL_NVIC_EnableIRQ)
    HAL_NVIC_SetPriority                     0x08000eed   Thumb Code     8  stm32f0xx_hal_cortex.o(i.HAL_NVIC_SetPriority)
    HAL_RCCEx_PeriphCLKConfig                0x08000ef5   Thumb Code   248  stm32f0xx_hal_rcc_ex.o(i.HAL_RCCEx_PeriphCLKConfig)
    HAL_RCC_ClockConfig                      0x08000ff9   Thumb Code   546  stm32f0xx_hal_rcc.o(i.HAL_RCC_ClockConfig)
    HAL_RCC_GetHCLKFreq                      0x08001229   Thumb Code    26  stm32f0xx_hal_rcc.o(i.HAL_RCC_GetHCLKFreq)
    HAL_RCC_GetPCLK1Freq                     0x08001251   Thumb Code    22  stm32f0xx_hal_rcc.o(i.HAL_RCC_GetPCLK1Freq)
    HAL_RCC_GetSysClockFreq                  0x08001271   Thumb Code   120  stm32f0xx_hal_rcc.o(i.HAL_RCC_GetSysClockFreq)
    HAL_RCC_OscConfig                        0x08001315   Thumb Code  1206  stm32f0xx_hal_rcc.o(i.HAL_RCC_OscConfig)
    HAL_SYSTICK_Config                       0x080017cd   Thumb Code    38  stm32f0xx_hal_cortex.o(i.HAL_SYSTICK_Config)
    HAL_TIMEx_BreakCallback                  0x080017fd   Thumb Code     2  stm32f0xx_hal_tim_ex.o(i.HAL_TIMEx_BreakCallback)
    HAL_TIMEx_CommutationCallback            0x080017ff   Thumb Code     2  stm32f0xx_hal_tim_ex.o(i.HAL_TIMEx_CommutationCallback)
    HAL_TIMEx_MasterConfigSynchronization    0x08001801   Thumb Code    72  stm32f0xx_hal_tim_ex.o(i.HAL_TIMEx_MasterConfigSynchronization)
    HAL_TIM_Base_Init                        0x08001849   Thumb Code    54  stm32f0xx_hal_tim.o(i.HAL_TIM_Base_Init)
    HAL_TIM_Base_MspInit                     0x0800187f   Thumb Code     2  stm32f0xx_hal_tim.o(i.HAL_TIM_Base_MspInit)
    HAL_TIM_IC_CaptureCallback               0x08001881   Thumb Code     2  stm32f0xx_hal_tim.o(i.HAL_TIM_IC_CaptureCallback)
    HAL_TIM_IRQHandler                       0x08001883   Thumb Code   362  stm32f0xx_hal_tim.o(i.HAL_TIM_IRQHandler)
    HAL_TIM_OC_DelayElapsedCallback          0x080019ed   Thumb Code     2  stm32f0xx_hal_tim.o(i.HAL_TIM_OC_DelayElapsedCallback)
    HAL_TIM_PWM_PulseFinishedCallback        0x080019ef   Thumb Code     2  stm32f0xx_hal_tim.o(i.HAL_TIM_PWM_PulseFinishedCallback)
    HAL_TIM_PeriodElapsedCallback            0x080019f1   Thumb Code     2  stm32f0xx_hal_tim.o(i.HAL_TIM_PeriodElapsedCallback)
    HAL_TIM_TriggerCallback                  0x080019f3   Thumb Code     2  stm32f0xx_hal_tim.o(i.HAL_TIM_TriggerCallback)
    HAL_UARTEx_WakeupCallback                0x080019f5   Thumb Code     2  stm32f0xx_hal_uart_ex.o(i.HAL_UARTEx_WakeupCallback)
    HAL_UART_ErrorCallback                   0x080019f7   Thumb Code     2  stm32f0xx_hal_uart.o(i.HAL_UART_ErrorCallback)
    HAL_UART_IRQHandler                      0x080019f9   Thumb Code   228  stm32f0xx_hal_uart_ex.o(i.HAL_UART_IRQHandler)
    HAL_UART_Init                            0x08001add   Thumb Code   114  stm32f0xx_hal_uart.o(i.HAL_UART_Init)
    HAL_UART_MspInit                         0x08001b51   Thumb Code   474  aos_pd_usart.o(i.HAL_UART_MspInit)
    HAL_UART_Receive                         0x08001d59   Thumb Code   254  stm32f0xx_hal_uart.o(i.HAL_UART_Receive)
    HAL_UART_RxCpltCallback                  0x08001e5d   Thumb Code    30  stm32f0xx_it.o(i.HAL_UART_RxCpltCallback)
    HAL_UART_Transmit                        0x08001e85   Thumb Code   196  stm32f0xx_hal_uart.o(i.HAL_UART_Transmit)
    HAL_UART_Transmit_IT                     0x08001f49   Thumb Code   102  stm32f0xx_hal_uart.o(i.HAL_UART_Transmit_IT)
    HAL_UART_TxCpltCallback                  0x08001fb1   Thumb Code    30  stm32f0xx_it.o(i.HAL_UART_TxCpltCallback)
    IND_LED_Init                             0x08001fd9   Thumb Code    34  aos_pd_gpio.o(i.IND_LED_Init)
    MX_ADC_Init                              0x08001ffd   Thumb Code    64  aos_pd_adc.o(i.MX_ADC_Init)
    MX_FREERTOS_Init                         0x08002045   Thumb Code   284  freertos.o(i.MX_FREERTOS_Init)
    MX_GPIO_Init                             0x080021c1   Thumb Code    68  aos_pd_gpio.o(i.MX_GPIO_Init)
    MX_TIM2_Init                             0x08002209   Thumb Code    68  aos.o(i.MX_TIM2_Init)
    MX_TIM7_Init                             0x08002255   Thumb Code    56  aos.o(i.MX_TIM7_Init)
    MX_UART_Init                             0x08002299   Thumb Code    28  aos_pd_usart.o(i.MX_UART_Init)
    MX_USART1_UART_Init                      0x080022b5   Thumb Code    38  aos_pd_usart.o(i.MX_USART1_UART_Init)
    MX_USART2_UART_Init                      0x080022e9   Thumb Code    38  aos_pd_usart.o(i.MX_USART2_UART_Init)
    MX_USART3_UART_Init                      0x0800231d   Thumb Code    38  aos_pd_usart.o(i.MX_USART3_UART_Init)
    MX_USART4_UART_Init                      0x08002351   Thumb Code    38  aos_pd_usart.o(i.MX_USART4_UART_Init)
    MX_USART7_UART_Init                      0x08002385   Thumb Code    38  aos_pd_usart.o(i.MX_USART7_UART_Init)
    MX_USART8_UART_Init                      0x080023b9   Thumb Code    38  aos_pd_usart.o(i.MX_USART8_UART_Init)
    PxTask                                   0x08002431   Thumb Code    70  freertos.o(i.PxTask)
    SVC_Handler                              0x08002485   Thumb Code     2  port.o(i.SVC_Handler)
    SamplePD                                 0x08002489   Thumb Code    42  aos_pd_adc.o(i.SamplePD)
    StartDefaultTask                         0x080024b9   Thumb Code    12  freertos.o(i.StartDefaultTask)
    SysTick_Handler                          0x080024c5   Thumb Code    12  stm32f0xx_it.o(i.SysTick_Handler)
    SystemClock_Config                       0x080024d1   Thumb Code   102  aos.o(i.SystemClock_Config)
    SystemInit                               0x08002541   Thumb Code    76  system_stm32f0xx.o(i.SystemInit)
    TIM2_IRQHandler                          0x0800259d   Thumb Code    10  stm32f0xx_it.o(i.TIM2_IRQHandler)
    TIM_Base_SetConfig                       0x080025ad   Thumb Code   116  stm32f0xx_hal_tim.o(i.TIM_Base_SetConfig)
    UART_AdvFeatureConfig                    0x08002639   Thumb Code   202  stm32f0xx_hal_uart.o(i.UART_AdvFeatureConfig)
    UART_CheckIdleState                      0x08002705   Thumb Code   100  stm32f0xx_hal_uart.o(i.UART_CheckIdleState)
    UART_EndTransmit_IT                      0x08002779   Thumb Code    50  stm32f0xx_hal_uart.o(i.UART_EndTransmit_IT)
    UART_Receive_IT                          0x080027ab   Thumb Code   146  stm32f0xx_hal_uart.o(i.UART_Receive_IT)
    UART_SetConfig                           0x0800283d   Thumb Code   446  stm32f0xx_hal_uart.o(i.UART_SetConfig)
    UART_Transmit_IT                         0x08002a2d   Thumb Code   112  stm32f0xx_hal_uart.o(i.UART_Transmit_IT)
    UART_WaitOnFlagUntilTimeout              0x08002a9d   Thumb Code   198  stm32f0xx_hal_uart.o(i.UART_WaitOnFlagUntilTimeout)
    USART1_IRQHandler                        0x08002b65   Thumb Code    10  stm32f0xx_it.o(i.USART1_IRQHandler)
    USART2_IRQHandler                        0x08002b75   Thumb Code    10  stm32f0xx_it.o(i.USART2_IRQHandler)
    USART3_8_IRQHandler                      0x08002b85   Thumb Code    28  stm32f0xx_it.o(i.USART3_8_IRQHandler)
    __0sprintf$8                             0x08002bb1   Thumb Code    36  printf8.o(i.__0sprintf$8)
    __1sprintf$8                             0x08002bb1   Thumb Code     0  printf8.o(i.__0sprintf$8)
    __2sprintf                               0x08002bb1   Thumb Code     0  printf8.o(i.__0sprintf$8)
    __ARM_common_switch8                     0x08002bd9   Thumb Code    26  stm32f0xx_hal_tim.o(i.__ARM_common_switch8)
    __aeabi_errno_addr                       0x08002bf5   Thumb Code     4  errno.o(i.__aeabi_errno_addr)
    __rt_errno_addr                          0x08002bf5   Thumb Code     0  errno.o(i.__aeabi_errno_addr)
    __scatterload_copy                       0x08002bfd   Thumb Code    14  handlers.o(i.__scatterload_copy)
    __scatterload_null                       0x08002c0b   Thumb Code     2  handlers.o(i.__scatterload_null)
    __scatterload_zeroinit                   0x08002c0d   Thumb Code    14  handlers.o(i.__scatterload_zeroinit)
    main                                     0x0800311d   Thumb Code    14  main.o(i.main)
    osDelay                                  0x0800312b   Thumb Code    16  cmsis_os.o(i.osDelay)
    osKernelStart                            0x0800313b   Thumb Code    10  cmsis_os.o(i.osKernelStart)
    osSemaphoreCreate                        0x08003145   Thumb Code    48  cmsis_os.o(i.osSemaphoreCreate)
    osSemaphoreRelease                       0x08003175   Thumb Code    72  cmsis_os.o(i.osSemaphoreRelease)
    osSemaphoreWait                          0x080031c1   Thumb Code   100  cmsis_os.o(i.osSemaphoreWait)
    osSystickHandler                         0x08003229   Thumb Code    16  cmsis_os.o(i.osSystickHandler)
    pvTaskIncrementMutexHeldCount            0x08003579   Thumb Code    20  tasks.o(i.pvTaskIncrementMutexHeldCount)
    readPxMutex                              0x08003591   Thumb Code    64  aos_pd_usart.o(i.readPxMutex)
    ulMainGetRunTimeCounterValue             0x08003601   Thumb Code    60  freertos.o(i.ulMainGetRunTimeCounterValue)
    ulTaskNotifyTake                         0x0800364d   Thumb Code   118  tasks.o(i.ulTaskNotifyTake)
    uxListRemove                             0x080036cd   Thumb Code    36  list.o(i.uxListRemove)
    uxTaskGetSystemState                     0x080036f1   Thumb Code   130  tasks.o(i.uxTaskGetSystemState)
    vApplicationMallocFailedHook             0x0800377d   Thumb Code     4  stm32f0xx_it.o(i.vApplicationMallocFailedHook)
    vApplicationStackOverflowHook            0x08003781   Thumb Code     4  stm32f0xx_it.o(i.vApplicationStackOverflowHook)
    vListInitialise                          0x08003785   Thumb Code    22  list.o(i.vListInitialise)
    vListInitialiseItem                      0x0800379b   Thumb Code     6  list.o(i.vListInitialiseItem)
    vListInsert                              0x080037a1   Thumb Code    48  list.o(i.vListInsert)
    vListInsertEnd                           0x080037d1   Thumb Code    24  list.o(i.vListInsertEnd)
    vMainConfigureTimerForRunTimeStats       0x080037e9   Thumb Code    18  freertos.o(i.vMainConfigureTimerForRunTimeStats)
    vPortEnterCritical                       0x08003809   Thumb Code    20  port.o(i.vPortEnterCritical)
    vPortExitCritical                        0x08003821   Thumb Code    24  port.o(i.vPortExitCritical)
    vPortYield                               0x0800383d   Thumb Code    18  port.o(i.vPortYield)
    vRegisterCLICommands                     0x08003855   Thumb Code    42  aos_cli.o(i.vRegisterCLICommands)
    vUARTCommandConsoleStart                 0x08003885   Thumb Code    30  uart-interrupt-driven-command-console.o(i.vUARTCommandConsoleStart)
    writePxITMutex                           0x080038b5   Thumb Code    46  aos_pd_usart.o(i.writePxITMutex)
    writePxMutex                             0x080038e9   Thumb Code    64  aos_pd_usart.o(i.writePxMutex)
    xPortSysTickHandler                      0x0800392d   Thumb Code    32  port.o(i.xPortSysTickHandler)
    xTaskGenericNotify                       0x08003951   Thumb Code   162  tasks.o(i.xTaskGenericNotify)
    xQueueGenericReset                       0x080039f9   Thumb Code   108  queue.o(privileged_functions)
    xQueueGenericCreate                      0x08003a65   Thumb Code    84  queue.o(privileged_functions)
    xQueueGenericSend                        0x08003bb7   Thumb Code   276  queue.o(privileged_functions)
    xQueueCreateMutex                        0x08003ccb   Thumb Code    84  queue.o(privileged_functions)
    xQueueGiveMutexRecursive                 0x08003d1f   Thumb Code    54  queue.o(privileged_functions)
    xQueueGenericReceive                     0x08003d95   Thumb Code   312  queue.o(privileged_functions)
    xQueueTakeMutexRecursive                 0x08003ecd   Thumb Code    58  queue.o(privileged_functions)
    xQueueCreateCountingSemaphore            0x08003f07   Thumb Code    44  queue.o(privileged_functions)
    xQueueGenericSendFromISR                 0x08003f33   Thumb Code   132  queue.o(privileged_functions)
    xQueueGiveFromISR                        0x08003fb7   Thumb Code   116  queue.o(privileged_functions)
    xQueueReceiveFromISR                     0x0800402b   Thumb Code   114  queue.o(privileged_functions)
    xQueuePeekFromISR                        0x0800409d   Thumb Code    80  queue.o(privileged_functions)
    uxQueueMessagesWaiting                   0x080040ed   Thumb Code    26  queue.o(privileged_functions)
    uxQueueSpacesAvailable                   0x08004107   Thumb Code    30  queue.o(privileged_functions)
    uxQueueMessagesWaitingFromISR            0x08004125   Thumb Code    12  queue.o(privileged_functions)
    vQueueUnregisterQueue                    0x08004131   Thumb Code    30  queue.o(privileged_functions)
    vQueueDelete                             0x0800414f   Thumb Code    26  queue.o(privileged_functions)
    uxQueueGetQueueNumber                    0x08004169   Thumb Code     4  queue.o(privileged_functions)
    vQueueSetQueueNumber                     0x0800416d   Thumb Code     4  queue.o(privileged_functions)
    ucQueueGetQueueType                      0x08004171   Thumb Code     6  queue.o(privileged_functions)
    xQueueIsQueueEmptyFromISR                0x08004177   Thumb Code    22  queue.o(privileged_functions)
    xQueueIsQueueFullFromISR                 0x0800418d   Thumb Code    24  queue.o(privileged_functions)
    vQueueAddToRegistry                      0x080041a5   Thumb Code    32  queue.o(privileged_functions)
    pxPortInitialiseStack                    0x080041c9   Thumb Code    26  port.o(privileged_functions)
    xPortStartScheduler                      0x080041e3   Thumb Code    40  port.o(privileged_functions)
    vPortEndScheduler                        0x0800420b   Thumb Code    18  port.o(privileged_functions)
    xTaskGenericCreate                       0x0800430d   Thumb Code   224  tasks.o(privileged_functions)
    vTaskDelete                              0x080043ed   Thumb Code   106  tasks.o(privileged_functions)
    xTaskIncrementTick                       0x08004457   Thumb Code   188  tasks.o(privileged_functions)
    xTaskResumeAll                           0x08004513   Thumb Code   160  tasks.o(privileged_functions)
    vTaskSuspendAll                          0x080045e5   Thumb Code    12  tasks.o(privileged_functions)
    vTaskDelay                               0x080045f1   Thumb Code    66  tasks.o(privileged_functions)
    uxTaskPriorityGet                        0x08004633   Thumb Code    26  tasks.o(privileged_functions)
    uxTaskPriorityGetFromISR                 0x0800464d   Thumb Code    26  tasks.o(privileged_functions)
    vTaskPrioritySet                         0x08004667   Thumb Code   144  tasks.o(privileged_functions)
    vTaskSwitchContext                       0x080046f7   Thumb Code   158  tasks.o(privileged_functions)
    vTaskSuspend                             0x08004795   Thumb Code   118  tasks.o(privileged_functions)
    vTaskResume                              0x08004833   Thumb Code    88  tasks.o(privileged_functions)
    xTaskResumeFromISR                       0x0800488b   Thumb Code   108  tasks.o(privileged_functions)
    vTaskStartScheduler                      0x08004959   Thumb Code    56  tasks.o(privileged_functions)
    vTaskEndScheduler                        0x08004991   Thumb Code    16  tasks.o(privileged_functions)
    xTaskGetTickCount                        0x080049a1   Thumb Code     6  tasks.o(privileged_functions)
    xTaskGetTickCountFromISR                 0x080049a7   Thumb Code     6  tasks.o(privileged_functions)
    uxTaskGetNumberOfTasks                   0x080049ad   Thumb Code     6  tasks.o(privileged_functions)
    vTaskPlaceOnEventList                    0x08004a65   Thumb Code    56  tasks.o(privileged_functions)
    vTaskPlaceOnUnorderedEventList           0x08004a9d   Thumb Code    76  tasks.o(privileged_functions)
    xTaskRemoveFromEventList                 0x08004ae9   Thumb Code    98  tasks.o(privileged_functions)
    xTaskRemoveFromUnorderedEventList        0x08004b4b   Thumb Code    90  tasks.o(privileged_functions)
    vTaskSetTimeOutState                     0x08004ba5   Thumb Code    20  tasks.o(privileged_functions)
    xTaskCheckForTimeOut                     0x08004bb9   Thumb Code    90  tasks.o(privileged_functions)
    vTaskMissedYield                         0x08004c13   Thumb Code     8  tasks.o(privileged_functions)
    uxTaskGetTaskNumber                      0x08004c1b   Thumb Code    12  tasks.o(privileged_functions)
    vTaskSetTaskNumber                       0x08004c27   Thumb Code     8  tasks.o(privileged_functions)
    xTaskGetCurrentTaskHandle                0x08004c2f   Thumb Code     6  tasks.o(privileged_functions)
    xTaskGetSchedulerState                   0x08004c35   Thumb Code    26  tasks.o(privileged_functions)
    vTaskPriorityInherit                     0x08004c4f   Thumb Code    96  tasks.o(privileged_functions)
    xTaskPriorityDisinherit                  0x08004caf   Thumb Code    94  tasks.o(privileged_functions)
    vTaskList                                0x08004d0d   Thumb Code   150  tasks.o(privileged_functions)
    vTaskGetRunTimeStats                     0x08004da3   Thumb Code   152  tasks.o(privileged_functions)
    uxTaskResetEventItemValue                0x08004e3b   Thumb Code    70  tasks.o(privileged_functions)
    pvPortMalloc                             0x08004e81   Thumb Code   182  heap_4.o(privileged_functions)
    vPortFree                                0x08004f37   Thumb Code    62  heap_4.o(privileged_functions)
    xPortGetFreeHeapSize                     0x08004f75   Thumb Code     6  heap_4.o(privileged_functions)
    xPortGetMinimumEverFreeHeapSize          0x08004f7b   Thumb Code     6  heap_4.o(privileged_functions)
    vPortInitialiseBlocks                    0x08004f81   Thumb Code     2  heap_4.o(privileged_functions)
    aAPBAHBPrescTable                        0x08004f88   Data          16  stm32f0xx_hal_rcc.o(.constdata)
    __ctype_table                            0x0800500c   Data         129  ctype_o.o(.constdata)
    Region$$Table$$Base                      0x08005794   Number         0  anon$$obj.o(Region$$Table)
    Region$$Table$$Limit                     0x080057b4   Number         0  anon$$obj.o(Region$$Table)
    defaultTaskHandle                        0x20000004   Data           4  freertos.o(.data)
    FrontEndTaskHandle                       0x20000008   Data           4  freertos.o(.data)
    P1TaskHandle                             0x2000000c   Data           4  freertos.o(.data)
    P2TaskHandle                             0x20000010   Data           4  freertos.o(.data)
    P3TaskHandle                             0x20000014   Data           4  freertos.o(.data)
    P4TaskHandle                             0x20000018   Data           4  freertos.o(.data)
    P5TaskHandle                             0x2000001c   Data           4  freertos.o(.data)
    P6TaskHandle                             0x20000020   Data           4  freertos.o(.data)
    SystemCoreClock                          0x20000024   Data           4  system_stm32f0xx.o(.data)
    AHBPrescTable                            0x20000028   Data          16  system_stm32f0xx.o(.data)
    myID                                     0x2000003c   Data           2  aos.o(.data)
    portStatus                               0x2000003e   Data           7  aos.o(.data)
    UartRxReady                              0x20000045   Data           1  aos_pd_usart.o(.data)
    UartTxReady                              0x20000046   Data           1  aos_pd_usart.o(.data)
    PcPort                                   0x20000047   Data           1  aos_pd_usart.o(.data)
    xCommandConsoleTask                      0x20000084   Data           4  uart-interrupt-driven-command-console.o(.data)
    pxCurrentTCB                             0x2000009c   Data           4  tasks.o(privileged_data)
    PxSemaphoreHandle                        0x200001cc   Data          28  freertos.o(.bss)
    htim2                                    0x200001e8   Data          60  aos.o(.bss)
    htim7                                    0x20000224   Data          60  aos.o(.bss)
    huart1                                   0x20000260   Data         112  aos_pd_usart.o(.bss)
    huart2                                   0x200002d0   Data         112  aos_pd_usart.o(.bss)
    huart3                                   0x20000340   Data         112  aos_pd_usart.o(.bss)
    huart4                                   0x200003b0   Data         112  aos_pd_usart.o(.bss)
    huart7                                   0x20000420   Data         112  aos_pd_usart.o(.bss)
    huart8                                   0x20000490   Data         112  aos_pd_usart.o(.bss)
    hadc                                     0x20000500   Data          76  aos_pd_adc.o(.bss)
    xQueueRegistry                           0x2000054c   Data          64  queue.o(.bss)
    __initial_sp                             0x200069f0   Data           0  startup_stm32f091xc.o(STACK)



==============================================================================

Memory Map of the image

  Image Entry point : 0x080000bd

  Load Region LR_IROM1 (Base: 0x08000000, Size: 0x00005980, Max: 0x00040000, ABSOLUTE, COMPRESSED[0x000057f4])

    Execution Region ER_IROM1 (Base: 0x08000000, Size: 0x000057b4, Max: 0x00040000, ABSOLUTE)

    Base Addr    Size         Type   Attr      Idx    E Section Name        Object

    0x08000000   0x000000bc   Data   RO         3569    RESET               startup_stm32f091xc.o
    0x080000bc   0x00000000   Code   RO         3574  * .ARM.Collect$$$$00000000  mc_p.l(entry.o)
    0x080000bc   0x00000004   Code   RO         3865    .ARM.Collect$$$$00000001  mc_p.l(entry2.o)
    0x080000c0   0x00000004   Code   RO         3868    .ARM.Collect$$$$00000004  mc_p.l(entry5.o)
    0x080000c4   0x00000000   Code   RO         3870    .ARM.Collect$$$$00000008  mc_p.l(entry7b.o)
    0x080000c4   0x00000000   Code   RO         3872    .ARM.Collect$$$$0000000A  mc_p.l(entry8b.o)
    0x080000c4   0x00000008   Code   RO         3873    .ARM.Collect$$$$0000000B  mc_p.l(entry9a.o)
    0x080000cc   0x00000000   Code   RO         3875    .ARM.Collect$$$$0000000D  mc_p.l(entry10a.o)
    0x080000cc   0x00000000   Code   RO         3877    .ARM.Collect$$$$0000000F  mc_p.l(entry11a.o)
    0x080000cc   0x00000004   Code   RO         3866    .ARM.Collect$$$$00002712  mc_p.l(entry2.o)
    0x080000d0   0x00000070   Code   RO         2986    .emb_text           port.o
    0x08000140   0x00000058   Code   RO         3570    .text               startup_stm32f091xc.o
    0x08000198   0x0000002c   Code   RO         3577    .text               mc_p.l(uidiv.o)
    0x080001c4   0x00000022   Code   RO         3579    .text               mc_p.l(llushr.o)
    0x080001e6   0x00000002   PAD
    0x080001e8   0x00000024   Code   RO         3581    .text               mc_p.l(rand.o)
    0x0800020c   0x00000024   Code   RO         3584    .text               mc_p.l(memcpya.o)
    0x08000230   0x00000024   Code   RO         3586    .text               mc_p.l(memseta.o)
    0x08000254   0x00000018   Code   RO         3588    .text               mc_p.l(strcat.o)
    0x0800026c   0x0000001a   Code   RO         3590    .text               mc_p.l(strncpy.o)
    0x08000286   0x0000000e   Code   RO         3592    .text               mc_p.l(strlen.o)
    0x08000294   0x0000001a   Code   RO         3594    .text               mc_p.l(memcmp.o)
    0x080002ae   0x00000012   Code   RO         3596    .text               mc_p.l(strcpy.o)
    0x080002c0   0x0000001e   Code   RO         3598    .text               mc_p.l(strncmp.o)
    0x080002de   0x0000001a   Code   RO         3863    .text               mc_p.l(atoi.o)
    0x080002f8   0x00000060   Code   RO         3882    .text               mc_p.l(uldiv.o)
    0x08000358   0x00000070   Code   RO         3891    .text               mc_p.l(strtol.o)
    0x080003c8   0x00000024   Code   RO         3904    .text               mc_p.l(init.o)
    0x080003ec   0x00000020   Code   RO         3907    .text               mc_p.l(llshl.o)
    0x0800040c   0x00000008   Code   RO         3911    .text               mc_p.l(ctype_o.o)
    0x08000414   0x000000a6   Code   RO         3939    .text               mc_p.l(_strtoul.o)
    0x080004ba   0x0000001e   Code   RO         3946    .text               mc_p.l(_chval.o)
    0x080004d8   0x0000003a   Code   RO         3956    .text               mc_p.l(__dczerorl.o)
    0x08000512   0x00000052   Code   RO         2401    i.ADC_ConversionStop  stm32f0xx_hal_adc.o
    0x08000564   0x00000076   Code   RO         2405    i.ADC_Disable       stm32f0xx_hal_adc.o
    0x080005da   0x00000002   PAD
    0x080005dc   0x0000009c   Code   RO         2406    i.ADC_Enable        stm32f0xx_hal_adc.o
    0x08000678   0x00000098   Code   RO         2577    i.AOS_init          aos.o
    0x08000710   0x00000008   Code   RO         3488    i.FreeRTOS_CLIGetOutputBuffer  freertos_cli.o
    0x08000718   0x000000bc   Code   RO         3490    i.FreeRTOS_CLIProcessCommand  freertos_cli.o
    0x080007d4   0x0000003c   Code   RO         3491    i.FreeRTOS_CLIRegisterCommand  freertos_cli.o
    0x08000810   0x00000008   Code   RO          301    i.FrontEndTask      main.o
    0x08000818   0x0000005c   Code   RO         2578    i.GetPort           aos.o
    0x08000874   0x00000048   Code   RO         2579    i.GetUart           aos.o
    0x080008bc   0x00000134   Code   RO         2408    i.HAL_ADC_ConfigChannel  stm32f0xx_hal_adc.o
    0x080009f0   0x0000000c   Code   RO         2415    i.HAL_ADC_GetValue  stm32f0xx_hal_adc.o
    0x080009fc   0x00000164   Code   RO         2417    i.HAL_ADC_Init      stm32f0xx_hal_adc.o
    0x08000b60   0x00000040   Code   RO         2773    i.HAL_ADC_MspInit   aos_pd_adc.o
    0x08000ba0   0x000000be   Code   RO         2421    i.HAL_ADC_PollForConversion  stm32f0xx_hal_adc.o
    0x08000c5e   0x00000002   PAD
    0x08000c60   0x00000060   Code   RO         2423    i.HAL_ADC_Start     stm32f0xx_hal_adc.o
    0x08000cc0   0x0000003e   Code   RO         2426    i.HAL_ADC_Stop      stm32f0xx_hal_adc.o
    0x08000cfe   0x00000016   Code   RO         1279    i.HAL_Delay         stm32f0xx_hal.o
    0x08000d14   0x00000158   Code   RO         1395    i.HAL_GPIO_Init     stm32f0xx_hal_gpio.o
    0x08000e6c   0x0000000c   Code   RO         1399    i.HAL_GPIO_WritePin  stm32f0xx_hal_gpio.o
    0x08000e78   0x0000000c   Code   RO         1283    i.HAL_GetTick       stm32f0xx_hal.o
    0x08000e84   0x00000010   Code   RO         1284    i.HAL_IncTick       stm32f0xx_hal.o
    0x08000e94   0x00000020   Code   RO         1285    i.HAL_Init          stm32f0xx_hal.o
    0x08000eb4   0x00000022   Code   RO         1286    i.HAL_InitTick      stm32f0xx_hal.o
    0x08000ed6   0x00000002   Code   RO         1288    i.HAL_MspInit       stm32f0xx_hal.o
    0x08000ed8   0x00000014   Code   RO          742    i.HAL_NVIC_EnableIRQ  stm32f0xx_hal_cortex.o
    0x08000eec   0x00000008   Code   RO          746    i.HAL_NVIC_SetPriority  stm32f0xx_hal_cortex.o
    0x08000ef4   0x00000104   Code   RO         1224    i.HAL_RCCEx_PeriphCLKConfig  stm32f0xx_hal_rcc_ex.o
    0x08000ff8   0x00000230   Code   RO          461    i.HAL_RCC_ClockConfig  stm32f0xx_hal_rcc.o
    0x08001228   0x00000028   Code   RO          466    i.HAL_RCC_GetHCLKFreq  stm32f0xx_hal_rcc.o
    0x08001250   0x00000020   Code   RO          468    i.HAL_RCC_GetPCLK1Freq  stm32f0xx_hal_rcc.o
    0x08001270   0x000000a4   Code   RO          469    i.HAL_RCC_GetSysClockFreq  stm32f0xx_hal_rcc.o
    0x08001314   0x000004b6   Code   RO          472    i.HAL_RCC_OscConfig  stm32f0xx_hal_rcc.o
    0x080017ca   0x00000002   PAD
    0x080017cc   0x00000030   Code   RO          750    i.HAL_SYSTICK_Config  stm32f0xx_hal_cortex.o
    0x080017fc   0x00000002   Code   RO         2166    i.HAL_TIMEx_BreakCallback  stm32f0xx_hal_tim_ex.o
    0x080017fe   0x00000002   Code   RO         2167    i.HAL_TIMEx_CommutationCallback  stm32f0xx_hal_tim_ex.o
    0x08001800   0x00000048   Code   RO         2183    i.HAL_TIMEx_MasterConfigSynchronization  stm32f0xx_hal_tim_ex.o
    0x08001848   0x00000036   Code   RO         1529    i.HAL_TIM_Base_Init  stm32f0xx_hal_tim.o
    0x0800187e   0x00000002   Code   RO         1531    i.HAL_TIM_Base_MspInit  stm32f0xx_hal_tim.o
    0x08001880   0x00000002   Code   RO         1558    i.HAL_TIM_IC_CaptureCallback  stm32f0xx_hal_tim.o
    0x08001882   0x0000016a   Code   RO         1571    i.HAL_TIM_IRQHandler  stm32f0xx_hal_tim.o
    0x080019ec   0x00000002   Code   RO         1574    i.HAL_TIM_OC_DelayElapsedCallback  stm32f0xx_hal_tim.o
    0x080019ee   0x00000002   Code   RO         1601    i.HAL_TIM_PWM_PulseFinishedCallback  stm32f0xx_hal_tim.o
    0x080019f0   0x00000002   Code   RO         1608    i.HAL_TIM_PeriodElapsedCallback  stm32f0xx_hal_tim.o
    0x080019f2   0x00000002   Code   RO         1612    i.HAL_TIM_TriggerCallback  stm32f0xx_hal_tim.o
    0x080019f4   0x00000002   Code   RO         1461    i.HAL_UARTEx_WakeupCallback  stm32f0xx_hal_uart_ex.o
    0x080019f6   0x00000002   Code   RO          913    i.HAL_UART_ErrorCallback  stm32f0xx_hal_uart.o
    0x080019f8   0x000000e4   Code   RO         1462    i.HAL_UART_IRQHandler  stm32f0xx_hal_uart_ex.o
    0x08001adc   0x00000072   Code   RO          916    i.HAL_UART_Init     stm32f0xx_hal_uart.o
    0x08001b4e   0x00000002   PAD
    0x08001b50   0x00000208   Code   RO         2649    i.HAL_UART_MspInit  aos_pd_usart.o
    0x08001d58   0x00000104   Code   RO          919    i.HAL_UART_Receive  stm32f0xx_hal_uart.o
    0x08001e5c   0x00000028   Code   RO          232    i.HAL_UART_RxCpltCallback  stm32f0xx_it.o
    0x08001e84   0x000000c4   Code   RO          924    i.HAL_UART_Transmit  stm32f0xx_hal_uart.o
    0x08001f48   0x00000066   Code   RO          926    i.HAL_UART_Transmit_IT  stm32f0xx_hal_uart.o
    0x08001fae   0x00000002   PAD
    0x08001fb0   0x00000028   Code   RO          233    i.HAL_UART_TxCpltCallback  stm32f0xx_it.o
    0x08001fd8   0x00000022   Code   RO         2746    i.IND_LED_Init      aos_pd_gpio.o
    0x08001ffa   0x00000002   PAD
    0x08001ffc   0x00000048   Code   RO         2774    i.MX_ADC_Init       aos_pd_adc.o
    0x08002044   0x0000017c   Code   RO            3    i.MX_FREERTOS_Init  freertos.o
    0x080021c0   0x00000048   Code   RO         2747    i.MX_GPIO_Init      aos_pd_gpio.o
    0x08002208   0x0000004c   Code   RO         2580    i.MX_TIM2_Init      aos.o
    0x08002254   0x00000044   Code   RO         2581    i.MX_TIM7_Init      aos.o
    0x08002298   0x0000001c   Code   RO         2650    i.MX_UART_Init      aos_pd_usart.o
    0x080022b4   0x00000034   Code   RO         2651    i.MX_USART1_UART_Init  aos_pd_usart.o
    0x080022e8   0x00000034   Code   RO         2652    i.MX_USART2_UART_Init  aos_pd_usart.o
    0x0800231c   0x00000034   Code   RO         2653    i.MX_USART3_UART_Init  aos_pd_usart.o
    0x08002350   0x00000034   Code   RO         2654    i.MX_USART4_UART_Init  aos_pd_usart.o
    0x08002384   0x00000034   Code   RO         2655    i.MX_USART7_UART_Init  aos_pd_usart.o
    0x080023b8   0x00000034   Code   RO         2656    i.MX_USART8_UART_Init  aos_pd_usart.o
    0x080023ec   0x00000044   Code   RO          752    i.NVIC_SetPriority  stm32f0xx_hal_cortex.o
    0x08002430   0x00000054   Code   RO            4    i.PxTask            freertos.o
    0x08002484   0x00000002   Code   RO         2987    i.SVC_Handler       port.o
    0x08002486   0x00000002   PAD
    0x08002488   0x00000030   Code   RO         2775    i.SamplePD          aos_pd_adc.o
    0x080024b8   0x0000000c   Code   RO            5    i.StartDefaultTask  freertos.o
    0x080024c4   0x0000000c   Code   RO          234    i.SysTick_Handler   stm32f0xx_it.o
    0x080024d0   0x00000070   Code   RO         2582    i.SystemClock_Config  aos.o
    0x08002540   0x0000005c   Code   RO          329    i.SystemInit        system_stm32f0xx.o
    0x0800259c   0x00000010   Code   RO          235    i.TIM2_IRQHandler   stm32f0xx_it.o
    0x080025ac   0x0000008c   Code   RO         1613    i.TIM_Base_SetConfig  stm32f0xx_hal_tim.o
    0x08002638   0x000000ca   Code   RO          929    i.UART_AdvFeatureConfig  stm32f0xx_hal_uart.o
    0x08002702   0x00000002   PAD
    0x08002704   0x00000074   Code   RO          930    i.UART_CheckIdleState  stm32f0xx_hal_uart.o
    0x08002778   0x00000032   Code   RO          936    i.UART_EndTransmit_IT  stm32f0xx_hal_uart.o
    0x080027aa   0x00000092   Code   RO          937    i.UART_Receive_IT   stm32f0xx_hal_uart.o
    0x0800283c   0x000001f0   Code   RO          938    i.UART_SetConfig    stm32f0xx_hal_uart.o
    0x08002a2c   0x00000070   Code   RO          939    i.UART_Transmit_IT  stm32f0xx_hal_uart.o
    0x08002a9c   0x000000c6   Code   RO          940    i.UART_WaitOnFlagUntilTimeout  stm32f0xx_hal_uart.o
    0x08002b62   0x00000002   PAD
    0x08002b64   0x00000010   Code   RO          236    i.USART1_IRQHandler  stm32f0xx_it.o
    0x08002b74   0x00000010   Code   RO          237    i.USART2_IRQHandler  stm32f0xx_it.o
    0x08002b84   0x0000002c   Code   RO          238    i.USART3_8_IRQHandler  stm32f0xx_it.o
    0x08002bb0   0x00000028   Code   RO         3811    i.__0sprintf$8      mc_p.l(printf8.o)
    0x08002bd8   0x0000001a   Code   RO         2159    i.__ARM_common_switch8  stm32f0xx_hal_tim.o
    0x08002bf2   0x00000002   PAD
    0x08002bf4   0x00000008   Code   RO         3884    i.__aeabi_errno_addr  mc_p.l(errno.o)
    0x08002bfc   0x0000000e   Code   RO         3950    i.__scatterload_copy  mc_p.l(handlers.o)
    0x08002c0a   0x00000002   Code   RO         3951    i.__scatterload_null  mc_p.l(handlers.o)
    0x08002c0c   0x0000000e   Code   RO         3952    i.__scatterload_zeroinit  mc_p.l(handlers.o)
    0x08002c1a   0x00000002   PAD
    0x08002c1c   0x00000428   Code   RO         3816    i._printf_core      mc_p.l(printf8.o)
    0x08003044   0x00000020   Code   RO         3817    i._printf_post_padding  mc_p.l(printf8.o)
    0x08003064   0x0000002c   Code   RO         3818    i._printf_pre_padding  mc_p.l(printf8.o)
    0x08003090   0x0000000a   Code   RO         3820    i._sputc            mc_p.l(printf8.o)
    0x0800309a   0x00000002   PAD
    0x0800309c   0x00000070   Code   RO         2816    i.bootloaderUpdateCommand  aos_cli.o
    0x0800310c   0x00000010   Code   RO         3155    i.inHandlerMode     cmsis_os.o
    0x0800311c   0x0000000e   Code   RO          302    i.main              main.o
    0x0800312a   0x00000010   Code   RO         3158    i.osDelay           cmsis_os.o
    0x0800313a   0x0000000a   Code   RO         3161    i.osKernelStart     cmsis_os.o
    0x08003144   0x00000030   Code   RO         3184    i.osSemaphoreCreate  cmsis_os.o
    0x08003174   0x0000004c   Code   RO         3186    i.osSemaphoreRelease  cmsis_os.o
    0x080031c0   0x00000068   Code   RO         3187    i.osSemaphoreWait   cmsis_os.o
    0x08003228   0x00000010   Code   RO         3190    i.osSystickHandler  cmsis_os.o
    0x08003238   0x00000050   Code   RO         2817    i.pingCommand       aos_cli.o
    0x08003288   0x0000002e   Code   RO         3492    i.prvGetNumberOfParameters  freertos_cli.o
    0x080032b6   0x00000002   PAD
    0x080032b8   0x0000004c   Code   RO         3130    i.prvHeapInit       heap_4.o
    0x08003304   0x00000034   Code   RO         3493    i.prvHelpCommand    freertos_cli.o
    0x08003338   0x00000018   Code   RO         3050    i.prvIdleTask       tasks.o
    0x08003350   0x00000054   Code   RO         3131    i.prvInsertBlockIntoFreeList  heap_4.o
    0x080033a4   0x00000024   Code   RO         3051    i.prvResetNextTaskUnblockTime  tasks.o
    0x080033c8   0x0000002c   Code   RO         2818    i.prvRunTimeStatsCommand  aos_cli.o
    0x080033f4   0x00000024   Code   RO         2988    i.prvSetupTimerInterrupt  port.o
    0x08003418   0x00000014   Code   RO         2989    i.prvTaskExitError  port.o
    0x0800342c   0x0000002c   Code   RO         2819    i.prvTaskStatsCommand  aos_cli.o
    0x08003458   0x000000fc   Code   RO         3539    i.prvUARTCommandConsoleTask  uart-interrupt-driven-command-console.o
    0x08003554   0x00000024   Code   RO         3052    i.prvWriteNameToBuffer  tasks.o
    0x08003578   0x00000018   Code   RO         3053    i.pvTaskIncrementMutexHeldCount  tasks.o
    0x08003590   0x00000044   Code   RO         2658    i.readPxMutex       aos_pd_usart.o
    0x080035d4   0x0000002c   Code   RO         2820    i.sampleCommand     aos_cli.o
    0x08003600   0x0000004c   Code   RO            6    i.ulMainGetRunTimeCounterValue  freertos.o
    0x0800364c   0x00000080   Code   RO         3054    i.ulTaskNotifyTake  tasks.o
    0x080036cc   0x00000024   Code   RO         2866    i.uxListRemove      list.o
    0x080036f0   0x0000008c   Code   RO         3055    i.uxTaskGetSystemState  tasks.o
    0x0800377c   0x00000004   Code   RO          239    i.vApplicationMallocFailedHook  stm32f0xx_it.o
    0x08003780   0x00000004   Code   RO          240    i.vApplicationStackOverflowHook  stm32f0xx_it.o
    0x08003784   0x00000016   Code   RO         2867    i.vListInitialise   list.o
    0x0800379a   0x00000006   Code   RO         2868    i.vListInitialiseItem  list.o
    0x080037a0   0x00000030   Code   RO         2869    i.vListInsert       list.o
    0x080037d0   0x00000018   Code   RO         2870    i.vListInsertEnd    list.o
    0x080037e8   0x00000020   Code   RO            7    i.vMainConfigureTimerForRunTimeStats  freertos.o
    0x08003808   0x00000018   Code   RO         2990    i.vPortEnterCritical  port.o
    0x08003820   0x0000001c   Code   RO         2991    i.vPortExitCritical  port.o
    0x0800383c   0x00000018   Code   RO         2992    i.vPortYield        port.o
    0x08003854   0x00000030   Code   RO         2821    i.vRegisterCLICommands  aos_cli.o
    0x08003884   0x00000030   Code   RO         3540    i.vUARTCommandConsoleStart  uart-interrupt-driven-command-console.o
    0x080038b4   0x00000034   Code   RO         2659    i.writePxITMutex    aos_pd_usart.o
    0x080038e8   0x00000044   Code   RO         2660    i.writePxMutex      aos_pd_usart.o
    0x0800392c   0x00000024   Code   RO         2993    i.xPortSysTickHandler  port.o
    0x08003950   0x000000a8   Code   RO         3057    i.xTaskGenericNotify  tasks.o
    0x080039f8   0x000007d0   Code   RO         2968    privileged_functions  queue.o
    0x080041c8   0x00000060   Code   RO         2994    privileged_functions  port.o
    0x08004228   0x00000c58   Code   RO         3060    privileged_functions  tasks.o
    0x08004e80   0x00000108   Code   RO         3132    privileged_functions  heap_4.o
    0x08004f88   0x00000010   Data   RO          473    .constdata          stm32f0xx_hal_rcc.o
    0x08004f98   0x00000050   Data   RO         2822    .constdata          aos_cli.o
    0x08004fe8   0x00000014   Data   RO         3061    .constdata          tasks.o
    0x08004ffc   0x00000010   Data   RO         3495    .constdata          freertos_cli.o
    0x0800500c   0x00000081   Data   RO         3912    .constdata          mc_p.l(ctype_o.o)
    0x0800508d   0x00000003   PAD
    0x08005090   0x00000004   Data   RO         3913    .constdata          mc_p.l(ctype_o.o)
    0x08005094   0x00000337   Data   RO         2823    .conststring        aos_cli.o
    0x080053cb   0x00000001   PAD
    0x080053cc   0x00000035   Data   RO         3496    .conststring        freertos_cli.o
    0x08005401   0x00000003   PAD
    0x08005404   0x000000a8   Data   RO         3497    .conststring        freertos_cli.o
    0x080054ac   0x000002e5   Data   RO         3542    .conststring        uart-interrupt-driven-command-console.o
    0x08005791   0x00000003   PAD
    0x08005794   0x00000020   Data   RO         3948    Region$$Table       anon$$obj.o


    Execution Region RW_IRAM1 (Base: 0x20000000, Size: 0x000069f0, Max: 0x00008000, ABSOLUTE, COMPRESSED[0x00000040])

    Base Addr    Size         Type   Attr      Idx    E Section Name        Object

    0x20000000   0x00000024   Data   RW            9    .data               freertos.o
    0x20000024   0x00000014   Data   RW          330    .data               system_stm32f0xx.o
    0x20000038   0x00000004   Data   RW         1291    .data               stm32f0xx_hal.o
    0x2000003c   0x00000002   Data   RW         2587    .data               aos.o
    0x2000003e   0x00000007   Data   RW         2589    .data               aos.o
    0x20000045   0x00000001   Data   RW         2662    .data               aos_pd_usart.o
    0x20000046   0x00000001   Data   RW         2663    .data               aos_pd_usart.o
    0x20000047   0x00000001   Data   RW         2664    .data               aos_pd_usart.o
    0x20000048   0x0000000c   Data   RW         2824    .data               aos_cli.o
    0x20000054   0x00000004   Data   RW         2995    .data               port.o
    0x20000058   0x00000018   Data   RW         3134    .data               heap_4.o
    0x20000070   0x00000014   Data   RW         3498    .data               freertos_cli.o
    0x20000084   0x00000010   Data   RW         3543    .data               uart-interrupt-driven-command-console.o
    0x20000094   0x00000004   Data   RW         3582    .data               mc_p.l(rand.o)
    0x20000098   0x00000004   Data   RW         3887    .data               mc_p.l(errno.o)
    0x2000009c   0x00000130   Data   RW         3062    privileged_data     tasks.o
    0x200001cc   0x0000001c   Zero   RW            8    .bss                freertos.o
    0x200001e8   0x00000078   Zero   RW         2585    .bss                aos.o
    0x20000260   0x000002a0   Zero   RW         2661    .bss                aos_pd_usart.o
    0x20000500   0x0000004c   Zero   RW         2776    .bss                aos_pd_adc.o
    0x2000054c   0x00000040   Zero   RW         2969    .bss                queue.o
    0x2000058c   0x00003000   Zero   RW         3133    .bss                heap_4.o
    0x2000358c   0x00000400   Zero   RW         3494    .bss                freertos_cli.o
    0x2000398c   0x00000064   Zero   RW         3541    .bss                uart-interrupt-driven-command-console.o
    0x200039f0   0x00003000   Zero   RW         3567    STACK               startup_stm32f091xc.o


==============================================================================

Image component sizes


      Code (inc. data)   RO Data    RW Data    ZI Data      Debug   Object Name

       572        106          0          9        120       4185   aos.o
       372         80        903         12          0      10559   aos_cli.o
       184         26          0          0         76       2126   aos_pd_adc.o
       106          4          0          0          0       1418   aos_pd_gpio.o
      1048        144          0          3        672       7711   aos_pd_usart.o
       286          8          0          0          0      10584   cmsis_os.o
       584        140          0         36         28     316732   freertos.o
       354         30        237         20       1024       5461   freertos_cli.o
       424         22          0         24      12288       4344   heap_4.o
       136          0          0          0          0       4846   list.o
        22          0          0          0          0        838   main.o
       378         54          0          4          0       6972   port.o
      2000          4          0          0         64      12846   queue.o
        88         34        188          0      12288        772   startup_stm32f091xc.o
       118         18          0          4          0       4004   stm32f0xx_hal.o
      1380         46          0          0          0       7745   stm32f0xx_hal_adc.o
       144         24          0          0          0       8685   stm32f0xx_hal_cortex.o
       356         30          0          0          0       2392   stm32f0xx_hal_gpio.o
      2002         96         16          0          0       6669   stm32f0xx_hal_rcc.o
       260         12          0          0          0       1456   stm32f0xx_hal_rcc_ex.o
       594         24          0          0          0       5834   stm32f0xx_hal_tim.o
        76          0          0          0          0       2230   stm32f0xx_hal_tim_ex.o
      1994         72          0          0          0      10559   stm32f0xx_hal_uart.o
       230          0          0          0          0       1694   stm32f0xx_hal_uart_ex.o
       192         54          0          0          0       4868   stm32f0xx_it.o
        92         16          0         20          0       1309   system_stm32f0xx.o
      3716        128         20        304          0      22564   tasks.o
       300         30        741         16        100       2385   uart-interrupt-driven-command-console.o

    ----------------------------------------------------------------------
     18030       1202       2144        452      26660     471788   Object Totals
         0          0         32          0          0          0   (incl. Generated)
        22          0          7          0          0          0   (incl. Padding)

    ----------------------------------------------------------------------

      Code (inc. data)   RO Data    RW Data    ZI Data      Debug   Library Member Name

        58          0          0          0          0          0   __dczerorl.o
        30          0          0          0          0         60   _chval.o
       166          0          0          0          0         84   _strtoul.o
        26          0          0          0          0         72   atoi.o
         8          4        133          0          0         60   ctype_o.o
         0          0          0          0          0          0   entry.o
         0          0          0          0          0          0   entry10a.o
         0          0          0          0          0          0   entry11a.o
         8          4          0          0          0          0   entry2.o
         4          0          0          0          0          0   entry5.o
         0          0          0          0          0          0   entry7b.o
         0          0          0          0          0          0   entry8b.o
         8          4          0          0          0          0   entry9a.o
         8          4          0          4          0         60   errno.o
        30          0          0          0          0          0   handlers.o
        36          8          0          0          0         68   init.o
        32          0          0          0          0         68   llshl.o
        34          0          0          0          0         68   llushr.o
        26          0          0          0          0         72   memcmp.o
        36          0          0          0          0         60   memcpya.o
        36          0          0          0          0        100   memseta.o
      1190         48          0          0          0        384   printf8.o
        36         12          0          4          0        120   rand.o
        24          0          0          0          0         60   strcat.o
        18          0          0          0          0         60   strcpy.o
        14          0          0          0          0         60   strlen.o
        30          0          0          0          0         72   strncmp.o
        26          0          0          0          0         68   strncpy.o
       112          4          0          0          0         76   strtol.o
        44          0          0          0          0         72   uidiv.o
        96          0          0          0          0         84   uldiv.o

    ----------------------------------------------------------------------
      2142         88        136          8          0       1828   Library Totals
         6          0          3          0          0          0   (incl. Padding)

    ----------------------------------------------------------------------

      Code (inc. data)   RO Data    RW Data    ZI Data      Debug   Library Name

      2136         88        133          8          0       1828   mc_p.l

    ----------------------------------------------------------------------
      2142         88        136          8          0       1828   Library Totals

    ----------------------------------------------------------------------

==============================================================================


      Code (inc. data)   RO Data    RW Data    ZI Data      Debug   

     20172       1290       2280        460      26660     466704   Grand Totals
     20172       1290       2280         64      26660     466704   ELF Image Totals (compressed)
     20172       1290       2280         64          0          0   ROM Totals

==============================================================================

    Total RO  Size (Code + RO Data)                22452 (  21.93kB)
    Total RW  Size (RW Data + ZI Data)             27120 (  26.48kB)
    Total ROM Size (Code + RO Data + RW Data)      22516 (  21.99kB)

==============================================================================

